> Task :expo-gradle-plugin:expo-autolinking-settings-plugin:checkKotlinGradlePluginConfigurationErrors SKIPPED
> Task :expo-gradle-plugin:expo-autolinking-plugin-shared:checkKotlinGradlePluginConfigurationErrors SKIPPED
> Task :gradle-plugin:shared:checkKotlinGradlePluginConfigurationErrors SKIPPED
> Task :gradle-plugin:settings-plugin:checkKotlinGradlePluginConfigurationErrors SKIPPED
> Task :expo-gradle-plugin:expo-autolinking-settings-plugin:pluginDescriptors UP-TO-DATE
> Task :gradle-plugin:settings-plugin:pluginDescriptors UP-TO-DATE
> Task :expo-gradle-plugin:expo-autolinking-settings-plugin:processResources UP-TO-DATE
> Task :gradle-plugin:settings-plugin:processResources UP-TO-DATE
> Task :gradle-plugin:shared:compileKotlin UP-TO-DATE
> Task :expo-gradle-plugin:expo-autolinking-plugin-shared:compileKotlin UP-TO-DATE
> Task :gradle-plugin:shared:compileJava NO-SOURCE
> Task :expo-gradle-plugin:expo-autolinking-plugin-shared:compileJava NO-SOURCE
> Task :gradle-plugin:shared:processResources NO-SOURCE
> Task :gradle-plugin:shared:classes UP-TO-DATE
> Task :expo-gradle-plugin:expo-autolinking-plugin-shared:processResources NO-SOURCE
> Task :expo-gradle-plugin:expo-autolinking-plugin-shared:classes UP-TO-DATE
> Task :gradle-plugin:shared:jar UP-TO-DATE
> Task :expo-gradle-plugin:expo-autolinking-plugin-shared:jar UP-TO-DATE
> Task :gradle-plugin:settings-plugin:compileKotlin UP-TO-DATE
> Task :gradle-plugin:settings-plugin:compileJava NO-SOURCE
> Task :gradle-plugin:settings-plugin:classes UP-TO-DATE
> Task :gradle-plugin:settings-plugin:jar UP-TO-DATE
> Task :expo-gradle-plugin:expo-autolinking-settings-plugin:compileKotlin UP-TO-DATE
> Task :expo-gradle-plugin:expo-autolinking-settings-plugin:compileJava NO-SOURCE
> Task :expo-gradle-plugin:expo-autolinking-settings-plugin:classes UP-TO-DATE
> Task :expo-gradle-plugin:expo-autolinking-settings-plugin:jar UP-TO-DATE
> Task :expo-gradle-plugin:expo-autolinking-plugin:checkKotlinGradlePluginConfigurationErrors SKIPPED
> Task :gradle-plugin:react-native-gradle-plugin:checkKotlinGradlePluginConfigurationErrors SKIPPED
> Task :expo-module-gradle-plugin:checkKotlinGradlePluginConfigurationErrors SKIPPED
> Task :expo-module-gradle-plugin:pluginDescriptors UP-TO-DATE
> Task :expo-module-gradle-plugin:processResources UP-TO-DATE
> Task :expo-gradle-plugin:expo-autolinking-plugin:compileKotlin UP-TO-DATE
> Task :gradle-plugin:react-native-gradle-plugin:compileKotlin UP-TO-DATE
> Task :expo-gradle-plugin:expo-autolinking-plugin:compileJava NO-SOURCE
> Task :gradle-plugin:react-native-gradle-plugin:compileJava NO-SOURCE
> Task :expo-gradle-plugin:expo-autolinking-plugin:pluginDescriptors UP-TO-DATE
> Task :gradle-plugin:react-native-gradle-plugin:pluginDescriptors UP-TO-DATE
> Task :expo-gradle-plugin:expo-autolinking-plugin:processResources UP-TO-DATE
> Task :expo-gradle-plugin:expo-autolinking-plugin:classes UP-TO-DATE
> Task :gradle-plugin:react-native-gradle-plugin:processResources UP-TO-DATE
> Task :gradle-plugin:react-native-gradle-plugin:classes UP-TO-DATE
> Task :expo-gradle-plugin:expo-autolinking-plugin:jar UP-TO-DATE
> Task :gradle-plugin:react-native-gradle-plugin:jar UP-TO-DATE
> Task :expo-module-gradle-plugin:compileKotlin UP-TO-DATE
> Task :expo-module-gradle-plugin:compileJava NO-SOURCE
> Task :expo-module-gradle-plugin:classes UP-TO-DATE
> Task :expo-module-gradle-plugin:jar UP-TO-DATE

> Configure project :
[32m[ExpoRootProject][0m Using the following versions:
  - buildTools:  [32m36.0.0[0m
  - minSdk:      [32m24[0m
  - compileSdk:  [32m36[0m
  - targetSdk:   [32m36[0m
  - ndk:         [32m27.1.12297006[0m
  - kotlin:      [32m2.1.20[0m
  - ksp:         [32m2.1.20-2.0.1[0m

[Incubating] Problems report is available at: file:///D:/bangosambadApp/android/build/reports/problems/problems-report.html
.\gradlew.bat : 
At line:1 char:13
+ cd android; .\gradlew.bat app:assembleDebug --stacktrace 2>&1 | 
Out-F ...
+             ~~~~~~~~~~~~~~~~~~~~~~~~~~~~~~~~~~~~~~~~~~~~~~~~~
    + CategoryInfo          : NotSpecified: (:String) [], RemoteExcept 
   ion
    + FullyQualifiedErrorId : NativeCommandError
 
FAILURE: Build failed with an exception.

* Where:
Build file 'D:\bangosambadApp\android\app\build.gradle' line: 1

* What went wrong:
A problem occurred evaluating project ':app'.
> Failed to apply plugin 'com.android.internal.application'.
   > Android Gradle plugin requires Java 17 to run. You are currently 
using Java 11.
      Your current JDK is located in C:\Program Files\Eclipse 
Adoptium\jdk-11.0.29.7-hotspot
      You can try some of the following options:
       - changing the IDE settings.
       - changing the JAVA_HOME environment variable.
       - changing `org.gradle.java.home` in `gradle.properties`.

* Try:
> Run with --info or --debug option to get more log output.
> Run with --scan to get full insights.
> Get more help at https://help.gradle.org.

* Exception is:
org.gradle.api.GradleScriptException: A problem occurred evaluating 
project ':app'.
	at org.gradle.groovy.scripts.internal.DefaultScriptRunnerFactory$Scrip
tRunnerImpl.run(DefaultScriptRunnerFactory.java:93)
	at org.gradle.configuration.DefaultScriptPluginFactory$ScriptPluginImp
l.lambda$apply$1(DefaultScriptPluginFactory.java:141)
	at org.gradle.configuration.ProjectScriptTarget.addConfiguration(Proje
ctScriptTarget.java:79)
	at org.gradle.configuration.DefaultScriptPluginFactory$ScriptPluginImp
l.apply(DefaultScriptPluginFactory.java:144)
	at org.gradle.configuration.BuildOperationScriptPlugin$1.run(BuildOper
ationScriptPlugin.java:68)
	at org.gradle.internal.operations.DefaultBuildOperationRunner$1.execut
e(DefaultBuildOperationRunner.java:30)
	at org.gradle.internal.operations.DefaultBuildOperationRunner$1.execut
e(DefaultBuildOperationRunner.java:27)
	at org.gradle.internal.operations.DefaultBuildOperationRunner$2.execut
e(DefaultBuildOperationRunner.java:67)
	at org.gradle.internal.operations.DefaultBuildOperationRunner$2.execut
e(DefaultBuildOperationRunner.java:60)
	at org.gradle.internal.operations.DefaultBuildOperationRunner.execute(
DefaultBuildOperationRunner.java:167)
	at org.gradle.internal.operations.DefaultBuildOperationRunner.execute(
DefaultBuildOperationRunner.java:60)
	at org.gradle.internal.operations.DefaultBuildOperationRunner.run(Defa
ultBuildOperationRunner.java:48)
	at org.gradle.configuration.BuildOperationScriptPlugin.lambda$apply$0(
BuildOperationScriptPlugin.java:65)
	at org.gradle.internal.code.DefaultUserCodeApplicationContext.apply(De
faultUserCodeApplicationContext.java:44)
	at org.gradle.configuration.BuildOperationScriptPlugin.apply(BuildOper
ationScriptPlugin.java:65)
	at org.gradle.api.internal.project.DefaultProjectStateRegistry$Project
StateImpl.lambda$applyToMutableState$1(DefaultProjectStateRegistry.java
:435)
	at org.gradle.api.internal.project.DefaultProjectStateRegistry$Project
StateImpl.fromMutableState(DefaultProjectStateRegistry.java:453)
	at org.gradle.api.internal.project.DefaultProjectStateRegistry$Project
StateImpl.applyToMutableState(DefaultProjectStateRegistry.java:434)
	at org.gradle.configuration.project.BuildScriptProcessor.execute(Build
ScriptProcessor.java:46)
	at org.gradle.configuration.project.BuildScriptProcessor.execute(Build
ScriptProcessor.java:27)
	at org.gradle.configuration.project.ConfigureActionsProjectEvaluator.e
valuate(ConfigureActionsProjectEvaluator.java:35)
	at org.gradle.configuration.project.LifecycleProjectEvaluator$Evaluate
Project.lambda$run$0(LifecycleProjectEvaluator.java:109)
	at org.gradle.api.internal.project.DefaultProjectStateRegistry$Project
StateImpl.lambda$applyToMutableState$1(DefaultProjectStateRegistry.java
:435)
	at org.gradle.api.internal.project.DefaultProjectStateRegistry$Project
StateImpl.lambda$fromMutableState$2(DefaultProjectStateRegistry.java:45
8)
	at org.gradle.internal.work.DefaultWorkerLeaseService.withReplacedLock
s(DefaultWorkerLeaseService.java:359)
	at org.gradle.api.internal.project.DefaultProjectStateRegistry$Project
StateImpl.fromMutableState(DefaultProjectStateRegistry.java:458)
	at org.gradle.api.internal.project.DefaultProjectStateRegistry$Project
StateImpl.applyToMutableState(DefaultProjectStateRegistry.java:434)
	at org.gradle.configuration.project.LifecycleProjectEvaluator$Evaluate
Project.run(LifecycleProjectEvaluator.java:100)
	at org.gradle.internal.operations.DefaultBuildOperationRunner$1.execut
e(DefaultBuildOperationRunner.java:30)
	at org.gradle.internal.operations.DefaultBuildOperationRunner$1.execut
e(DefaultBuildOperationRunner.java:27)
	at org.gradle.internal.operations.DefaultBuildOperationRunner$2.execut
e(DefaultBuildOperationRunner.java:67)
	at org.gradle.internal.operations.DefaultBuildOperationRunner$2.execut
e(DefaultBuildOperationRunner.java:60)
	at org.gradle.internal.operations.DefaultBuildOperationRunner.execute(
DefaultBuildOperationRunner.java:167)
	at org.gradle.internal.operations.DefaultBuildOperationRunner.execute(
DefaultBuildOperationRunner.java:60)
	at org.gradle.internal.operations.DefaultBuildOperationRunner.run(Defa
ultBuildOperationRunner.java:48)
	at org.gradle.configuration.project.LifecycleProjectEvaluator.evaluate
(LifecycleProjectEvaluator.java:72)
	at org.gradle.api.internal.project.DefaultProject.evaluateUnchecked(De
faultProject.java:827)
	at org.gradle.api.internal.project.ProjectLifecycleController.lambda$e
nsureSelfConfigured$2(ProjectLifecycleController.java:88)
	at org.gradle.internal.model.StateTransitionController.lambda$doTransi
tion$14(StateTransitionController.java:255)
	at org.gradle.internal.model.StateTransitionController.doTransition(St
ateTransitionController.java:266)
	at org.gradle.internal.model.StateTransitionController.doTransition(St
ateTransitionController.java:254)
	at org.gradle.internal.model.StateTransitionController.lambda$maybeTra
nsitionIfNotCurrentlyTransitioning$10(StateTransitionController.java:19
9)
	at org.gradle.internal.work.DefaultSynchronizer.withLock(DefaultSynchr
onizer.java:36)
	at org.gradle.internal.model.StateTransitionController.maybeTransition
IfNotCurrentlyTransitioning(StateTransitionController.java:195)
	at org.gradle.api.internal.project.ProjectLifecycleController.ensureSe
lfConfigured(ProjectLifecycleController.java:88)
	at org.gradle.api.internal.project.DefaultProjectStateRegistry$Project
StateImpl.ensureConfigured(DefaultProjectStateRegistry.java:400)
	at org.gradle.api.internal.project.DefaultProject.evaluationDependsOn(
DefaultProject.java:913)
	at org.gradle.api.internal.project.DefaultProject.evaluationDependsOn(
DefaultProject.java:904)
	at com.facebook.react.ReactRootProjectPlugin.apply$lambda$0(ReactRootP
rojectPlugin.kt:26)
	at com.facebook.react.ReactRootProjectPlugin.apply$lambda$1(ReactRootP
rojectPlugin.kt:21)
	at org.gradle.api.internal.DefaultMutationGuard$1.execute(DefaultMutat
ionGuard.java:66)
	at org.gradle.internal.Actions.with(Actions.java:206)
	at org.gradle.api.internal.project.BuildOperationCrossProjectConfigura
tor$1.run(BuildOperationCrossProjectConfigurator.java:68)
	at org.gradle.internal.operations.DefaultBuildOperationRunner$1.execut
e(DefaultBuildOperationRunner.java:30)
	at org.gradle.internal.operations.DefaultBuildOperationRunner$1.execut
e(DefaultBuildOperationRunner.java:27)
	at org.gradle.internal.operations.DefaultBuildOperationRunner$2.execut
e(DefaultBuildOperationRunner.java:67)
	at org.gradle.internal.operations.DefaultBuildOperationRunner$2.execut
e(DefaultBuildOperationRunner.java:60)
	at org.gradle.internal.operations.DefaultBuildOperationRunner.execute(
DefaultBuildOperationRunner.java:167)
	at org.gradle.internal.operations.DefaultBuildOperationRunner.execute(
DefaultBuildOperationRunner.java:60)
	at org.gradle.internal.operations.DefaultBuildOperationRunner.run(Defa
ultBuildOperationRunner.java:48)
	at org.gradle.api.internal.project.BuildOperationCrossProjectConfigura
tor.lambda$runProjectConfigureAction$0(BuildOperationCrossProjectConfig
urator.java:65)
	at org.gradle.api.internal.project.DefaultProjectStateRegistry$Project
StateImpl.lambda$applyToMutableState$1(DefaultProjectStateRegistry.java
:435)
	at org.gradle.api.internal.project.DefaultProjectStateRegistry$Project
StateImpl.lambda$fromMutableState$2(DefaultProjectStateRegistry.java:45
8)
	at org.gradle.internal.work.DefaultWorkerLeaseService.withReplacedLock
s(DefaultWorkerLeaseService.java:359)
	at org.gradle.api.internal.project.DefaultProjectStateRegistry$Project
StateImpl.fromMutableState(DefaultProjectStateRegistry.java:458)
	at org.gradle.api.internal.project.DefaultProjectStateRegistry$Project
StateImpl.applyToMutableState(DefaultProjectStateRegistry.java:434)
	at org.gradle.api.internal.project.BuildOperationCrossProjectConfigura
tor.runProjectConfigureAction(BuildOperationCrossProjectConfigurator.ja
va:65)
	at org.gradle.api.internal.project.BuildOperationCrossProjectConfigura
tor.access$100(BuildOperationCrossProjectConfigurator.java:31)
	at org.gradle.api.internal.project.BuildOperationCrossProjectConfigura
tor$BlockConfigureBuildOperation.run(BuildOperationCrossProjectConfigur
ator.java:106)
	at org.gradle.internal.operations.DefaultBuildOperationRunner$1.execut
e(DefaultBuildOperationRunner.java:30)
	at org.gradle.internal.operations.DefaultBuildOperationRunner$1.execut
e(DefaultBuildOperationRunner.java:27)
	at org.gradle.internal.operations.DefaultBuildOperationRunner$2.execut
e(DefaultBuildOperationRunner.java:67)
	at org.gradle.internal.operations.DefaultBuildOperationRunner$2.execut
e(DefaultBuildOperationRunner.java:60)
	at org.gradle.internal.operations.DefaultBuildOperationRunner.execute(
DefaultBuildOperationRunner.java:167)
	at org.gradle.internal.operations.DefaultBuildOperationRunner.execute(
DefaultBuildOperationRunner.java:60)
	at org.gradle.internal.operations.DefaultBuildOperationRunner.run(Defa
ultBuildOperationRunner.java:48)
	at org.gradle.api.internal.project.BuildOperationCrossProjectConfigura
tor.runBlockConfigureAction(BuildOperationCrossProjectConfigurator.java
:61)
	at org.gradle.api.internal.project.BuildOperationCrossProjectConfigura
tor.subprojects(BuildOperationCrossProjectConfigurator.java:47)
	at org.gradle.api.internal.project.DefaultProject.subprojects(DefaultP
roject.java:780)
	at org.gradle.api.internal.project.DefaultProject.subprojects(DefaultP
roject.java:775)
	at com.facebook.react.ReactRootProjectPlugin.apply(ReactRootProjectPlu
gin.kt:21)
	at com.facebook.react.ReactRootProjectPlugin.apply(ReactRootProjectPlu
gin.kt:19)
	at org.gradle.api.internal.plugins.ImperativeOnlyPluginTarget.applyImp
erative(ImperativeOnlyPluginTarget.java:55)
	at org.gradle.api.internal.plugins.RuleBasedPluginTarget.applyImperati
ve(RuleBasedPluginTarget.java:51)
	at org.gradle.api.internal.plugins.DefaultPluginManager.addPlugin(Defa
ultPluginManager.java:190)
	at org.gradle.api.internal.plugins.DefaultPluginManager.access$100(Def
aultPluginManager.java:54)
	at org.gradle.api.internal.plugins.DefaultPluginManager$AddPluginBuild
Operation.run(DefaultPluginManager.java:285)
	at org.gradle.internal.operations.DefaultBuildOperationRunner$1.execut
e(DefaultBuildOperationRunner.java:30)
	at org.gradle.internal.operations.DefaultBuildOperationRunner$1.execut
e(DefaultBuildOperationRunner.java:27)
	at org.gradle.internal.operations.DefaultBuildOperationRunner$2.execut
e(DefaultBuildOperationRunner.java:67)
	at org.gradle.internal.operations.DefaultBuildOperationRunner$2.execut
e(DefaultBuildOperationRunner.java:60)
	at org.gradle.internal.operations.DefaultBuildOperationRunner.execute(
DefaultBuildOperationRunner.java:167)
	at org.gradle.internal.operations.DefaultBuildOperationRunner.execute(
DefaultBuildOperationRunner.java:60)
	at org.gradle.internal.operations.DefaultBuildOperationRunner.run(Defa
ultBuildOperationRunner.java:48)
	at org.gradle.api.internal.plugins.DefaultPluginManager.lambda$doApply
$0(DefaultPluginManager.java:170)
	at org.gradle.internal.code.DefaultUserCodeApplicationContext.apply(De
faultUserCodeApplicationContext.java:44)
	at org.gradle.api.internal.plugins.DefaultPluginManager.doApply(Defaul
tPluginManager.java:169)
	at org.gradle.api.internal.plugins.DefaultPluginManager.apply(DefaultP
luginManager.java:148)
	at org.gradle.api.internal.plugins.DefaultObjectConfigurationAction.ap
plyType(DefaultObjectConfigurationAction.java:162)
	at org.gradle.api.internal.plugins.DefaultObjectConfigurationAction.ac
cess$200(DefaultObjectConfigurationAction.java:44)
	at org.gradle.api.internal.plugins.DefaultObjectConfigurationAction$3.
run(DefaultObjectConfigurationAction.java:99)
	at org.gradle.api.internal.plugins.DefaultObjectConfigurationAction.ex
ecute(DefaultObjectConfigurationAction.java:185)
	at org.gradle.api.internal.project.AbstractPluginAware.apply(AbstractP
luginAware.java:49)
	at org.gradle.api.internal.project.DefaultProject.apply(DefaultProject
.java:1555)
	at org.gradle.api.internal.project.ProjectScript.apply(ProjectScript.j
ava:37)
	at org.gradle.api.Script$apply$0.callCurrent(Unknown Source)
	at build_5x6bxx9y5iart0i4cepxlfq6t.run(D:\bangosambadApp\android\build
.gradle:25)
	at org.gradle.groovy.scripts.internal.DefaultScriptRunnerFactory$Scrip
tRunnerImpl.run(DefaultScriptRunnerFactory.java:91)
	at org.gradle.configuration.DefaultScriptPluginFactory$ScriptPluginImp
l.lambda$apply$1(DefaultScriptPluginFactory.java:141)
	at org.gradle.configuration.ProjectScriptTarget.addConfiguration(Proje
ctScriptTarget.java:79)
	at org.gradle.configuration.DefaultScriptPluginFactory$ScriptPluginImp
l.apply(DefaultScriptPluginFactory.java:144)
	at org.gradle.configuration.BuildOperationScriptPlugin$1.run(BuildOper
ationScriptPlugin.java:68)
	at org.gradle.internal.operations.DefaultBuildOperationRunner$1.execut
e(DefaultBuildOperationRunner.java:30)
	at org.gradle.internal.operations.DefaultBuildOperationRunner$1.execut
e(DefaultBuildOperationRunner.java:27)
	at org.gradle.internal.operations.DefaultBuildOperationRunner$2.execut
e(DefaultBuildOperationRunner.java:67)
	at org.gradle.internal.operations.DefaultBuildOperationRunner$2.execut
e(DefaultBuildOperationRunner.java:60)
	at org.gradle.internal.operations.DefaultBuildOperationRunner.execute(
DefaultBuildOperationRunner.java:167)
	at org.gradle.internal.operations.DefaultBuildOperationRunner.execute(
DefaultBuildOperationRunner.java:60)
	at org.gradle.internal.operations.DefaultBuildOperationRunner.run(Defa
ultBuildOperationRunner.java:48)
	at org.gradle.configuration.BuildOperationScriptPlugin.lambda$apply$0(
BuildOperationScriptPlugin.java:65)
	at org.gradle.internal.code.DefaultUserCodeApplicationContext.apply(De
faultUserCodeApplicationContext.java:44)
	at org.gradle.configuration.BuildOperationScriptPlugin.apply(BuildOper
ationScriptPlugin.java:65)
	at org.gradle.api.internal.project.DefaultProjectStateRegistry$Project
StateImpl.lambda$applyToMutableState$1(DefaultProjectStateRegistry.java
:435)
	at org.gradle.api.internal.project.DefaultProjectStateRegistry$Project
StateImpl.fromMutableState(DefaultProjectStateRegistry.java:453)
	at org.gradle.api.internal.project.DefaultProjectStateRegistry$Project
StateImpl.applyToMutableState(DefaultProjectStateRegistry.java:434)
	at org.gradle.configuration.project.BuildScriptProcessor.execute(Build
ScriptProcessor.java:46)
	at org.gradle.configuration.project.BuildScriptProcessor.execute(Build
ScriptProcessor.java:27)
	at org.gradle.configuration.project.ConfigureActionsProjectEvaluator.e
valuate(ConfigureActionsProjectEvaluator.java:35)
	at org.gradle.configuration.project.LifecycleProjectEvaluator$Evaluate
Project.lambda$run$0(LifecycleProjectEvaluator.java:109)
	at org.gradle.api.internal.project.DefaultProjectStateRegistry$Project
StateImpl.lambda$applyToMutableState$1(DefaultProjectStateRegistry.java
:435)
	at org.gradle.api.internal.project.DefaultProjectStateRegistry$Project
StateImpl.lambda$fromMutableState$2(DefaultProjectStateRegistry.java:45
8)
	at org.gradle.internal.work.DefaultWorkerLeaseService.withReplacedLock
s(DefaultWorkerLeaseService.java:359)
	at org.gradle.api.internal.project.DefaultProjectStateRegistry$Project
StateImpl.fromMutableState(DefaultProjectStateRegistry.java:458)
	at org.gradle.api.internal.project.DefaultProjectStateRegistry$Project
StateImpl.applyToMutableState(DefaultProjectStateRegistry.java:434)
	at org.gradle.configuration.project.LifecycleProjectEvaluator$Evaluate
Project.run(LifecycleProjectEvaluator.java:100)
	at org.gradle.internal.operations.DefaultBuildOperationRunner$1.execut
e(DefaultBuildOperationRunner.java:30)
	at org.gradle.internal.operations.DefaultBuildOperationRunner$1.execut
e(DefaultBuildOperationRunner.java:27)
	at org.gradle.internal.operations.DefaultBuildOperationRunner$2.execut
e(DefaultBuildOperationRunner.java:67)
	at org.gradle.internal.operations.DefaultBuildOperationRunner$2.execut
e(DefaultBuildOperationRunner.java:60)
	at org.gradle.internal.operations.DefaultBuildOperationRunner.execute(
DefaultBuildOperationRunner.java:167)
	at org.gradle.internal.operations.DefaultBuildOperationRunner.execute(
DefaultBuildOperationRunner.java:60)
	at org.gradle.internal.operations.DefaultBuildOperationRunner.run(Defa
ultBuildOperationRunner.java:48)
	at org.gradle.configuration.project.LifecycleProjectEvaluator.evaluate
(LifecycleProjectEvaluator.java:72)
	at org.gradle.api.internal.project.DefaultProject.evaluateUnchecked(De
faultProject.java:827)
	at org.gradle.api.internal.project.ProjectLifecycleController.lambda$e
nsureSelfConfigured$2(ProjectLifecycleController.java:88)
	at org.gradle.internal.model.StateTransitionController.lambda$doTransi
tion$14(StateTransitionController.java:255)
	at org.gradle.internal.model.StateTransitionController.doTransition(St
ateTransitionController.java:266)
	at org.gradle.internal.model.StateTransitionController.doTransition(St
ateTransitionController.java:254)
	at org.gradle.internal.model.StateTransitionController.lambda$maybeTra
nsitionIfNotCurrentlyTransitioning$10(StateTransitionController.java:19
9)
	at org.gradle.internal.work.DefaultSynchronizer.withLock(DefaultSynchr
onizer.java:36)
	at org.gradle.internal.model.StateTransitionController.maybeTransition
IfNotCurrentlyTransitioning(StateTransitionController.java:195)
	at org.gradle.api.internal.project.ProjectLifecycleController.ensureSe
lfConfigured(ProjectLifecycleController.java:88)
	at org.gradle.api.internal.project.DefaultProjectStateRegistry$Project
StateImpl.ensureConfigured(DefaultProjectStateRegistry.java:400)
	at org.gradle.execution.TaskPathProjectEvaluator.configure(TaskPathPro
jectEvaluator.java:70)
	at org.gradle.execution.TaskPathProjectEvaluator.configureHierarchy(Ta
skPathProjectEvaluator.java:84)
	at org.gradle.configuration.DefaultProjectsPreparer.prepareProjects(De
faultProjectsPreparer.java:50)
	at org.gradle.configuration.BuildTreePreparingProjectsPreparer.prepare
Projects(BuildTreePreparingProjectsPreparer.java:65)
	at org.gradle.configuration.BuildOperationFiringProjectsPreparer$Confi
gureBuild.run(BuildOperationFiringProjectsPreparer.java:52)
	at org.gradle.internal.operations.DefaultBuildOperationRunner$1.execut
e(DefaultBuildOperationRunner.java:30)
	at org.gradle.internal.operations.DefaultBuildOperationRunner$1.execut
e(DefaultBuildOperationRunner.java:27)
	at org.gradle.internal.operations.DefaultBuildOperationRunner$2.execut
e(DefaultBuildOperationRunner.java:67)
	at org.gradle.internal.operations.DefaultBuildOperationRunner$2.execut
e(DefaultBuildOperationRunner.java:60)
	at org.gradle.internal.operations.DefaultBuildOperationRunner.execute(
DefaultBuildOperationRunner.java:167)
	at org.gradle.internal.operations.DefaultBuildOperationRunner.execute(
DefaultBuildOperationRunner.java:60)
	at org.gradle.internal.operations.DefaultBuildOperationRunner.run(Defa
ultBuildOperationRunner.java:48)
	at org.gradle.configuration.BuildOperationFiringProjectsPreparer.prepa
reProjects(BuildOperationFiringProjectsPreparer.java:40)
	at org.gradle.initialization.VintageBuildModelController.lambda$prepar
eProjects$2(VintageBuildModelController.java:84)
	at org.gradle.internal.model.StateTransitionController.lambda$doTransi
tion$14(StateTransitionController.java:255)
	at org.gradle.internal.model.StateTransitionController.doTransition(St
ateTransitionController.java:266)
	at org.gradle.internal.model.StateTransitionController.doTransition(St
ateTransitionController.java:254)
	at org.gradle.internal.model.StateTransitionController.lambda$transiti
onIfNotPreviously$11(StateTransitionController.java:213)
	at org.gradle.internal.work.DefaultSynchronizer.withLock(DefaultSynchr
onizer.java:36)
	at org.gradle.internal.model.StateTransitionController.transitionIfNot
Previously(StateTransitionController.java:209)
	at org.gradle.initialization.VintageBuildModelController.prepareProjec
ts(VintageBuildModelController.java:84)
	at org.gradle.initialization.VintageBuildModelController.prepareToSche
duleTasks(VintageBuildModelController.java:71)
	at org.gradle.internal.build.DefaultBuildLifecycleController.lambda$pr
epareToScheduleTasks$6(DefaultBuildLifecycleController.java:175)
	at org.gradle.internal.model.StateTransitionController.lambda$doTransi
tion$14(StateTransitionController.java:255)
	at org.gradle.internal.model.StateTransitionController.doTransition(St
ateTransitionController.java:266)
	at org.gradle.internal.model.StateTransitionController.doTransition(St
ateTransitionController.java:254)
	at org.gradle.internal.model.StateTransitionController.lambda$maybeTra
nsition$9(StateTransitionController.java:190)
	at org.gradle.internal.work.DefaultSynchronizer.withLock(DefaultSynchr
onizer.java:36)
	at org.gradle.internal.model.StateTransitionController.maybeTransition
(StateTransitionController.java:186)
	at org.gradle.internal.build.DefaultBuildLifecycleController.prepareTo
ScheduleTasks(DefaultBuildLifecycleController.java:173)
	at org.gradle.internal.buildtree.DefaultBuildTreeWorkPreparer.schedule
RequestedTasks(DefaultBuildTreeWorkPreparer.java:36)
	at org.gradle.internal.cc.impl.VintageBuildTreeWorkController$schedule
AndRunRequestedTasks$1.apply(VintageBuildTreeWorkController.kt:36)
	at org.gradle.internal.cc.impl.VintageBuildTreeWorkController$schedule
AndRunRequestedTasks$1.apply(VintageBuildTreeWorkController.kt:35)
	at org.gradle.composite.internal.DefaultIncludedBuildTaskGraph.withNew
WorkGraph(DefaultIncludedBuildTaskGraph.java:112)
	at org.gradle.internal.cc.impl.VintageBuildTreeWorkController.schedule
AndRunRequestedTasks(VintageBuildTreeWorkController.kt:35)
	at org.gradle.internal.buildtree.DefaultBuildTreeLifecycleController.l
ambda$scheduleAndRunTasks$1(DefaultBuildTreeLifecycleController.java:77
)
	at org.gradle.internal.buildtree.DefaultBuildTreeLifecycleController.l
ambda$runBuild$4(DefaultBuildTreeLifecycleController.java:120)
	at org.gradle.internal.model.StateTransitionController.lambda$transiti
on$6(StateTransitionController.java:169)
	at org.gradle.internal.model.StateTransitionController.doTransition(St
ateTransitionController.java:266)
	at org.gradle.internal.model.StateTransitionController.lambda$transiti
on$7(StateTransitionController.java:169)
	at org.gradle.internal.work.DefaultSynchronizer.withLock(DefaultSynchr
onizer.java:46)
	at org.gradle.internal.model.StateTransitionController.transition(Stat
eTransitionController.java:169)
	at org.gradle.internal.buildtree.DefaultBuildTreeLifecycleController.r
unBuild(DefaultBuildTreeLifecycleController.java:117)
	at org.gradle.internal.buildtree.DefaultBuildTreeLifecycleController.s
cheduleAndRunTasks(DefaultBuildTreeLifecycleController.java:77)
	at org.gradle.internal.buildtree.DefaultBuildTreeLifecycleController.s
cheduleAndRunTasks(DefaultBuildTreeLifecycleController.java:72)
	at org.gradle.tooling.internal.provider.ExecuteBuildActionRunner.run(E
xecuteBuildActionRunner.java:31)
	at org.gradle.launcher.exec.ChainingBuildActionRunner.run(ChainingBuil
dActionRunner.java:35)
	at org.gradle.internal.buildtree.ProblemReportingBuildActionRunner.run
(ProblemReportingBuildActionRunner.java:49)
	at org.gradle.launcher.exec.BuildOutcomeReportingBuildActionRunner.run
(BuildOutcomeReportingBuildActionRunner.java:71)
	at org.gradle.tooling.internal.provider.FileSystemWatchingBuildActionR
unner.run(FileSystemWatchingBuildActionRunner.java:135)
	at org.gradle.launcher.exec.BuildCompletionNotifyingBuildActionRunner.
run(BuildCompletionNotifyingBuildActionRunner.java:41)
	at org.gradle.launcher.exec.RootBuildLifecycleBuildActionExecutor.lamb
da$execute$0(RootBuildLifecycleBuildActionExecutor.java:54)
	at org.gradle.composite.internal.DefaultRootBuildState.run(DefaultRoot
BuildState.java:130)
	at org.gradle.launcher.exec.RootBuildLifecycleBuildActionExecutor.exec
ute(RootBuildLifecycleBuildActionExecutor.java:54)
	at org.gradle.internal.buildtree.InitDeprecationLoggingActionExecutor.
execute(InitDeprecationLoggingActionExecutor.java:62)
	at org.gradle.internal.buildtree.InitProblems.execute(InitProblems.jav
a:36)
	at org.gradle.internal.buildtree.DefaultBuildTreeContext.execute(Defau
ltBuildTreeContext.java:40)
	at org.gradle.launcher.exec.BuildTreeLifecycleBuildActionExecutor.lamb
da$execute$0(BuildTreeLifecycleBuildActionExecutor.java:71)
	at org.gradle.internal.buildtree.BuildTreeState.run(BuildTreeState.jav
a:60)
	at org.gradle.launcher.exec.BuildTreeLifecycleBuildActionExecutor.exec
ute(BuildTreeLifecycleBuildActionExecutor.java:71)
	at org.gradle.launcher.exec.RunAsBuildOperationBuildActionExecutor$2.c
all(RunAsBuildOperationBuildActionExecutor.java:67)
	at org.gradle.launcher.exec.RunAsBuildOperationBuildActionExecutor$2.c
all(RunAsBuildOperationBuildActionExecutor.java:63)
	at org.gradle.internal.operations.DefaultBuildOperationRunner$Callable
BuildOperationWorker.execute(DefaultBuildOperationRunner.java:210)
	at org.gradle.internal.operations.DefaultBuildOperationRunner$Callable
BuildOperationWorker.execute(DefaultBuildOperationRunner.java:205)
	at org.gradle.internal.operations.DefaultBuildOperationRunner$2.execut
e(DefaultBuildOperationRunner.java:67)
	at org.gradle.internal.operations.DefaultBuildOperationRunner$2.execut
e(DefaultBuildOperationRunner.java:60)
	at org.gradle.internal.operations.DefaultBuildOperationRunner.execute(
DefaultBuildOperationRunner.java:167)
	at org.gradle.internal.operations.DefaultBuildOperationRunner.execute(
DefaultBuildOperationRunner.java:60)
	at org.gradle.internal.operations.DefaultBuildOperationRunner.call(Def
aultBuildOperationRunner.java:54)
	at org.gradle.launcher.exec.RunAsBuildOperationBuildActionExecutor.exe
cute(RunAsBuildOperationBuildActionExecutor.java:63)
	at org.gradle.launcher.exec.RunAsWorkerThreadBuildActionExecutor.lambd
a$execute$0(RunAsWorkerThreadBuildActionExecutor.java:36)
	at org.gradle.internal.work.DefaultWorkerLeaseService.withLocks(Defaul
tWorkerLeaseService.java:263)
	at org.gradle.internal.work.DefaultWorkerLeaseService.runAsWorkerThrea
d(DefaultWorkerLeaseService.java:127)
	at org.gradle.launcher.exec.RunAsWorkerThreadBuildActionExecutor.execu
te(RunAsWorkerThreadBuildActionExecutor.java:36)
	at org.gradle.tooling.internal.provider.continuous.ContinuousBuildActi
onExecutor.execute(ContinuousBuildActionExecutor.java:110)
	at org.gradle.tooling.internal.provider.SubscribableBuildActionExecuto
r.execute(SubscribableBuildActionExecutor.java:64)
	at org.gradle.internal.session.DefaultBuildSessionContext.execute(Defa
ultBuildSessionContext.java:46)
	at org.gradle.internal.buildprocess.execution.BuildSessionLifecycleBui
ldActionExecutor$ActionImpl.apply(BuildSessionLifecycleBuildActionExecu
tor.java:92)
	at org.gradle.internal.buildprocess.execution.BuildSessionLifecycleBui
ldActionExecutor$ActionImpl.apply(BuildSessionLifecycleBuildActionExecu
tor.java:80)
	at org.gradle.internal.session.BuildSessionState.run(BuildSessionState
.java:73)
	at org.gradle.internal.buildprocess.execution.BuildSessionLifecycleBui
ldActionExecutor.execute(BuildSessionLifecycleBuildActionExecutor.java:
62)
	at org.gradle.internal.buildprocess.execution.BuildSessionLifecycleBui
ldActionExecutor.execute(BuildSessionLifecycleBuildActionExecutor.java:
41)
	at org.gradle.internal.buildprocess.execution.StartParamsValidatingAct
ionExecutor.execute(StartParamsValidatingActionExecutor.java:64)
	at org.gradle.internal.buildprocess.execution.StartParamsValidatingAct
ionExecutor.execute(StartParamsValidatingActionExecutor.java:32)
	at org.gradle.internal.buildprocess.execution.SessionFailureReportingA
ctionExecutor.execute(SessionFailureReportingActionExecutor.java:51)
	at org.gradle.internal.buildprocess.execution.SessionFailureReportingA
ctionExecutor.execute(SessionFailureReportingActionExecutor.java:39)
	at org.gradle.internal.buildprocess.execution.SetupLoggingActionExecut
or.execute(SetupLoggingActionExecutor.java:47)
	at org.gradle.internal.buildprocess.execution.SetupLoggingActionExecut
or.execute(SetupLoggingActionExecutor.java:31)
	at org.gradle.launcher.daemon.server.exec.ExecuteBuild.doBuild(Execute
Build.java:70)
	at org.gradle.launcher.daemon.server.exec.BuildCommandOnly.execute(Bui
ldCommandOnly.java:37)
	at org.gradle.launcher.daemon.server.api.DaemonCommandExecution.procee
d(DaemonCommandExecution.java:104)
	at org.gradle.launcher.daemon.server.exec.WatchForDisconnection.execut
e(WatchForDisconnection.java:39)
	at org.gradle.launcher.daemon.server.api.DaemonCommandExecution.procee
d(DaemonCommandExecution.java:104)
	at org.gradle.launcher.daemon.server.exec.ResetDeprecationLogger.execu
te(ResetDeprecationLogger.java:29)
	at org.gradle.launcher.daemon.server.api.DaemonCommandExecution.procee
d(DaemonCommandExecution.java:104)
	at org.gradle.launcher.daemon.server.exec.RequestStopIfSingleUsedDaemo
n.execute(RequestStopIfSingleUsedDaemon.java:35)
	at org.gradle.launcher.daemon.server.api.DaemonCommandExecution.procee
d(DaemonCommandExecution.java:104)
	at org.gradle.launcher.daemon.server.exec.ForwardClientInput.lambda$ex
ecute$0(ForwardClientInput.java:40)
	at org.gradle.internal.daemon.clientinput.ClientInputForwarder.forward
Input(ClientInputForwarder.java:80)
	at org.gradle.launcher.daemon.server.exec.ForwardClientInput.execute(F
orwardClientInput.java:37)
	at org.gradle.launcher.daemon.server.api.DaemonCommandExecution.procee
d(DaemonCommandExecution.java:104)
	at org.gradle.launcher.daemon.server.exec.LogAndCheckHealth.execute(Lo
gAndCheckHealth.java:64)
	at org.gradle.launcher.daemon.server.api.DaemonCommandExecution.procee
d(DaemonCommandExecution.java:104)
	at org.gradle.launcher.daemon.server.exec.LogToClient.doBuild(LogToCli
ent.java:63)
	at org.gradle.launcher.daemon.server.exec.BuildCommandOnly.execute(Bui
ldCommandOnly.java:37)
	at org.gradle.launcher.daemon.server.api.DaemonCommandExecution.procee
d(DaemonCommandExecution.java:104)
	at org.gradle.launcher.daemon.server.exec.EstablishBuildEnvironment.do
Build(EstablishBuildEnvironment.java:84)
	at org.gradle.launcher.daemon.server.exec.BuildCommandOnly.execute(Bui
ldCommandOnly.java:37)
	at org.gradle.launcher.daemon.server.api.DaemonCommandExecution.procee
d(DaemonCommandExecution.java:104)
	at org.gradle.launcher.daemon.server.exec.StartBuildOrRespondWithBusy$
1.run(StartBuildOrRespondWithBusy.java:52)
	at org.gradle.launcher.daemon.server.DaemonStateCoordinator.lambda$run
Command$0(DaemonStateCoordinator.java:321)
	at org.gradle.internal.concurrent.ExecutorPolicy$CatchAndRecordFailure
s.onExecute(ExecutorPolicy.java:64)
	at org.gradle.internal.concurrent.AbstractManagedExecutor$1.run(Abstra
ctManagedExecutor.java:48)
Caused by: org.gradle.api.internal.plugins.PluginApplicationException: 
Failed to apply plugin 'com.android.internal.application'.
	at org.gradle.api.internal.plugins.DefaultPluginManager.doApply(Defaul
tPluginManager.java:176)
	at org.gradle.api.internal.plugins.DefaultPluginManager.apply(DefaultP
luginManager.java:148)
	at org.gradle.api.internal.plugins.DefaultObjectConfigurationAction.ap
plyType(DefaultObjectConfigurationAction.java:162)
	at org.gradle.api.internal.plugins.DefaultObjectConfigurationAction.ac
cess$200(DefaultObjectConfigurationAction.java:44)
	at org.gradle.api.internal.plugins.DefaultObjectConfigurationAction$3.
run(DefaultObjectConfigurationAction.java:99)
	at org.gradle.api.internal.plugins.DefaultObjectConfigurationAction.ex
ecute(DefaultObjectConfigurationAction.java:185)
	at org.gradle.api.internal.project.AbstractPluginAware.apply(AbstractP
luginAware.java:49)
	at org.gradle.api.internal.project.DefaultProject.apply(DefaultProject
.java:1555)
	at com.android.build.gradle.AppPlugin.apply(AppPlugin.kt:28)
	at com.android.build.gradle.AppPlugin.apply(AppPlugin.kt:24)
	at org.gradle.api.internal.plugins.ImperativeOnlyPluginTarget.applyImp
erative(ImperativeOnlyPluginTarget.java:55)
	at org.gradle.api.internal.plugins.RuleBasedPluginTarget.applyImperati
ve(RuleBasedPluginTarget.java:51)
	at org.gradle.api.internal.plugins.DefaultPluginManager.addPlugin(Defa
ultPluginManager.java:190)
	at org.gradle.api.internal.plugins.DefaultPluginManager.access$100(Def
aultPluginManager.java:54)
	at org.gradle.api.internal.plugins.DefaultPluginManager$AddPluginBuild
Operation.run(DefaultPluginManager.java:285)
	at org.gradle.internal.operations.DefaultBuildOperationRunner$1.execut
e(DefaultBuildOperationRunner.java:30)
	at org.gradle.internal.operations.DefaultBuildOperationRunner$1.execut
e(DefaultBuildOperationRunner.java:27)
	at org.gradle.internal.operations.DefaultBuildOperationRunner$2.execut
e(DefaultBuildOperationRunner.java:67)
	at org.gradle.internal.operations.DefaultBuildOperationRunner$2.execut
e(DefaultBuildOperationRunner.java:60)
	at org.gradle.internal.operations.DefaultBuildOperationRunner.execute(
DefaultBuildOperationRunner.java:167)
	at org.gradle.internal.operations.DefaultBuildOperationRunner.execute(
DefaultBuildOperationRunner.java:60)
	at org.gradle.internal.operations.DefaultBuildOperationRunner.run(Defa
ultBuildOperationRunner.java:48)
	at org.gradle.api.internal.plugins.DefaultPluginManager.lambda$doApply
$0(DefaultPluginManager.java:170)
	at org.gradle.internal.code.DefaultUserCodeApplicationContext.apply(De
faultUserCodeApplicationContext.java:44)
	at org.gradle.api.internal.plugins.DefaultPluginManager.doApply(Defaul
tPluginManager.java:169)
	at org.gradle.api.internal.plugins.DefaultPluginManager.apply(DefaultP
luginManager.java:148)

Deprecated Gradle features were used in this build, making it incompatible with Gradle 9.0.

You can use '--warning-mode all' to show the individual deprecation warnings and determine if they come from your own scripts or plugins.

For more on this, please refer to https://docs.gradle.org/8.14.3/userguide/command_line_interface.html#sec:command_line_warnings in the Gradle documentation.
24 actionable tasks: 24 up-to-date
	at org.gradle.api.internal.plugins.DefaultObjectConfigurationAction.ap
plyType(DefaultObjectConfigurationAction.java:162)
	at org.gradle.api.internal.plugins.DefaultObjectConfigurationAction.ac
cess$200(DefaultObjectConfigurationAction.java:44)
	at org.gradle.api.internal.plugins.DefaultObjectConfigurationAction$3.
run(DefaultObjectConfigurationAction.java:99)
	at org.gradle.api.internal.plugins.DefaultObjectConfigurationAction.ex
ecute(DefaultObjectConfigurationAction.java:185)
	at org.gradle.api.internal.project.AbstractPluginAware.apply(AbstractP
luginAware.java:49)
	at org.gradle.api.internal.project.DefaultProject.apply(DefaultProject
.java:1555)
	at org.gradle.api.internal.project.ProjectScript.apply(ProjectScript.j
ava:37)
	at org.gradle.api.Script$apply$0.callCurrent(Unknown Source)
	at build_ag338ibsfwukg34p0cj2zyh7q.run(D:\bangosambadApp\android\app\b
uild.gradle:1)
	at org.gradle.groovy.scripts.internal.DefaultScriptRunnerFactory$Scrip
tRunnerImpl.run(DefaultScriptRunnerFactory.java:91)
	... 265 more
Caused by: com.android.builder.errors.EvalIssueException: Android 
Gradle plugin requires Java 17 to run. You are currently using Java 11.
 Your current JDK is located in C:\Program Files\Eclipse 
Adoptium\jdk-11.0.29.7-hotspot
 You can try some of the following options:
  - changing the IDE settings.
  - changing the JAVA_HOME environment variable.
  - changing `org.gradle.java.home` in `gradle.properties`.
	at com.android.builder.errors.IssueReporter.reportError(IssueReporter.
kt:119)
	at com.android.builder.errors.IssueReporter.reportError$default(IssueR
eporter.kt:114)
	at com.android.build.gradle.internal.plugins.AndroidPluginBaseServices
.checkMinJvmVersion(AndroidPluginBaseServices.kt:345)
	at com.android.build.gradle.internal.plugins.AndroidPluginBaseServices
.basePluginApply(AndroidPluginBaseServices.kt:141)
	at com.android.build.gradle.internal.plugins.BasePlugin$apply$1.run(Ba
sePlugin.kt:359)
	at com.android.build.gradle.internal.crash.CrashReporting.runAction(cr
ash_reporting.kt:27)
	at com.android.build.gradle.internal.plugins.BasePlugin.apply(BasePlug
in.kt:358)
	at com.android.build.gradle.internal.plugins.BasePlugin.apply(BasePlug
in.kt:129)
	at org.gradle.api.internal.plugins.ImperativeOnlyPluginTarget.applyImp
erative(ImperativeOnlyPluginTarget.java:55)
	at org.gradle.api.internal.plugins.RuleBasedPluginTarget.applyImperati
ve(RuleBasedPluginTarget.java:51)
	at org.gradle.api.internal.plugins.DefaultPluginManager.addPlugin(Defa
ultPluginManager.java:190)
	at org.gradle.api.internal.plugins.DefaultPluginManager.access$100(Def
aultPluginManager.java:54)
	at org.gradle.api.internal.plugins.DefaultPluginManager$AddPluginBuild
Operation.run(DefaultPluginManager.java:285)
	at org.gradle.internal.operations.DefaultBuildOperationRunner$1.execut
e(DefaultBuildOperationRunner.java:30)
	at org.gradle.internal.operations.DefaultBuildOperationRunner$1.execut
e(DefaultBuildOperationRunner.java:27)
	at org.gradle.internal.operations.DefaultBuildOperationRunner$2.execut
e(DefaultBuildOperationRunner.java:67)
	at org.gradle.internal.operations.DefaultBuildOperationRunner$2.execut
e(DefaultBuildOperationRunner.java:60)
	at org.gradle.internal.operations.DefaultBuildOperationRunner.execute(
DefaultBuildOperationRunner.java:167)
	at org.gradle.internal.operations.DefaultBuildOperationRunner.execute(
DefaultBuildOperationRunner.java:60)
	at org.gradle.internal.operations.DefaultBuildOperationRunner.run(Defa
ultBuildOperationRunner.java:48)
	at org.gradle.api.internal.plugins.DefaultPluginManager.lambda$doApply
$0(DefaultPluginManager.java:170)
	at org.gradle.internal.code.DefaultUserCodeApplicationContext.apply(De
faultUserCodeApplicationContext.java:44)
	at org.gradle.api.internal.plugins.DefaultPluginManager.doApply(Defaul
tPluginManager.java:169)
	... 300 more


BUILD FAILED in 5s
