#
# There is insufficient memory for the Java Runtime Environment to continue.
# Native memory allocation (malloc) failed to allocate 1935056 bytes. Error detail: Chunk::new
# Possible reasons:
#   The system is out of physical RAM or swap space
#   This process is running with CompressedOops enabled, and the Java Heap may be blocking the growth of the native heap
# Possible solutions:
#   Reduce memory load on the system
#   Increase physical memory or swap space
#   Check if swap backing store is full
#   Decrease Java heap size (-Xmx/-Xms)
#   Decrease number of Java threads
#   Decrease Java thread stack sizes (-Xss)
#   Set larger code cache with -XX:ReservedCodeCacheSize=
#   JVM is running with Unscaled Compressed Oops mode in which the Java heap is
#     placed in the first 4GB address space. The Java Heap base address is the
#     maximum limit for the native heap growth. Please use -XX:HeapBaseMinAddress
#     to set the Java Heap base and to place the Java Heap above 4GB virtual address.
# This output file may be truncated or incomplete.
#
#  Out of Memory Error (arena.cpp:168), pid=28260, tid=25948
#
# JRE version: OpenJDK Runtime Environment Temurin-21.0.9+10 (21.0.9+10) (build 21.0.9+10-LTS)
# Java VM: OpenJDK 64-Bit Server VM Temurin-21.0.9+10 (21.0.9+10-LTS, mixed mode, sharing, tiered, compressed oops, compressed class ptrs, parallel gc, windows-amd64)
# No core dump will be written. Minidumps are not enabled by default on client versions of Windows
#

---------------  S U M M A R Y ------------

Command Line: --add-modules=ALL-SYSTEM --add-opens=java.base/java.util=ALL-UNNAMED --add-opens=java.base/java.lang=ALL-UNNAMED --add-opens=java.base/sun.nio.fs=ALL-UNNAMED -Declipse.application=org.eclipse.jdt.ls.core.id1 -Dosgi.bundles.defaultStartLevel=4 -Declipse.product=org.eclipse.jdt.ls.core.product -Djava.import.generatesMetadataFilesAtProjectRoot=false -DDetectVMInstallationsJob.disabled=true -Dfile.encoding=utf8 -XX:+UseParallelGC -XX:GCTimeRatio=4 -XX:AdaptiveSizePolicyWeight=90 -Dsun.zip.disableMemoryMapping=true -Xmx2G -Xms100m -Xlog:disable -javaagent:c:\Users\yuvra\.vscode\extensions\redhat.java-1.52.0-win32-x64\lombok\lombok-1.18.39-4050.jar -XX:+HeapDumpOnOutOfMemoryError -XX:HeapDumpPath=c:\Users\yuvra\AppData\Roaming\Code\User\workspaceStorage\0a1f5ded30702ee74c7291de2031bb62\redhat.java -Daether.dependencyCollector.impl=bf c:\Users\yuvra\.vscode\extensions\redhat.java-1.52.0-win32-x64\server\plugins\org.eclipse.equinox.launcher_1.7.100.v20251111-0406.jar -configuration c:\Users\yuvra\AppData\Roaming\Code\User\globalStorage\redhat.java\1.52.0\config_win -data c:\Users\yuvra\AppData\Roaming\Code\User\workspaceStorage\0a1f5ded30702ee74c7291de2031bb62\redhat.java\jdt_ws --pipe=\\.\pipe\lsp-d3a6a1210387a6ef6977d107a0da45df-sock

Host: AMD Ryzen 5 5500U with Radeon Graphics         , 12 cores, 5G,  Windows 11 , 64 bit Build 26100 (10.0.26100.7705)
Time: Thu Feb  5 13:42:14 2026 India Standard Time elapsed time: 12.606291 seconds (0d 0h 0m 12s)

---------------  T H R E A D  ---------------

Current thread (0x0000027361f64d50):  JavaThread "C2 CompilerThread1" daemon [_thread_in_native, id=25948, stack(0x000000a709700000,0x000000a709800000) (1024K)]


Current CompileTask:
C2:12606 7328   !   4       org.eclipse.osgi.internal.loader.BundleLoader::findRequiredSource (283 bytes)

Stack: [0x000000a709700000,0x000000a709800000]
Native frames: (J=compiled Java code, j=interpreted, Vv=VM code, C=native code)
V  [jvm.dll+0x6d6e29]
V  [jvm.dll+0x8b4b76]
V  [jvm.dll+0x8b712e]
V  [jvm.dll+0x8b7813]
V  [jvm.dll+0x283d86]
V  [jvm.dll+0xc66ed]
V  [jvm.dll+0xc6c31]
V  [jvm.dll+0x3be501]
V  [jvm.dll+0x38ab92]
V  [jvm.dll+0x389fda]
V  [jvm.dll+0x24bfa0]
V  [jvm.dll+0x24b580]
V  [jvm.dll+0x1cb13e]
V  [jvm.dll+0x25b29d]
V  [jvm.dll+0x25982a]
V  [jvm.dll+0x3f7ea6]
V  [jvm.dll+0x85e9ad]
V  [jvm.dll+0x6d565d]
C  [ucrtbase.dll+0x37b0]
C  [KERNEL32.DLL+0x2e8d7]
C  [ntdll.dll+0x8c40c]


---------------  P R O C E S S  ---------------

Threads class SMR info:
_java_thread_list=0x00000273659deae0, length=53, elements={
0x00000273032e4650, 0x0000027303388910, 0x000002730328d2e0, 0x000002730338b9a0,
0x000002730338eb40, 0x00000273033939c0, 0x000002730339a430, 0x000002735c033f70,
0x000002735c034d30, 0x000002735c287470, 0x000002735c3ee670, 0x0000027361bfeb70,
0x00000273619679f0, 0x00000273619bf1d0, 0x00000273619c0050, 0x0000027361ac2560,
0x0000027361a92720, 0x0000027361f64d50, 0x0000027361e89f80, 0x0000027361e88bd0,
0x0000027361e86b00, 0x0000027361e87190, 0x0000027361e88540, 0x0000027361e87820,
0x0000027361e87eb0, 0x0000027363ec10b0, 0x0000027363ec1dd0, 0x0000027363ec2af0,
0x0000027363ec1740, 0x0000027363ec2460, 0x0000027363ec3810, 0x0000027363ec3180,
0x0000027363ec0a20, 0x0000027363ec3ea0, 0x0000027363ec7320, 0x0000027363ec5250,
0x0000027363ec4530, 0x0000027363ec79b0, 0x0000027363ec58e0, 0x0000027363ec5f70,
0x0000027363ec6c90, 0x0000027363ec6600, 0x0000027363ec8040, 0x0000027363ec4bc0,
0x00000273624ea2d0, 0x00000273624e95b0, 0x00000273624ec3a0, 0x00000273624e9c40,
0x00000273624ea960, 0x00000273624eaff0, 0x00000273624edde0, 0x00000273624eca30,
0x00000273624ed0c0
}

Java Threads: ( => current thread )
  0x00000273032e4650 JavaThread "main"                              [_thread_blocked, id=28840, stack(0x000000a707d00000,0x000000a707e00000) (1024K)]
  0x0000027303388910 JavaThread "Reference Handler"          daemon [_thread_blocked, id=29504, stack(0x000000a708100000,0x000000a708200000) (1024K)]
  0x000002730328d2e0 JavaThread "Finalizer"                  daemon [_thread_blocked, id=19196, stack(0x000000a708200000,0x000000a708300000) (1024K)]
  0x000002730338b9a0 JavaThread "Signal Dispatcher"          daemon [_thread_blocked, id=11536, stack(0x000000a708300000,0x000000a708400000) (1024K)]
  0x000002730338eb40 JavaThread "Attach Listener"            daemon [_thread_blocked, id=16276, stack(0x000000a708400000,0x000000a708500000) (1024K)]
  0x00000273033939c0 JavaThread "Service Thread"             daemon [_thread_blocked, id=16252, stack(0x000000a708500000,0x000000a708600000) (1024K)]
  0x000002730339a430 JavaThread "Monitor Deflation Thread"   daemon [_thread_blocked, id=27012, stack(0x000000a708600000,0x000000a708700000) (1024K)]
  0x000002735c033f70 JavaThread "C2 CompilerThread0"         daemon [_thread_in_native, id=29832, stack(0x000000a708700000,0x000000a708800000) (1024K)]
  0x000002735c034d30 JavaThread "C1 CompilerThread0"         daemon [_thread_blocked, id=10520, stack(0x000000a708800000,0x000000a708900000) (1024K)]
  0x000002735c287470 JavaThread "Common-Cleaner"             daemon [_thread_blocked, id=8908, stack(0x000000a708a00000,0x000000a708b00000) (1024K)]
  0x000002735c3ee670 JavaThread "Notification Thread"        daemon [_thread_blocked, id=21916, stack(0x000000a708b00000,0x000000a708c00000) (1024K)]
  0x0000027361bfeb70 JavaThread "Active Thread: Equinox Container: d89a6f42-f9a6-460f-a8c2-adf1beb6b826"        [_thread_blocked, id=8368, stack(0x000000a709300000,0x000000a709400000) (1024K)]
  0x00000273619679f0 JavaThread "Refresh Thread: Equinox Container: d89a6f42-f9a6-460f-a8c2-adf1beb6b826" daemon [_thread_blocked, id=28232, stack(0x000000a709400000,0x000000a709500000) (1024K)]
  0x00000273619bf1d0 JavaThread "Framework Event Dispatcher: Equinox Container: d89a6f42-f9a6-460f-a8c2-adf1beb6b826" daemon [_thread_blocked, id=29040, stack(0x000000a709500000,0x000000a709600000) (1024K)]
  0x00000273619c0050 JavaThread "Start Level: Equinox Container: d89a6f42-f9a6-460f-a8c2-adf1beb6b826" daemon [_thread_blocked, id=10796, stack(0x000000a709600000,0x000000a709700000) (1024K)]
  0x0000027361ac2560 JavaThread "Bundle File Closer"         daemon [_thread_blocked, id=10532, stack(0x000000a709a00000,0x000000a709b00000) (1024K)]
  0x0000027361a92720 JavaThread "SCR Component Actor"        daemon [_thread_blocked, id=8356, stack(0x000000a708900000,0x000000a708a00000) (1024K)]
=>0x0000027361f64d50 JavaThread "C2 CompilerThread1"         daemon [_thread_in_native, id=25948, stack(0x000000a709700000,0x000000a709800000) (1024K)]
  0x0000027361e89f80 JavaThread "Worker-JM"                         [_thread_blocked, id=3788, stack(0x000000a709b00000,0x000000a709c00000) (1024K)]
  0x0000027361e88bd0 JavaThread "JNA Cleaner"                daemon [_thread_blocked, id=22632, stack(0x000000a709c00000,0x000000a709d00000) (1024K)]
  0x0000027361e86b00 JavaThread "Worker-0"                          [_thread_blocked, id=25304, stack(0x000000a709d00000,0x000000a709e00000) (1024K)]
  0x0000027361e87190 JavaThread "Worker-1"                          [_thread_blocked, id=28020, stack(0x000000a709e00000,0x000000a709f00000) (1024K)]
  0x0000027361e88540 JavaThread "Worker-2"                          [_thread_blocked, id=22220, stack(0x000000a709f00000,0x000000a70a000000) (1024K)]
  0x0000027361e87820 JavaThread "Java indexing"              daemon [_thread_blocked, id=30388, stack(0x000000a70a000000,0x000000a70a100000) (1024K)]
  0x0000027361e87eb0 JavaThread "Worker-3: Initialize Workspace"        [_thread_blocked, id=30156, stack(0x000000a70a100000,0x000000a70a200000) (1024K)]
  0x0000027363ec10b0 JavaThread "Worker-4"                          [_thread_blocked, id=7584, stack(0x000000a70a200000,0x000000a70a300000) (1024K)]
  0x0000027363ec1dd0 JavaThread "Worker-5"                          [_thread_blocked, id=29144, stack(0x000000a70a500000,0x000000a70a600000) (1024K)]
  0x0000027363ec2af0 JavaThread "Worker-6: Synchronize Gradle projects with workspace"        [_thread_blocked, id=31216, stack(0x000000a70a600000,0x000000a70a700000) (1024K)]
  0x0000027363ec1740 JavaThread "Thread-1"                   daemon [_thread_in_native, id=13892, stack(0x000000a70a700000,0x000000a70a800000) (1024K)]
  0x0000027363ec2460 JavaThread "Thread-2"                   daemon [_thread_in_native, id=29244, stack(0x000000a70a800000,0x000000a70a900000) (1024K)]
  0x0000027363ec3810 JavaThread "Thread-3"                   daemon [_thread_in_native, id=18904, stack(0x000000a70a900000,0x000000a70aa00000) (1024K)]
  0x0000027363ec3180 JavaThread "Thread-4"                   daemon [_thread_in_native, id=27072, stack(0x000000a70aa00000,0x000000a70ab00000) (1024K)]
  0x0000027363ec0a20 JavaThread "Thread-5"                   daemon [_thread_in_native, id=26752, stack(0x000000a70ab00000,0x000000a70ac00000) (1024K)]
  0x0000027363ec3ea0 JavaThread "Thread-6"                   daemon [_thread_in_native, id=26436, stack(0x000000a70ac00000,0x000000a70ad00000) (1024K)]
  0x0000027363ec7320 JavaThread "Thread-7"                   daemon [_thread_in_native, id=31576, stack(0x000000a70ad00000,0x000000a70ae00000) (1024K)]
  0x0000027363ec5250 JavaThread "Thread-8"                   daemon [_thread_in_native, id=23556, stack(0x000000a70ae00000,0x000000a70af00000) (1024K)]
  0x0000027363ec4530 JavaThread "Thread-9"                   daemon [_thread_in_native, id=7628, stack(0x000000a70af00000,0x000000a70b000000) (1024K)]
  0x0000027363ec79b0 JavaThread "Thread-10"                  daemon [_thread_in_native, id=13120, stack(0x000000a70b000000,0x000000a70b100000) (1024K)]
  0x0000027363ec58e0 JavaThread "Thread-11"                  daemon [_thread_in_native, id=21424, stack(0x000000a70b100000,0x000000a70b200000) (1024K)]
  0x0000027363ec5f70 JavaThread "Thread-12"                  daemon [_thread_in_native, id=29028, stack(0x000000a70b200000,0x000000a70b300000) (1024K)]
  0x0000027363ec6c90 JavaThread "Thread-13"                  daemon [_thread_in_native, id=12120, stack(0x000000a70b300000,0x000000a70b400000) (1024K)]
  0x0000027363ec6600 JavaThread "pool-2-thread-1"                   [_thread_blocked, id=15836, stack(0x000000a70b400000,0x000000a70b500000) (1024K)]
  0x0000027363ec8040 JavaThread "Timer-0"                           [_thread_blocked, id=4940, stack(0x000000a70b500000,0x000000a70b600000) (1024K)]
  0x0000027363ec4bc0 JavaThread "Timer-1"                           [_thread_blocked, id=7904, stack(0x000000a70b600000,0x000000a70b700000) (1024K)]
  0x00000273624ea2d0 JavaThread "WorkspaceEventsHandler"            [_thread_blocked, id=2508, stack(0x000000a70b700000,0x000000a70b800000) (1024K)]
  0x00000273624e95b0 JavaThread "pool-1-thread-1"                   [_thread_blocked, id=1620, stack(0x000000a70b800000,0x000000a70b900000) (1024K)]
  0x00000273624ec3a0 JavaThread "Timer-2"                           [_thread_blocked, id=21828, stack(0x000000a70ba00000,0x000000a70bb00000) (1024K)]
  0x00000273624e9c40 JavaThread "Timer-3"                           [_thread_blocked, id=27740, stack(0x000000a70b900000,0x000000a70ba00000) (1024K)]
  0x00000273624ea960 JavaThread "Timer-4"                           [_thread_blocked, id=11688, stack(0x000000a70bb00000,0x000000a70bc00000) (1024K)]
  0x00000273624eaff0 JavaThread "Timer-5"                           [_thread_blocked, id=26400, stack(0x000000a70bc00000,0x000000a70bd00000) (1024K)]
  0x00000273624edde0 JavaThread "Timer-6"                           [_thread_blocked, id=16624, stack(0x000000a70bd00000,0x000000a70be00000) (1024K)]
  0x00000273624eca30 JavaThread "Timer-7"                           [_thread_blocked, id=3440, stack(0x000000a70be00000,0x000000a70bf00000) (1024K)]
  0x00000273624ed0c0 JavaThread "Connection worker"                 [_thread_in_native, id=25904, stack(0x000000a70bf00000,0x000000a70c000000) (1024K)]
Total: 53

Other Threads:
  0x0000027303274990 VMThread "VM Thread"                           [id=12808, stack(0x000000a708000000,0x000000a708100000) (1024K)]
  0x000002730316ca00 WatcherThread "VM Periodic Task Thread"        [id=22912, stack(0x000000a707f00000,0x000000a708000000) (1024K)]
  0x0000027303303fe0 WorkerThread "GC Thread#0"                     [id=4040, stack(0x000000a707e00000,0x000000a707f00000) (1024K)]
  0x00000273611dde50 WorkerThread "GC Thread#1"                     [id=29284, stack(0x000000a708d00000,0x000000a708e00000) (1024K)]
  0x000002736105a370 WorkerThread "GC Thread#2"                     [id=29320, stack(0x000000a708e00000,0x000000a708f00000) (1024K)]
  0x000002736105a710 WorkerThread "GC Thread#3"                     [id=30660, stack(0x000000a708f00000,0x000000a709000000) (1024K)]
  0x000002736108b0e0 WorkerThread "GC Thread#4"                     [id=22844, stack(0x000000a709000000,0x000000a709100000) (1024K)]
  0x000002736108b480 WorkerThread "GC Thread#5"                     [id=17524, stack(0x000000a709100000,0x000000a709200000) (1024K)]
  0x00000273615f1080 WorkerThread "GC Thread#6"                     [id=13540, stack(0x000000a709200000,0x000000a709300000) (1024K)]
  0x0000027361bfcbb0 WorkerThread "GC Thread#7"                     [id=14524, stack(0x000000a708c00000,0x000000a708d00000) (1024K)]
  0x0000027361bfd690 WorkerThread "GC Thread#8"                     [id=19908, stack(0x000000a709800000,0x000000a709900000) (1024K)]
  0x0000027361bfd2f0 WorkerThread "GC Thread#9"                     [id=19212, stack(0x000000a709900000,0x000000a709a00000) (1024K)]
Total: 12

Threads with active compile tasks:
C2 CompilerThread0  13657 7342   !   4       org.eclipse.osgi.internal.loader.classpath.ClasspathManager::defineClass (636 bytes)
C2 CompilerThread1  13657 7328   !   4       org.eclipse.osgi.internal.loader.BundleLoader::findRequiredSource (283 bytes)
Total: 2

VM state: not at safepoint (normal execution)

VM Mutex/Monitor currently owned by a thread: None

Heap address: 0x0000000080000000, size: 2048 MB, Compressed Oops mode: 32-bit

CDS archive(s) mapped at: [0x000002731a000000-0x000002731aba0000-0x000002731aba0000), size 12189696, SharedBaseAddress: 0x000002731a000000, ArchiveRelocationMode: 1.
Compressed class space mapped at: 0x000002731b000000-0x000002735b000000, reserved size: 1073741824
Narrow klass base: 0x000002731a000000, Narrow klass shift: 0, Narrow klass range: 0x100000000

GC Precious Log:
 CardTable entry size: 512
 CPUs: 12 total, 12 available
 Memory: 5989M
 Large Page Support: Disabled
 NUMA Support: Disabled
 Compressed Oops: Enabled (32-bit)
 Alignments: Space 512K, Generation 512K, Heap 2M
 Heap Min Capacity: 100M
 Heap Initial Capacity: 100M
 Heap Max Capacity: 2G
 Pre-touch: Disabled
 Parallel Workers: 10

Heap:
 PSYoungGen      total 15360K, used 4646K [0x00000000d5580000, 0x00000000d6680000, 0x0000000100000000)
  eden space 14336K, 27% used [0x00000000d5580000,0x00000000d5958d98,0x00000000d6380000)
  from space 1024K, 69% used [0x00000000d6480000,0x00000000d6530df0,0x00000000d6580000)
  to   space 1024K, 0% used [0x00000000d6580000,0x00000000d6580000,0x00000000d6680000)
 ParOldGen       total 68608K, used 41829K [0x0000000080000000, 0x0000000084300000, 0x00000000d5580000)
  object space 68608K, 60% used [0x0000000080000000,0x00000000828d9468,0x0000000084300000)
 Metaspace       used 56659K, committed 57920K, reserved 1114112K
  class space    used 6823K, committed 7424K, reserved 1048576K

Card table byte_map: [0x0000027302c80000,0x0000027303090000] _byte_map_base: 0x0000027302880000

Marking Bits: (ParMarkBitMap*) 0x00007ffcfc692460
 Begin Bits: [0x0000027315790000, 0x0000027317790000)
 End Bits:   [0x0000027317790000, 0x0000027319790000)

Polling page: 0x0000027301340000

Metaspace:

Usage:
  Non-class:     48.67 MB used.
      Class:      6.66 MB used.
       Both:     55.33 MB used.

Virtual space:
  Non-class space:       64.00 MB reserved,      49.31 MB ( 77%) committed,  1 nodes.
      Class space:        1.00 GB reserved,       7.25 MB ( <1%) committed,  1 nodes.
             Both:        1.06 GB reserved,      56.56 MB (  5%) committed. 

Chunk freelists:
   Non-Class:  14.69 MB
       Class:  8.58 MB
        Both:  23.27 MB

MaxMetaspaceSize: unlimited
CompressedClassSpaceSize: 1.00 GB
Initial GC threshold: 21.00 MB
Current GC threshold: 58.38 MB
CDS: on
 - commit_granule_bytes: 65536.
 - commit_granule_words: 8192.
 - virtual_space_node_default_size: 8388608.
 - enlarge_chunks_in_place: 1.
 - use_allocation_guard: 0.


Internal statistics:

num_allocs_failed_limit: 6.
num_arena_births: 988.
num_arena_deaths: 40.
num_vsnodes_births: 2.
num_vsnodes_deaths: 0.
num_space_committed: 905.
num_space_uncommitted: 0.
num_chunks_returned_to_freelist: 54.
num_chunks_taken_from_freelist: 3631.
num_chunk_merges: 12.
num_chunk_splits: 2217.
num_chunks_enlarged: 1255.
num_inconsistent_stats: 0.

CodeHeap 'non-profiled nmethods': size=120000Kb used=3580Kb max_used=3580Kb free=116419Kb
 bounds [0x000002730dfb0000, 0x000002730e330000, 0x00000273154e0000]
CodeHeap 'profiled nmethods': size=120000Kb used=13579Kb max_used=13579Kb free=106420Kb
 bounds [0x00000273064e0000, 0x0000027307230000, 0x000002730da10000]
CodeHeap 'non-nmethods': size=5760Kb used=1373Kb max_used=1435Kb free=4386Kb
 bounds [0x000002730da10000, 0x000002730dc80000, 0x000002730dfb0000]
CodeCache: size=245760Kb, used=18532Kb, max_used=18594Kb, free=227225Kb
 total_blobs=7407, nmethods=6735, adapters=578, full_count=0
Compilation: enabled, stopped_count=0, restarted_count=0

Compilation events (20 events):
Event: 11.459 Thread 0x000002735c034d30 7351       3       java.util.ArrayDeque::<init> (35 bytes)
Event: 11.459 Thread 0x000002735c034d30 nmethod 7351 0x0000027307215310 code [0x00000273072154c0, 0x00000273072157d8]
Event: 11.461 Thread 0x000002735c033f70 nmethod 7336 0x000002730e32c510 code [0x000002730e32c880, 0x000002730e32e088]
Event: 11.461 Thread 0x000002735c033f70 7342   !   4       org.eclipse.osgi.internal.loader.classpath.ClasspathManager::defineClass (636 bytes)
Event: 11.468 Thread 0x000002735c034d30 7353       3       java.lang.Class::getProtectionDomain (20 bytes)
Event: 11.468 Thread 0x000002735c034d30 nmethod 7353 0x0000027307215910 code [0x0000027307215ae0, 0x0000027307215e40]
Event: 11.470 Thread 0x000002735c034d30 7354       3       java.net.URI::hashCode (123 bytes)
Event: 11.471 Thread 0x000002735c034d30 nmethod 7354 0x0000027307215f90 code [0x00000273072162e0, 0x0000027307217288]
Event: 11.474 Thread 0x000002735c034d30 7356       3       java.net.URI::equalIgnoringCase (68 bytes)
Event: 11.475 Thread 0x000002735c034d30 nmethod 7356 0x0000027307217810 code [0x0000027307217ae0, 0x0000027307218a90]
Event: 11.475 Thread 0x000002735c034d30 7355       3       java.net.URI::equals (223 bytes)
Event: 11.476 Thread 0x000002735c034d30 nmethod 7355 0x0000027307219090 code [0x0000027307219360, 0x0000027307219fe0]
Event: 11.499 Thread 0x000002735c034d30 7361   !   3       org.gradle.internal.classloader.ClasspathUtil::getClasspathForClass (137 bytes)
Event: 11.502 Thread 0x000002735c034d30 nmethod 7361 0x000002730721a210 code [0x000002730721a660, 0x000002730721c0b0]
Event: 11.504 Thread 0x000002735c034d30 7362       3       sun.net.util.IPAddressUtil::checkAuthority (56 bytes)
Event: 11.504 Thread 0x000002735c034d30 nmethod 7362 0x000002730721cf90 code [0x000002730721d180, 0x000002730721d518]
Event: 11.532 Thread 0x000002735c034d30 7364       3       com.google.common.io.ByteStreams::combineBuffers (92 bytes)
Event: 11.532 Thread 0x000002735c034d30 nmethod 7364 0x000002730721d690 code [0x000002730721d8c0, 0x000002730721e1b8]
Event: 12.170 Thread 0x000002735c034d30 7367       3       java.util.stream.Collectors$$Lambda/0x800000039::accept (14 bytes)
Event: 12.170 Thread 0x000002735c034d30 nmethod 7367 0x000002730721e490 code [0x000002730721e640, 0x000002730721e910]

GC Heap History (20 events):
Event: 9.982 GC heap before
{Heap before GC invocations=30 (full 2):
 PSYoungGen      total 15872K, used 14864K [0x00000000d5580000, 0x00000000d6880000, 0x0000000100000000)
  eden space 14336K, 100% used [0x00000000d5580000,0x00000000d6380000,0x00000000d6380000)
  from space 1536K, 34% used [0x00000000d6580000,0x00000000d6604010,0x00000000d6700000)
  to   space 1024K, 0% used [0x00000000d6780000,0x00000000d6780000,0x00000000d6880000)
 ParOldGen       total 68608K, used 34364K [0x0000000080000000, 0x0000000084300000, 0x00000000d5580000)
  object space 68608K, 50% used [0x0000000080000000,0x000000008218f218,0x0000000084300000)
 Metaspace       used 49632K, committed 50816K, reserved 1114112K
  class space    used 5663K, committed 6208K, reserved 1048576K
}
Event: 9.984 GC heap after
{Heap after GC invocations=30 (full 2):
 PSYoungGen      total 15360K, used 608K [0x00000000d5580000, 0x00000000d6880000, 0x0000000100000000)
  eden space 14336K, 0% used [0x00000000d5580000,0x00000000d5580000,0x00000000d6380000)
  from space 1024K, 59% used [0x00000000d6780000,0x00000000d6818000,0x00000000d6880000)
  to   space 1024K, 0% used [0x00000000d6680000,0x00000000d6680000,0x00000000d6780000)
 ParOldGen       total 68608K, used 34772K [0x0000000080000000, 0x0000000084300000, 0x00000000d5580000)
  object space 68608K, 50% used [0x0000000080000000,0x00000000821f5228,0x0000000084300000)
 Metaspace       used 49632K, committed 50816K, reserved 1114112K
  class space    used 5663K, committed 6208K, reserved 1048576K
}
Event: 10.092 GC heap before
{Heap before GC invocations=31 (full 2):
 PSYoungGen      total 15360K, used 14944K [0x00000000d5580000, 0x00000000d6880000, 0x0000000100000000)
  eden space 14336K, 100% used [0x00000000d5580000,0x00000000d6380000,0x00000000d6380000)
  from space 1024K, 59% used [0x00000000d6780000,0x00000000d6818000,0x00000000d6880000)
  to   space 1024K, 0% used [0x00000000d6680000,0x00000000d6680000,0x00000000d6780000)
 ParOldGen       total 68608K, used 34772K [0x0000000080000000, 0x0000000084300000, 0x00000000d5580000)
  object space 68608K, 50% used [0x0000000080000000,0x00000000821f5228,0x0000000084300000)
 Metaspace       used 50087K, committed 51264K, reserved 1114112K
  class space    used 5707K, committed 6208K, reserved 1048576K
}
Event: 10.094 GC heap after
{Heap after GC invocations=31 (full 2):
 PSYoungGen      total 15360K, used 1019K [0x00000000d5580000, 0x00000000d6980000, 0x0000000100000000)
  eden space 14336K, 0% used [0x00000000d5580000,0x00000000d5580000,0x00000000d6380000)
  from space 1024K, 99% used [0x00000000d6680000,0x00000000d677ecd8,0x00000000d6780000)
  to   space 2048K, 0% used [0x00000000d6780000,0x00000000d6780000,0x00000000d6980000)
 ParOldGen       total 68608K, used 36437K [0x0000000080000000, 0x0000000084300000, 0x00000000d5580000)
  object space 68608K, 53% used [0x0000000080000000,0x00000000823955f8,0x0000000084300000)
 Metaspace       used 50087K, committed 51264K, reserved 1114112K
  class space    used 5707K, committed 6208K, reserved 1048576K
}
Event: 10.221 GC heap before
{Heap before GC invocations=32 (full 2):
 PSYoungGen      total 15360K, used 15355K [0x00000000d5580000, 0x00000000d6980000, 0x0000000100000000)
  eden space 14336K, 100% used [0x00000000d5580000,0x00000000d6380000,0x00000000d6380000)
  from space 1024K, 99% used [0x00000000d6680000,0x00000000d677ecd8,0x00000000d6780000)
  to   space 2048K, 0% used [0x00000000d6780000,0x00000000d6780000,0x00000000d6980000)
 ParOldGen       total 68608K, used 36437K [0x0000000080000000, 0x0000000084300000, 0x00000000d5580000)
  object space 68608K, 53% used [0x0000000080000000,0x00000000823955f8,0x0000000084300000)
 Metaspace       used 50342K, committed 51520K, reserved 1114112K
  class space    used 5750K, committed 6272K, reserved 1048576K
}
Event: 10.223 GC heap after
{Heap after GC invocations=32 (full 2):
 PSYoungGen      total 16384K, used 2008K [0x00000000d5580000, 0x00000000d6980000, 0x0000000100000000)
  eden space 14336K, 0% used [0x00000000d5580000,0x00000000d5580000,0x00000000d6380000)
  from space 2048K, 98% used [0x00000000d6780000,0x00000000d69762a8,0x00000000d6980000)
  to   space 2560K, 0% used [0x00000000d6480000,0x00000000d6480000,0x00000000d6700000)
 ParOldGen       total 68608K, used 37495K [0x0000000080000000, 0x0000000084300000, 0x00000000d5580000)
  object space 68608K, 54% used [0x0000000080000000,0x000000008249dde0,0x0000000084300000)
 Metaspace       used 50342K, committed 51520K, reserved 1114112K
  class space    used 5750K, committed 6272K, reserved 1048576K
}
Event: 10.456 GC heap before
{Heap before GC invocations=33 (full 2):
 PSYoungGen      total 16384K, used 16344K [0x00000000d5580000, 0x00000000d6980000, 0x0000000100000000)
  eden space 14336K, 100% used [0x00000000d5580000,0x00000000d6380000,0x00000000d6380000)
  from space 2048K, 98% used [0x00000000d6780000,0x00000000d69762a8,0x00000000d6980000)
  to   space 2560K, 0% used [0x00000000d6480000,0x00000000d6480000,0x00000000d6700000)
 ParOldGen       total 68608K, used 37495K [0x0000000080000000, 0x0000000084300000, 0x00000000d5580000)
  object space 68608K, 54% used [0x0000000080000000,0x000000008249dde0,0x0000000084300000)
 Metaspace       used 51342K, committed 52544K, reserved 1114112K
  class space    used 5945K, committed 6464K, reserved 1048576K
}
Event: 10.458 GC heap after
{Heap after GC invocations=33 (full 2):
 PSYoungGen      total 15360K, used 960K [0x00000000d5580000, 0x00000000d6800000, 0x0000000100000000)
  eden space 14336K, 0% used [0x00000000d5580000,0x00000000d5580000,0x00000000d6380000)
  from space 1024K, 93% used [0x00000000d6480000,0x00000000d6570020,0x00000000d6580000)
  to   space 1536K, 0% used [0x00000000d6680000,0x00000000d6680000,0x00000000d6800000)
 ParOldGen       total 68608K, used 39376K [0x0000000080000000, 0x0000000084300000, 0x00000000d5580000)
  object space 68608K, 57% used [0x0000000080000000,0x0000000082674180,0x0000000084300000)
 Metaspace       used 51342K, committed 52544K, reserved 1114112K
  class space    used 5945K, committed 6464K, reserved 1048576K
}
Event: 10.697 GC heap before
{Heap before GC invocations=34 (full 2):
 PSYoungGen      total 15360K, used 15296K [0x00000000d5580000, 0x00000000d6800000, 0x0000000100000000)
  eden space 14336K, 100% used [0x00000000d5580000,0x00000000d6380000,0x00000000d6380000)
  from space 1024K, 93% used [0x00000000d6480000,0x00000000d6570020,0x00000000d6580000)
  to   space 1536K, 0% used [0x00000000d6680000,0x00000000d6680000,0x00000000d6800000)
 ParOldGen       total 68608K, used 39376K [0x0000000080000000, 0x0000000084300000, 0x00000000d5580000)
  object space 68608K, 57% used [0x0000000080000000,0x0000000082674180,0x0000000084300000)
 Metaspace       used 53092K, committed 54400K, reserved 1114112K
  class space    used 6217K, committed 6784K, reserved 1048576K
}
Event: 10.699 GC heap after
{Heap after GC invocations=34 (full 2):
 PSYoungGen      total 14848K, used 512K [0x00000000d5580000, 0x00000000d6700000, 0x0000000100000000)
  eden space 14336K, 0% used [0x00000000d5580000,0x00000000d5580000,0x00000000d6380000)
  from space 512K, 100% used [0x00000000d6680000,0x00000000d6700000,0x00000000d6700000)
  to   space 1024K, 0% used [0x00000000d6500000,0x00000000d6500000,0x00000000d6600000)
 ParOldGen       total 68608K, used 40184K [0x0000000080000000, 0x0000000084300000, 0x00000000d5580000)
  object space 68608K, 58% used [0x0000000080000000,0x000000008273e1b0,0x0000000084300000)
 Metaspace       used 53092K, committed 54400K, reserved 1114112K
  class space    used 6217K, committed 6784K, reserved 1048576K
}
Event: 10.908 GC heap before
{Heap before GC invocations=35 (full 2):
 PSYoungGen      total 14848K, used 14848K [0x00000000d5580000, 0x00000000d6700000, 0x0000000100000000)
  eden space 14336K, 100% used [0x00000000d5580000,0x00000000d6380000,0x00000000d6380000)
  from space 512K, 100% used [0x00000000d6680000,0x00000000d6700000,0x00000000d6700000)
  to   space 1024K, 0% used [0x00000000d6500000,0x00000000d6500000,0x00000000d6600000)
 ParOldGen       total 68608K, used 40184K [0x0000000080000000, 0x0000000084300000, 0x00000000d5580000)
  object space 68608K, 58% used [0x0000000080000000,0x000000008273e1b0,0x0000000084300000)
 Metaspace       used 54404K, committed 55680K, reserved 1114112K
  class space    used 6439K, committed 6976K, reserved 1048576K
}
Event: 10.910 GC heap after
{Heap after GC invocations=35 (full 2):
 PSYoungGen      total 15360K, used 528K [0x00000000d5580000, 0x00000000d6700000, 0x0000000100000000)
  eden space 14336K, 0% used [0x00000000d5580000,0x00000000d5580000,0x00000000d6380000)
  from space 1024K, 51% used [0x00000000d6500000,0x00000000d6584020,0x00000000d6600000)
  to   space 1024K, 0% used [0x00000000d6600000,0x00000000d6600000,0x00000000d6700000)
 ParOldGen       total 68608K, used 40560K [0x0000000080000000, 0x0000000084300000, 0x00000000d5580000)
  object space 68608K, 59% used [0x0000000080000000,0x000000008279c1b0,0x0000000084300000)
 Metaspace       used 54404K, committed 55680K, reserved 1114112K
  class space    used 6439K, committed 6976K, reserved 1048576K
}
Event: 11.090 GC heap before
{Heap before GC invocations=36 (full 2):
 PSYoungGen      total 15360K, used 14864K [0x00000000d5580000, 0x00000000d6700000, 0x0000000100000000)
  eden space 14336K, 100% used [0x00000000d5580000,0x00000000d6380000,0x00000000d6380000)
  from space 1024K, 51% used [0x00000000d6500000,0x00000000d6584020,0x00000000d6600000)
  to   space 1024K, 0% used [0x00000000d6600000,0x00000000d6600000,0x00000000d6700000)
 ParOldGen       total 68608K, used 40560K [0x0000000080000000, 0x0000000084300000, 0x00000000d5580000)
  object space 68608K, 59% used [0x0000000080000000,0x000000008279c1b0,0x0000000084300000)
 Metaspace       used 54418K, committed 55680K, reserved 1114112K
  class space    used 6441K, committed 6976K, reserved 1048576K
}
Event: 11.092 GC heap after
{Heap after GC invocations=36 (full 2):
 PSYoungGen      total 14848K, used 384K [0x00000000d5580000, 0x00000000d6680000, 0x0000000100000000)
  eden space 14336K, 0% used [0x00000000d5580000,0x00000000d5580000,0x00000000d6380000)
  from space 512K, 75% used [0x00000000d6600000,0x00000000d6660000,0x00000000d6680000)
  to   space 512K, 0% used [0x00000000d6580000,0x00000000d6580000,0x00000000d6600000)
 ParOldGen       total 68608K, used 40959K [0x0000000080000000, 0x0000000084300000, 0x00000000d5580000)
  object space 68608K, 59% used [0x0000000080000000,0x00000000827ffed0,0x0000000084300000)
 Metaspace       used 54418K, committed 55680K, reserved 1114112K
  class space    used 6441K, committed 6976K, reserved 1048576K
}
Event: 11.236 GC heap before
{Heap before GC invocations=37 (full 2):
 PSYoungGen      total 14848K, used 14720K [0x00000000d5580000, 0x00000000d6680000, 0x0000000100000000)
  eden space 14336K, 100% used [0x00000000d5580000,0x00000000d6380000,0x00000000d6380000)
  from space 512K, 75% used [0x00000000d6600000,0x00000000d6660000,0x00000000d6680000)
  to   space 512K, 0% used [0x00000000d6580000,0x00000000d6580000,0x00000000d6600000)
 ParOldGen       total 68608K, used 40959K [0x0000000080000000, 0x0000000084300000, 0x00000000d5580000)
  object space 68608K, 59% used [0x0000000080000000,0x00000000827ffed0,0x0000000084300000)
 Metaspace       used 54433K, committed 55680K, reserved 1114112K
  class space    used 6443K, committed 6976K, reserved 1048576K
}
Event: 11.237 GC heap after
{Heap after GC invocations=37 (full 2):
 PSYoungGen      total 14848K, used 288K [0x00000000d5580000, 0x00000000d6680000, 0x0000000100000000)
  eden space 14336K, 0% used [0x00000000d5580000,0x00000000d5580000,0x00000000d6380000)
  from space 512K, 56% used [0x00000000d6580000,0x00000000d65c8000,0x00000000d6600000)
  to   space 512K, 0% used [0x00000000d6600000,0x00000000d6600000,0x00000000d6680000)
 ParOldGen       total 68608K, used 40999K [0x0000000080000000, 0x0000000084300000, 0x00000000d5580000)
  object space 68608K, 59% used [0x0000000080000000,0x0000000082809ed0,0x0000000084300000)
 Metaspace       used 54433K, committed 55680K, reserved 1114112K
  class space    used 6443K, committed 6976K, reserved 1048576K
}
Event: 11.442 GC heap before
{Heap before GC invocations=38 (full 2):
 PSYoungGen      total 14848K, used 14624K [0x00000000d5580000, 0x00000000d6680000, 0x0000000100000000)
  eden space 14336K, 100% used [0x00000000d5580000,0x00000000d6380000,0x00000000d6380000)
  from space 512K, 56% used [0x00000000d6580000,0x00000000d65c8000,0x00000000d6600000)
  to   space 512K, 0% used [0x00000000d6600000,0x00000000d6600000,0x00000000d6680000)
 ParOldGen       total 68608K, used 40999K [0x0000000080000000, 0x0000000084300000, 0x00000000d5580000)
  object space 68608K, 59% used [0x0000000080000000,0x0000000082809ed0,0x0000000084300000)
 Metaspace       used 55458K, committed 56704K, reserved 1114112K
  class space    used 6600K, committed 7104K, reserved 1048576K
}
Event: 11.443 GC heap after
{Heap after GC invocations=38 (full 2):
 PSYoungGen      total 14848K, used 496K [0x00000000d5580000, 0x00000000d6680000, 0x0000000100000000)
  eden space 14336K, 0% used [0x00000000d5580000,0x00000000d5580000,0x00000000d6380000)
  from space 512K, 97% used [0x00000000d6600000,0x00000000d667c330,0x00000000d6680000)
  to   space 1024K, 0% used [0x00000000d6480000,0x00000000d6480000,0x00000000d6580000)
 ParOldGen       total 68608K, used 41407K [0x0000000080000000, 0x0000000084300000, 0x00000000d5580000)
  object space 68608K, 60% used [0x0000000080000000,0x000000008286feb8,0x0000000084300000)
 Metaspace       used 55458K, committed 56704K, reserved 1114112K
  class space    used 6600K, committed 7104K, reserved 1048576K
}
Event: 11.577 GC heap before
{Heap before GC invocations=39 (full 2):
 PSYoungGen      total 14848K, used 14832K [0x00000000d5580000, 0x00000000d6680000, 0x0000000100000000)
  eden space 14336K, 100% used [0x00000000d5580000,0x00000000d6380000,0x00000000d6380000)
  from space 512K, 97% used [0x00000000d6600000,0x00000000d667c330,0x00000000d6680000)
  to   space 1024K, 0% used [0x00000000d6480000,0x00000000d6480000,0x00000000d6580000)
 ParOldGen       total 68608K, used 41407K [0x0000000080000000, 0x0000000084300000, 0x00000000d5580000)
  object space 68608K, 60% used [0x0000000080000000,0x000000008286feb8,0x0000000084300000)
 Metaspace       used 56364K, committed 57664K, reserved 1114112K
  class space    used 6765K, committed 7360K, reserved 1048576K
}
Event: 11.579 GC heap after
{Heap after GC invocations=39 (full 2):
 PSYoungGen      total 15360K, used 707K [0x00000000d5580000, 0x00000000d6680000, 0x0000000100000000)
  eden space 14336K, 0% used [0x00000000d5580000,0x00000000d5580000,0x00000000d6380000)
  from space 1024K, 69% used [0x00000000d6480000,0x00000000d6530df0,0x00000000d6580000)
  to   space 1024K, 0% used [0x00000000d6580000,0x00000000d6580000,0x00000000d6680000)
 ParOldGen       total 68608K, used 41829K [0x0000000080000000, 0x0000000084300000, 0x00000000d5580000)
  object space 68608K, 60% used [0x0000000080000000,0x00000000828d9468,0x0000000084300000)
 Metaspace       used 56364K, committed 57664K, reserved 1114112K
  class space    used 6765K, committed 7360K, reserved 1048576K
}

Dll operation events (13 events):
Event: 0.015 Loaded shared library c:\Users\yuvra\.vscode\extensions\redhat.java-1.52.0-win32-x64\jre\21.0.9-win32-x86_64\bin\java.dll
Event: 0.115 Loaded shared library c:\Users\yuvra\.vscode\extensions\redhat.java-1.52.0-win32-x64\jre\21.0.9-win32-x86_64\bin\zip.dll
Event: 0.143 Loaded shared library C:\Users\yuvra\.vscode\extensions\redhat.java-1.52.0-win32-x64\jre\21.0.9-win32-x86_64\bin\instrument.dll
Event: 0.153 Loaded shared library C:\Users\yuvra\.vscode\extensions\redhat.java-1.52.0-win32-x64\jre\21.0.9-win32-x86_64\bin\net.dll
Event: 0.158 Loaded shared library C:\Users\yuvra\.vscode\extensions\redhat.java-1.52.0-win32-x64\jre\21.0.9-win32-x86_64\bin\nio.dll
Event: 0.163 Loaded shared library C:\Users\yuvra\.vscode\extensions\redhat.java-1.52.0-win32-x64\jre\21.0.9-win32-x86_64\bin\zip.dll
Event: 0.191 Loaded shared library C:\Users\yuvra\.vscode\extensions\redhat.java-1.52.0-win32-x64\jre\21.0.9-win32-x86_64\bin\jimage.dll
Event: 0.342 Loaded shared library c:\Users\yuvra\.vscode\extensions\redhat.java-1.52.0-win32-x64\jre\21.0.9-win32-x86_64\bin\verify.dll
Event: 2.128 Loaded shared library C:\Users\yuvra\AppData\Roaming\Code\User\globalStorage\redhat.java\1.52.0\config_win\org.eclipse.equinox.launcher\org.eclipse.equinox.launcher.win32.win32.x86_64_1.2.1500.v20260121-1430\eclipse_11919.dll
Event: 5.609 Loaded shared library C:\Users\yuvra\AppData\Local\Temp\jna-115348617\jna9853076019137905130.dll
Event: 9.162 Loaded shared library C:\Users\yuvra\.gradle\native\1def1411415f61bf3af743bc5b6707747c0891f09f0c88961ee8f79bc544acac\windows-amd64\native-platform.dll
Event: 10.758 Loaded shared library C:\Users\yuvra\.vscode\extensions\redhat.java-1.52.0-win32-x64\jre\21.0.9-win32-x86_64\bin\management.dll
Event: 10.763 Loaded shared library C:\Users\yuvra\.vscode\extensions\redhat.java-1.52.0-win32-x64\jre\21.0.9-win32-x86_64\bin\management_ext.dll

Deoptimization events (20 events):
Event: 10.913 Thread 0x0000027361e87eb0 DEOPT PACKING pc=0x000002730e1f3bf0 sp=0x000000a70a1fe300
Event: 10.913 Thread 0x0000027361e87eb0 DEOPT UNPACKING pc=0x000002730da63aa2 sp=0x000000a70a1fe280 mode 2
Event: 10.914 Thread 0x0000027361e87eb0 Uncommon trap: trap_request=0xffffffc6 fr.pc=0x000002730e1f3bf0 relative=0x00000000000002f0
Event: 10.914 Thread 0x0000027361e87eb0 Uncommon trap: reason=bimorphic_or_optimized_type_check action=maybe_recompile pc=0x000002730e1f3bf0 method=org.eclipse.core.internal.dtree.DeltaDataTree.getChildNodes(Lorg/eclipse/core/runtime/IPath;)[Lorg/eclipse/core/internal/dtree/AbstractDataTreeNode
Event: 10.914 Thread 0x0000027361e87eb0 DEOPT PACKING pc=0x000002730e1f3bf0 sp=0x000000a70a1fe300
Event: 10.914 Thread 0x0000027361e87eb0 DEOPT UNPACKING pc=0x000002730da63aa2 sp=0x000000a70a1fe280 mode 2
Event: 10.915 Thread 0x0000027361e87eb0 Uncommon trap: trap_request=0xffffffc6 fr.pc=0x000002730e1f3bf0 relative=0x00000000000002f0
Event: 10.915 Thread 0x0000027361e87eb0 Uncommon trap: reason=bimorphic_or_optimized_type_check action=maybe_recompile pc=0x000002730e1f3bf0 method=org.eclipse.core.internal.dtree.DeltaDataTree.getChildNodes(Lorg/eclipse/core/runtime/IPath;)[Lorg/eclipse/core/internal/dtree/AbstractDataTreeNode
Event: 10.915 Thread 0x0000027361e87eb0 DEOPT PACKING pc=0x000002730e1f3bf0 sp=0x000000a70a1fe300
Event: 10.915 Thread 0x0000027361e87eb0 DEOPT UNPACKING pc=0x000002730da63aa2 sp=0x000000a70a1fe280 mode 2
Event: 11.264 Thread 0x0000027361e87eb0 Uncommon trap: trap_request=0xffffffbe fr.pc=0x000002730e239960 relative=0x0000000000000be0
Event: 11.264 Thread 0x0000027361e87eb0 Uncommon trap: reason=profile_predicate action=maybe_recompile pc=0x000002730e239960 method=java.util.TreeMap.put(Ljava/lang/Object;Ljava/lang/Object;Z)Ljava/lang/Object; @ 27 c2
Event: 11.264 Thread 0x0000027361e87eb0 DEOPT PACKING pc=0x000002730e239960 sp=0x000000a70a1fd800
Event: 11.264 Thread 0x0000027361e87eb0 DEOPT UNPACKING pc=0x000002730da63aa2 sp=0x000000a70a1fd7b0 mode 2
Event: 11.334 Thread 0x00000273624ed0c0 DEOPT PACKING pc=0x000002730670bbfb sp=0x000000a70bffcdc0
Event: 11.334 Thread 0x00000273624ed0c0 DEOPT UNPACKING pc=0x000002730da64242 sp=0x000000a70bffc2f8 mode 0
Event: 11.382 Thread 0x00000273624ed0c0 DEOPT PACKING pc=0x000002730670bbfb sp=0x000000a70bffc850
Event: 11.382 Thread 0x00000273624ed0c0 DEOPT UNPACKING pc=0x000002730da64242 sp=0x000000a70bffbd88 mode 0
Event: 11.431 Thread 0x00000273624ed0c0 DEOPT PACKING pc=0x00000273071eeebb sp=0x000000a70bffa0c0
Event: 11.431 Thread 0x00000273624ed0c0 DEOPT UNPACKING pc=0x000002730da64242 sp=0x000000a70bff9530 mode 0

Classes loaded (20 events):
Event: 10.775 Loading class java/lang/management/ManagementPermission
Event: 10.775 Loading class java/lang/management/ManagementPermission done
Event: 11.282 Loading class java/nio/charset/CharacterCodingException
Event: 11.282 Loading class java/nio/charset/CharacterCodingException done
Event: 11.282 Loading class java/io/ObjectOutputStream$BlockDataOutputStream
Event: 11.283 Loading class java/io/ObjectOutputStream$BlockDataOutputStream done
Event: 11.283 Loading class java/io/ObjectOutputStream$HandleTable
Event: 11.283 Loading class java/io/ObjectOutputStream$HandleTable done
Event: 11.283 Loading class java/io/ObjectOutputStream$ReplaceTable
Event: 11.283 Loading class java/io/ObjectOutputStream$ReplaceTable done
Event: 11.376 Loading class java/util/PriorityQueue
Event: 11.377 Loading class java/util/PriorityQueue done
Event: 11.455 Loading class java/util/OptionalInt
Event: 11.456 Loading class java/util/OptionalInt done
Event: 11.456 Loading class java/util/OptionalLong
Event: 11.456 Loading class java/util/OptionalLong done
Event: 11.456 Loading class java/util/OptionalDouble
Event: 11.456 Loading class java/util/OptionalDouble done
Event: 11.568 Loading class java/util/function/ObjIntConsumer
Event: 11.569 Loading class java/util/function/ObjIntConsumer done

Classes unloaded (20 events):
Event: 6.372 Thread 0x0000027303274990 Unloading class 0x000002731b1ab000 'java/lang/invoke/LambdaForm$MH+0x000002731b1ab000'
Event: 6.372 Thread 0x0000027303274990 Unloading class 0x000002731b1aac00 'java/lang/invoke/LambdaForm$MH+0x000002731b1aac00'
Event: 6.372 Thread 0x0000027303274990 Unloading class 0x000002731b1aa800 'java/lang/invoke/LambdaForm$MH+0x000002731b1aa800'
Event: 6.372 Thread 0x0000027303274990 Unloading class 0x000002731b1aa400 'java/lang/invoke/LambdaForm$MH+0x000002731b1aa400'
Event: 6.372 Thread 0x0000027303274990 Unloading class 0x000002731b1aa000 'java/lang/invoke/LambdaForm$BMH+0x000002731b1aa000'
Event: 6.372 Thread 0x0000027303274990 Unloading class 0x000002731b1a9c00 'java/lang/invoke/LambdaForm$DMH+0x000002731b1a9c00'
Event: 6.372 Thread 0x0000027303274990 Unloading class 0x000002731b1a8800 'java/lang/invoke/LambdaForm$DMH+0x000002731b1a8800'
Event: 8.120 Thread 0x0000027303274990 Unloading class 0x000002731b317000 'java/lang/invoke/LambdaForm$MH+0x000002731b317000'
Event: 8.120 Thread 0x0000027303274990 Unloading class 0x000002731b316400 'java/lang/invoke/LambdaForm$MH+0x000002731b316400'
Event: 8.120 Thread 0x0000027303274990 Unloading class 0x000002731b316000 'java/lang/invoke/LambdaForm$MH+0x000002731b316000'
Event: 8.120 Thread 0x0000027303274990 Unloading class 0x000002731b315400 'java/lang/invoke/LambdaForm$MH+0x000002731b315400'
Event: 8.120 Thread 0x0000027303274990 Unloading class 0x000002731b315000 'java/lang/invoke/LambdaForm$DMH+0x000002731b315000'
Event: 8.120 Thread 0x0000027303274990 Unloading class 0x000002731b314400 'java/lang/invoke/LambdaForm$MH+0x000002731b314400'
Event: 8.120 Thread 0x0000027303274990 Unloading class 0x000002731b310c00 'java/lang/invoke/LambdaForm$MH+0x000002731b310c00'
Event: 8.120 Thread 0x0000027303274990 Unloading class 0x000002731b310400 'java/lang/invoke/LambdaForm$MH+0x000002731b310400'
Event: 8.120 Thread 0x0000027303274990 Unloading class 0x000002731b30bc00 'java/lang/invoke/LambdaForm$MH+0x000002731b30bc00'
Event: 8.120 Thread 0x0000027303274990 Unloading class 0x000002731b30b400 'java/lang/invoke/LambdaForm$MH+0x000002731b30b400'
Event: 8.120 Thread 0x0000027303274990 Unloading class 0x000002731b30ac00 'java/lang/invoke/LambdaForm$MH+0x000002731b30ac00'
Event: 8.120 Thread 0x0000027303274990 Unloading class 0x000002731b30a400 'java/lang/invoke/LambdaForm$MH+0x000002731b30a400'
Event: 8.120 Thread 0x0000027303274990 Unloading class 0x000002731b309400 'java/lang/invoke/LambdaForm$MH+0x000002731b309400'

Classes redefined (0 events):
No events

Internal exceptions (20 events):
Event: 10.199 Thread 0x0000027361e87eb0 Exception <a 'sun/nio/fs/WindowsException'{0x00000000d6257580}> (0x00000000d6257580) 
thrown [s\src\hotspot\share\prims\jni.cpp, line 520]
Event: 10.199 Thread 0x0000027361e87eb0 Exception <a 'sun/nio/fs/WindowsException'{0x00000000d6257dd0}> (0x00000000d6257dd0) 
thrown [s\src\hotspot\share\prims\jni.cpp, line 520]
Event: 10.199 Thread 0x0000027361e87eb0 Exception <a 'sun/nio/fs/WindowsException'{0x00000000d6258c00}> (0x00000000d6258c00) 
thrown [s\src\hotspot\share\prims\jni.cpp, line 520]
Event: 10.199 Thread 0x0000027361e87eb0 Exception <a 'sun/nio/fs/WindowsException'{0x00000000d6259450}> (0x00000000d6259450) 
thrown [s\src\hotspot\share\prims\jni.cpp, line 520]
Event: 10.220 Thread 0x0000027361e87eb0 Exception <a 'sun/nio/fs/WindowsException'{0x00000000d636b750}> (0x00000000d636b750) 
thrown [s\src\hotspot\share\prims\jni.cpp, line 520]
Event: 10.220 Thread 0x0000027361e87eb0 Exception <a 'sun/nio/fs/WindowsException'{0x00000000d636bfa0}> (0x00000000d636bfa0) 
thrown [s\src\hotspot\share\prims\jni.cpp, line 520]
Event: 10.231 Thread 0x0000027361e87eb0 Exception <a 'sun/nio/fs/WindowsException'{0x00000000d561a490}> (0x00000000d561a490) 
thrown [s\src\hotspot\share\prims\jni.cpp, line 520]
Event: 10.231 Thread 0x0000027361e87eb0 Exception <a 'sun/nio/fs/WindowsException'{0x00000000d561ace0}> (0x00000000d561ace0) 
thrown [s\src\hotspot\share\prims\jni.cpp, line 520]
Event: 10.237 Thread 0x0000027361e87eb0 Exception <a 'sun/nio/fs/WindowsException'{0x00000000d56ed328}> (0x00000000d56ed328) 
thrown [s\src\hotspot\share\prims\jni.cpp, line 520]
Event: 10.238 Thread 0x0000027361e87eb0 Exception <a 'sun/nio/fs/WindowsException'{0x00000000d56ed978}> (0x00000000d56ed978) 
thrown [s\src\hotspot\share\prims\jni.cpp, line 520]
Event: 10.238 Thread 0x0000027361e87eb0 Exception <a 'sun/nio/fs/WindowsException'{0x00000000d56ee388}> (0x00000000d56ee388) 
thrown [s\src\hotspot\share\prims\jni.cpp, line 520]
Event: 10.238 Thread 0x0000027361e87eb0 Exception <a 'sun/nio/fs/WindowsException'{0x00000000d56ee9d8}> (0x00000000d56ee9d8) 
thrown [s\src\hotspot\share\prims\jni.cpp, line 520]
Event: 10.239 Thread 0x0000027361e87eb0 Exception <a 'sun/nio/fs/WindowsException'{0x00000000d56ef468}> (0x00000000d56ef468) 
thrown [s\src\hotspot\share\prims\jni.cpp, line 520]
Event: 10.239 Thread 0x0000027361e87eb0 Exception <a 'sun/nio/fs/WindowsException'{0x00000000d56efab8}> (0x00000000d56efab8) 
thrown [s\src\hotspot\share\prims\jni.cpp, line 520]
Event: 10.438 Thread 0x00000273624e7b70 Exception <a 'java/lang/NoSuchMethodError'{0x00000000d628aed0}: 'java.lang.Object java.lang.invoke.DirectMethodHandle$Holder.invokeVirtual(java.lang.Object, java.lang.Object, java.lang.Object, java.lang.Object, java.lang.Object, java.lang.Object)'> (0x00000000d628aed0) 
thrown [s\src\hotspot\share\interpreter\linkResolver.cpp, line 773]
Event: 10.523 Thread 0x00000273624e7b70 Exception <a 'java/lang/NoSuchMethodError'{0x00000000d5980228}: 'java.lang.Object java.lang.invoke.DirectMethodHandle$Holder.invokeVirtual(java.lang.Object, java.lang.Object, java.lang.Object, java.lang.Object, java.lang.Object, java.lang.Object, java.lang.Object)'> (0x00000000d5980228) 
thrown [s\src\hotspot\share\interpreter\linkResolver.cpp, line 773]
Event: 10.631 Thread 0x00000273624e7b70 Exception <a 'java/lang/NoSuchMethodError'{0x00000000d5f34878}: 'java.lang.Object java.lang.invoke.DirectMethodHandle$Holder.invokeVirtual(java.lang.Object, java.lang.Object, java.lang.Object, java.lang.Object, java.lang.Object, java.lang.Object, java.lang.Object, java.lang.Object)'> (0x00000000d5f34878) 
thrown [s\src\hotspot\share\interpreter\linkResolver.cpp, line 773]
Event: 10.688 Thread 0x00000273624e7b70 Exception <a 'java/lang/NoSuchMethodError'{0x00000000d629eeb8}: 'java.lang.Object java.lang.invoke.DirectMethodHandle$Holder.invokeVirtual(java.lang.Object, java.lang.Object, java.lang.Object, java.lang.Object, java.lang.Object, java.lang.Object, java.lang.Object, java.lang.Object, java.lang.Object, java.lang.Object, java.lang.Object, java.lang.Object)'> (0x00000000d629eeb8) 
thrown [s\src\hotspot\share\interpreter\linkResolver.cpp, line 773]
Event: 10.691 Thread 0x00000273624e7b70 Exception <a 'java/lang/NoSuchMethodError'{0x00000000d62ed0f0}: 'java.lang.Object java.lang.invoke.DirectMethodHandle$Holder.invokeStatic(java.lang.Object, java.lang.Object, java.lang.Object, java.lang.Object, java.lang.Object, java.lang.Object, java.lang.Object, java.lang.Object, java.lang.Object, java.lang.Object, java.lang.Object, java.lang.Object, java.lang.Object)'> (0x00000000d62ed0f0) 
thrown [s\src\hotspot\share\interpreter\linkResolver.cpp, line 773]
Event: 10.693 Thread 0x00000273624e7b70 Exception <a 'java/lang/NoSuchMethodError'{0x00000000d63104c0}: 'java.lang.Object java.lang.invoke.DirectMethodHandle$Holder.invokeStatic(java.lang.Object, java.lang.Object, java.lang.Object, java.lang.Object, java.lang.Object, java.lang.Object, java.lang.Object, java.lang.Object, java.lang.Object, java.lang.Object, java.lang.Object, java.lang.Object, java.lang.Object, java.lang.Object)'> (0x00000000d63104c0) 
thrown [s\src\hotspot\share\interpreter\linkResolver.cpp, line 773]

ZGC Phase Switch (0 events):
No events

VM Operations (20 events):
Event: 10.092 Executing VM operation: ParallelGCFailedAllocation (Allocation Failure)
Event: 10.094 Executing VM operation: ParallelGCFailedAllocation (Allocation Failure) done
Event: 10.221 Executing VM operation: ParallelGCFailedAllocation (Allocation Failure)
Event: 10.223 Executing VM operation: ParallelGCFailedAllocation (Allocation Failure) done
Event: 10.422 Executing VM operation: HandshakeAllThreads (Deoptimize)
Event: 10.422 Executing VM operation: HandshakeAllThreads (Deoptimize) done
Event: 10.456 Executing VM operation: ParallelGCFailedAllocation (Allocation Failure)
Event: 10.458 Executing VM operation: ParallelGCFailedAllocation (Allocation Failure) done
Event: 10.697 Executing VM operation: ParallelGCFailedAllocation (Allocation Failure)
Event: 10.699 Executing VM operation: ParallelGCFailedAllocation (Allocation Failure) done
Event: 10.908 Executing VM operation: ParallelGCFailedAllocation (Allocation Failure)
Event: 10.910 Executing VM operation: ParallelGCFailedAllocation (Allocation Failure) done
Event: 11.090 Executing VM operation: ParallelGCFailedAllocation (Allocation Failure)
Event: 11.092 Executing VM operation: ParallelGCFailedAllocation (Allocation Failure) done
Event: 11.236 Executing VM operation: ParallelGCFailedAllocation (Allocation Failure)
Event: 11.237 Executing VM operation: ParallelGCFailedAllocation (Allocation Failure) done
Event: 11.442 Executing VM operation: ParallelGCFailedAllocation (Allocation Failure)
Event: 11.443 Executing VM operation: ParallelGCFailedAllocation (Allocation Failure) done
Event: 11.577 Executing VM operation: ParallelGCFailedAllocation (Allocation Failure)
Event: 11.579 Executing VM operation: ParallelGCFailedAllocation (Allocation Failure) done

Memory protections (0 events):
No events

Nmethod flushes (20 events):
Event: 8.132 Thread 0x0000027303274990 flushing  nmethod 0x0000027306bd1f10
Event: 8.132 Thread 0x0000027303274990 flushing  nmethod 0x0000027306bd2810
Event: 8.132 Thread 0x0000027303274990 flushing  nmethod 0x0000027306bd3a10
Event: 8.132 Thread 0x0000027303274990 flushing  nmethod 0x0000027306bd4210
Event: 8.132 Thread 0x0000027303274990 flushing  nmethod 0x0000027306bd4990
Event: 8.132 Thread 0x0000027303274990 flushing  nmethod 0x0000027306bd6310
Event: 8.132 Thread 0x0000027303274990 flushing  nmethod 0x0000027306bd6810
Event: 8.132 Thread 0x0000027303274990 flushing  nmethod 0x0000027306bd7510
Event: 8.132 Thread 0x0000027303274990 flushing  nmethod 0x0000027306bd7990
Event: 8.132 Thread 0x0000027303274990 flushing  nmethod 0x0000027306bd8690
Event: 8.132 Thread 0x0000027303274990 flushing  nmethod 0x0000027306bd8e90
Event: 8.132 Thread 0x0000027303274990 flushing  nmethod 0x0000027306bda390
Event: 8.132 Thread 0x0000027303274990 flushing  nmethod 0x0000027306bf5590
Event: 8.132 Thread 0x0000027303274990 flushing  nmethod 0x0000027306c10790
Event: 8.132 Thread 0x0000027303274990 flushing  nmethod 0x0000027306c12e90
Event: 8.132 Thread 0x0000027303274990 flushing  nmethod 0x0000027306c14a90
Event: 8.132 Thread 0x0000027303274990 flushing  nmethod 0x0000027306c1dc90
Event: 8.132 Thread 0x0000027303274990 flushing  nmethod 0x0000027306c29210
Event: 8.132 Thread 0x0000027303274990 flushing  nmethod 0x0000027306c60890
Event: 8.132 Thread 0x0000027303274990 flushing  nmethod 0x0000027306c7f290

Events (20 events):
Event: 8.155 Thread 0x00000273032e4650 Thread added: 0x0000027363ec6600
Event: 8.303 Thread 0x0000027363ec2af0 Thread added: 0x0000027363ec8040
Event: 8.342 Thread 0x0000027363ec2af0 Thread added: 0x0000027363ec4bc0
Event: 8.514 Thread 0x00000273032e4650 Thread added: 0x00000273624ea2d0
Event: 8.514 Thread 0x00000273032e4650 Thread added: 0x00000273624e95b0
Event: 8.565 Thread 0x0000027363ec2af0 Thread added: 0x00000273624e7b70
Event: 10.274 Thread 0x0000027361e87eb0 Thread added: 0x00000273624ec3a0
Event: 10.275 Thread 0x0000027361e87eb0 Thread added: 0x00000273624e8f20
Event: 10.874 Thread 0x00000273624e8f20 Thread exited: 0x00000273624e8f20
Event: 10.874 Thread 0x00000273624e7b70 Thread exited: 0x00000273624e7b70
Event: 10.886 Thread 0x0000027361e87eb0 Thread added: 0x00000273624e9c40
Event: 10.891 Thread 0x0000027363ec2af0 Thread added: 0x00000273624ea960
Event: 10.891 Thread 0x0000027361e87eb0 Thread added: 0x00000273624e8f20
Event: 10.907 Thread 0x00000273624e8f20 Thread exited: 0x00000273624e8f20
Event: 10.908 Thread 0x0000027361e87eb0 Thread added: 0x00000273624eaff0
Event: 11.232 Thread 0x0000027361e87eb0 Thread added: 0x00000273624edde0
Event: 11.233 Thread 0x0000027361e87eb0 Thread added: 0x00000273624ed750
Event: 11.245 Thread 0x00000273624ed750 Thread exited: 0x00000273624ed750
Event: 11.246 Thread 0x0000027361e87eb0 Thread added: 0x00000273624eca30
Event: 11.249 Thread 0x0000027361e87eb0 Thread added: 0x00000273624ed0c0


Dynamic libraries:
0x00007ff701b10000 - 0x00007ff701b1e000 	c:\Users\yuvra\.vscode\extensions\redhat.java-1.52.0-win32-x64\jre\21.0.9-win32-x86_64\bin\java.exe
0x00007ffd6b320000 - 0x00007ffd6b588000 	C:\WINDOWS\SYSTEM32\ntdll.dll
0x00007ffd690c0000 - 0x00007ffd69189000 	C:\WINDOWS\System32\KERNEL32.DLL
0x00007ffd68c10000 - 0x00007ffd69001000 	C:\WINDOWS\System32\KERNELBASE.dll
0x00007ffd686d0000 - 0x00007ffd6881b000 	C:\WINDOWS\System32\ucrtbase.dll
0x00007ffd594e0000 - 0x00007ffd594f8000 	c:\Users\yuvra\.vscode\extensions\redhat.java-1.52.0-win32-x64\jre\21.0.9-win32-x86_64\bin\jli.dll
0x00007ffd5ad90000 - 0x00007ffd5adae000 	c:\Users\yuvra\.vscode\extensions\redhat.java-1.52.0-win32-x64\jre\21.0.9-win32-x86_64\bin\VCRUNTIME140.dll
0x00007ffd69fa0000 - 0x00007ffd6a166000 	C:\WINDOWS\System32\USER32.dll
0x00007ffd4d440000 - 0x00007ffd4d6d3000 	C:\WINDOWS\WinSxS\amd64_microsoft.windows.common-controls_6595b64144ccf1df_6.0.26100.7705_none_3e06597ae3363b04\COMCTL32.dll
0x00007ffd6a170000 - 0x00007ffd6a219000 	C:\WINDOWS\System32\msvcrt.dll
0x00007ffd686a0000 - 0x00007ffd686c7000 	C:\WINDOWS\System32\win32u.dll
0x00007ffd6a2b0000 - 0x00007ffd6a2db000 	C:\WINDOWS\System32\GDI32.dll
0x00007ffd68a50000 - 0x00007ffd68b7b000 	C:\WINDOWS\System32\gdi32full.dll
0x00007ffd67d80000 - 0x00007ffd67e23000 	C:\WINDOWS\System32\msvcp_win.dll
0x00007ffd69900000 - 0x00007ffd69931000 	C:\WINDOWS\System32\IMM32.DLL
0x00007ffd61f60000 - 0x00007ffd61f6c000 	c:\Users\yuvra\.vscode\extensions\redhat.java-1.52.0-win32-x64\jre\21.0.9-win32-x86_64\bin\vcruntime140_1.dll
0x00007ffd126a0000 - 0x00007ffd1272d000 	c:\Users\yuvra\.vscode\extensions\redhat.java-1.52.0-win32-x64\jre\21.0.9-win32-x86_64\bin\msvcp140.dll
0x00007ffcfb9d0000 - 0x00007ffcfc770000 	c:\Users\yuvra\.vscode\extensions\redhat.java-1.52.0-win32-x64\jre\21.0.9-win32-x86_64\bin\server\jvm.dll
0x00007ffd69840000 - 0x00007ffd698f4000 	C:\WINDOWS\System32\ADVAPI32.dll
0x00007ffd69650000 - 0x00007ffd696f6000 	C:\WINDOWS\System32\sechost.dll
0x00007ffd69720000 - 0x00007ffd69838000 	C:\WINDOWS\System32\RPCRT4.dll
0x00007ffd6a2e0000 - 0x00007ffd6a354000 	C:\WINDOWS\System32\WS2_32.dll
0x00007ffd60100000 - 0x00007ffd60135000 	C:\WINDOWS\SYSTEM32\WINMM.dll
0x00007ffd67a60000 - 0x00007ffd67abe000 	C:\WINDOWS\SYSTEM32\POWRPROF.dll
0x00007ffd60140000 - 0x00007ffd6014b000 	C:\WINDOWS\SYSTEM32\VERSION.dll
0x00007ffd67a40000 - 0x00007ffd67a54000 	C:\WINDOWS\SYSTEM32\UMPDC.dll
0x00007ffd669b0000 - 0x00007ffd669cb000 	C:\WINDOWS\SYSTEM32\kernel.appcore.dll
0x00007ffd5da50000 - 0x00007ffd5da5a000 	c:\Users\yuvra\.vscode\extensions\redhat.java-1.52.0-win32-x64\jre\21.0.9-win32-x86_64\bin\jimage.dll
0x00007ffd65c70000 - 0x00007ffd65eb2000 	C:\WINDOWS\SYSTEM32\DBGHELP.DLL
0x00007ffd69c10000 - 0x00007ffd69f96000 	C:\WINDOWS\System32\combase.dll
0x00007ffd69a10000 - 0x00007ffd69ae7000 	C:\WINDOWS\System32\OLEAUT32.dll
0x00007ffd4bce0000 - 0x00007ffd4bd1b000 	C:\WINDOWS\SYSTEM32\dbgcore.DLL
0x00007ffd69010000 - 0x00007ffd690b5000 	C:\WINDOWS\System32\bcryptPrimitives.dll
0x00007ffd5f680000 - 0x00007ffd5f68f000 	c:\Users\yuvra\.vscode\extensions\redhat.java-1.52.0-win32-x64\jre\21.0.9-win32-x86_64\bin\instrument.dll
0x00007ffd57e00000 - 0x00007ffd57e20000 	c:\Users\yuvra\.vscode\extensions\redhat.java-1.52.0-win32-x64\jre\21.0.9-win32-x86_64\bin\java.dll
0x00007ffd6a870000 - 0x00007ffd6afc1000 	C:\WINDOWS\System32\SHELL32.dll
0x00007ffd688e0000 - 0x00007ffd68a4a000 	C:\WINDOWS\System32\wintypes.dll
0x00007ffd67e30000 - 0x00007ffd68692000 	C:\WINDOWS\System32\windows.storage.dll
0x00007ffd69af0000 - 0x00007ffd69be6000 	C:\WINDOWS\System32\SHCORE.dll
0x00007ffd6b270000 - 0x00007ffd6b2d7000 	C:\WINDOWS\System32\shlwapi.dll
0x00007ffd67b20000 - 0x00007ffd67b49000 	C:\WINDOWS\SYSTEM32\profapi.dll
0x00007ffd57090000 - 0x00007ffd570a8000 	c:\Users\yuvra\.vscode\extensions\redhat.java-1.52.0-win32-x64\jre\21.0.9-win32-x86_64\bin\zip.dll
0x00007ffd5b870000 - 0x00007ffd5b880000 	C:\Users\yuvra\.vscode\extensions\redhat.java-1.52.0-win32-x64\jre\21.0.9-win32-x86_64\bin\net.dll
0x00007ffd61450000 - 0x00007ffd61577000 	C:\WINDOWS\SYSTEM32\WINHTTP.dll
0x00007ffd66f20000 - 0x00007ffd66f8b000 	C:\WINDOWS\system32\mswsock.dll
0x00007ffd3a280000 - 0x00007ffd3a296000 	C:\Users\yuvra\.vscode\extensions\redhat.java-1.52.0-win32-x64\jre\21.0.9-win32-x86_64\bin\nio.dll
0x00007ffd5f670000 - 0x00007ffd5f680000 	c:\Users\yuvra\.vscode\extensions\redhat.java-1.52.0-win32-x64\jre\21.0.9-win32-x86_64\bin\verify.dll
0x00007ffd5ac20000 - 0x00007ffd5ac65000 	C:\Users\yuvra\AppData\Roaming\Code\User\globalStorage\redhat.java\1.52.0\config_win\org.eclipse.equinox.launcher\org.eclipse.equinox.launcher.win32.win32.x86_64_1.2.1500.v20260121-1430\eclipse_11919.dll
0x00007ffd694b0000 - 0x00007ffd69647000 	C:\WINDOWS\System32\ole32.dll
0x00007ffd671e0000 - 0x00007ffd671fb000 	C:\WINDOWS\SYSTEM32\CRYPTSP.dll
0x00007ffd66910000 - 0x00007ffd66949000 	C:\WINDOWS\system32\rsaenh.dll
0x00007ffd66fd0000 - 0x00007ffd66ffb000 	C:\WINDOWS\SYSTEM32\USERENV.dll
0x00007ffd67af0000 - 0x00007ffd67b1a000 	C:\WINDOWS\SYSTEM32\bcrypt.dll
0x00007ffd67200000 - 0x00007ffd6720c000 	C:\WINDOWS\SYSTEM32\CRYPTBASE.dll
0x00007ffd66390000 - 0x00007ffd663c4000 	C:\WINDOWS\SYSTEM32\IPHLPAPI.DLL
0x00007ffd69bf0000 - 0x00007ffd69bfa000 	C:\WINDOWS\System32\NSI.dll
0x00007ffd57300000 - 0x00007ffd57349000 	C:\Users\yuvra\AppData\Local\Temp\jna-115348617\jna9853076019137905130.dll
0x00007ffd69c00000 - 0x00007ffd69c08000 	C:\WINDOWS\System32\PSAPI.DLL
0x00007ffd61420000 - 0x00007ffd6143e000 	C:\WINDOWS\SYSTEM32\dhcpcsvc6.DLL
0x00007ffd613f0000 - 0x00007ffd61413000 	C:\WINDOWS\SYSTEM32\dhcpcsvc.DLL
0x00007ffd5baf0000 - 0x00007ffd5bb17000 	C:\Users\yuvra\.gradle\native\1def1411415f61bf3af743bc5b6707747c0891f09f0c88961ee8f79bc544acac\windows-amd64\native-platform.dll
0x00007ffd5ab50000 - 0x00007ffd5ab5a000 	C:\Users\yuvra\.vscode\extensions\redhat.java-1.52.0-win32-x64\jre\21.0.9-win32-x86_64\bin\management.dll
0x00007ffd5a810000 - 0x00007ffd5a81c000 	C:\Users\yuvra\.vscode\extensions\redhat.java-1.52.0-win32-x64\jre\21.0.9-win32-x86_64\bin\management_ext.dll

JVMTI agents:
c:\Users\yuvra\.vscode\extensions\redhat.java-1.52.0-win32-x64\lombok\lombok-1.18.39-4050.jar path:c:\Users\yuvra\.vscode\extensions\redhat.java-1.52.0-win32-x64\jre\21.0.9-win32-x86_64\bin\instrument.dll, loaded, initialized, instrumentlib options:none

dbghelp: loaded successfully - version: 4.0.5 - missing functions: none
symbol engine: initialized successfully - sym options: 0x614 - pdb path: .;c:\Users\yuvra\.vscode\extensions\redhat.java-1.52.0-win32-x64\jre\21.0.9-win32-x86_64\bin;C:\WINDOWS\SYSTEM32;C:\WINDOWS\WinSxS\amd64_microsoft.windows.common-controls_6595b64144ccf1df_6.0.26100.7705_none_3e06597ae3363b04;c:\Users\yuvra\.vscode\extensions\redhat.java-1.52.0-win32-x64\jre\21.0.9-win32-x86_64\bin\server;C:\Users\yuvra\AppData\Roaming\Code\User\globalStorage\redhat.java\1.52.0\config_win\org.eclipse.equinox.launcher\org.eclipse.equinox.launcher.win32.win32.x86_64_1.2.1500.v20260121-1430;C:\Users\yuvra\AppData\Local\Temp\jna-115348617;C:\Users\yuvra\.gradle\native\1def1411415f61bf3af743bc5b6707747c0891f09f0c88961ee8f79bc544acac\windows-amd64

VM Arguments:
jvm_args: --add-modules=ALL-SYSTEM --add-opens=java.base/java.util=ALL-UNNAMED --add-opens=java.base/java.lang=ALL-UNNAMED --add-opens=java.base/sun.nio.fs=ALL-UNNAMED -Declipse.application=org.eclipse.jdt.ls.core.id1 -Dosgi.bundles.defaultStartLevel=4 -Declipse.product=org.eclipse.jdt.ls.core.product -Djava.import.generatesMetadataFilesAtProjectRoot=false -DDetectVMInstallationsJob.disabled=true -Dfile.encoding=utf8 -XX:+UseParallelGC -XX:GCTimeRatio=4 -XX:AdaptiveSizePolicyWeight=90 -Dsun.zip.disableMemoryMapping=true -Xmx2G -Xms100m -Xlog:disable -javaagent:c:\Users\yuvra\.vscode\extensions\redhat.java-1.52.0-win32-x64\lombok\lombok-1.18.39-4050.jar -XX:+HeapDumpOnOutOfMemoryError -XX:HeapDumpPath=c:\Users\yuvra\AppData\Roaming\Code\User\workspaceStorage\0a1f5ded30702ee74c7291de2031bb62\redhat.java -Daether.dependencyCollector.impl=bf 
java_command: c:\Users\yuvra\.vscode\extensions\redhat.java-1.52.0-win32-x64\server\plugins\org.eclipse.equinox.launcher_1.7.100.v20251111-0406.jar -configuration c:\Users\yuvra\AppData\Roaming\Code\User\globalStorage\redhat.java\1.52.0\config_win -data c:\Users\yuvra\AppData\Roaming\Code\User\workspaceStorage\0a1f5ded30702ee74c7291de2031bb62\redhat.java\jdt_ws --pipe=\\.\pipe\lsp-d3a6a1210387a6ef6977d107a0da45df-sock
java_class_path (initial): c:\Users\yuvra\.vscode\extensions\redhat.java-1.52.0-win32-x64\server\plugins\org.eclipse.equinox.launcher_1.7.100.v20251111-0406.jar
Launcher Type: SUN_STANDARD

[Global flags]
    uintx AdaptiveSizePolicyWeight                 = 90                                        {product} {command line}
     intx CICompilerCount                          = 4                                         {product} {ergonomic}
    uintx GCTimeRatio                              = 4                                         {product} {command line}
     bool HeapDumpOnOutOfMemoryError               = true                                   {manageable} {command line}
    ccstr HeapDumpPath                             = c:\Users\yuvra\AppData\Roaming\Code\User\workspaceStorage\0a1f5ded30702ee74c7291de2031bb62\redhat.java         {manageable} {command line}
   size_t InitialHeapSize                          = 104857600                                 {product} {command line}
   size_t MaxHeapSize                              = 2147483648                                {product} {command line}
   size_t MaxNewSize                               = 715653120                                 {product} {ergonomic}
   size_t MinHeapDeltaBytes                        = 524288                                    {product} {ergonomic}
   size_t MinHeapSize                              = 104857600                                 {product} {command line}
   size_t NewSize                                  = 34603008                                  {product} {ergonomic}
    uintx NonNMethodCodeHeapSize                   = 5839372                                {pd product} {ergonomic}
    uintx NonProfiledCodeHeapSize                  = 122909434                              {pd product} {ergonomic}
   size_t OldSize                                  = 70254592                                  {product} {ergonomic}
    uintx ProfiledCodeHeapSize                     = 122909434                              {pd product} {ergonomic}
    uintx ReservedCodeCacheSize                    = 251658240                              {pd product} {ergonomic}
     bool SegmentedCodeCache                       = true                                      {product} {ergonomic}
   size_t SoftMaxHeapSize                          = 2147483648                             {manageable} {ergonomic}
     bool UseCompressedOops                        = true                           {product lp64_product} {ergonomic}
     bool UseLargePagesIndividualAllocation        = false                                  {pd product} {ergonomic}
     bool UseParallelGC                            = true                                      {product} {command line}

Logging:
Log output configuration:
 #0: stdout all=off uptime,level,tags foldmultilines=false
 #1: stderr all=off uptime,level,tags foldmultilines=false

Release file:
JAVA_VERSION="21.0.9" 
MODULES="java.base java.compiler java.datatransfer java.xml java.prefs java.desktop java.instrument java.logging java.management java.security.sasl java.naming java.rmi java.management.rmi java.net.http java.scripting java.security.jgss java.transaction.xa java.sql java.sql.rowset java.xml.crypto java.se java.smartcardio jdk.accessibility jdk.internal.jvmstat jdk.attach jdk.charsets jdk.internal.opt jdk.zipfs jdk.compiler jdk.crypto.ec jdk.crypto.cryptoki jdk.crypto.mscapi jdk.dynalink jdk.internal.ed jdk.editpad jdk.hotspot.agent jdk.httpserver jdk.internal.le jdk.internal.vm.ci jdk.internal.vm.compiler jdk.internal.vm.compiler.management jdk.jartool jdk.javadoc jdk.jcmd jdk.management jdk.management.agent jdk.jconsole jdk.jdeps jdk.jdwp.agent jdk.jdi jdk.jfr jdk.jshell jdk.jsobject jdk.jstatd jdk.localedata jdk.management.jfr jdk.naming.dns jdk.naming.rmi jdk.net jdk.nio.mapmode jdk.random jdk.sctp jdk.security.auth jdk.security.jgss jdk.unsupported jdk.unsupported.desktop jdk.xml.dom" 

Environment Variables:
PATH=C:\Python313\Scripts\;C:\Python313\;C:\ProgramData\Oracle\Java\javapath;C:\Program Files\Microsoft MPI\Bin\;C:\WINDOWS\system32;C:\WINDOWS;C:\WINDOWS\System32\Wbem;C:\WINDOWS\System32\WindowsPowerShell\v1.0\;C:\WINDOWS\System32\OpenSSH\;C:\MinGW\bin;C:\Program Files (x86)\Microsoft SQL Server\160\Tools\Binn\;C:\Program Files\Microsoft SQL Server\160\Tools\Binn\;C:\Program Files\Microsoft SQL Server\Client SDK\ODBC\170\Tools\Binn\;C:\Program Files\Microsoft SQL Server\160\DTS\Binn\;C:\Program Files (x86)\Microsoft SQL Server\160\DTS\Binn\;C:\Program Files\Azure Data Studio\bin;C:\Program Files\Java\jdk1.8.0_77\bin;C:\ProgramData\ComposerSetup\bin;C:\wamp64\bin\php\php8.0.26;C:\ProgramData\chocolatey\bin;C:\Program Files\nodejs\;C:\Program Files\Git\cmd;C:\Users\yuvra\AppData\Local\Programs\Python\Launcher\;C:\Users\yuvra\AppData\Local\Microsoft\WindowsApps;C:\Users\yuvra\AppData\Local\Programs\Microsoft VS Code\bin;C:\Program Files\Azure Data Studio\bin;C:\ProgramData\ComposerSetup\bin;C:\Users\yuvra\AppData\Roaming\Composer\vendor\bin;C:\Users\yuvra\AppData\Roaming\npm
USERNAME=yuvra
OS=Windows_NT
PROCESSOR_IDENTIFIER=AMD64 Family 23 Model 104 Stepping 1, AuthenticAMD
TMP=C:\Users\yuvra\AppData\Local\Temp
TEMP=C:\Users\yuvra\AppData\Local\Temp




Periodic native trim disabled

---------------  S Y S T E M  ---------------

OS:
 Windows 11 , 64 bit Build 26100 (10.0.26100.7705)
OS uptime: 2 days 22:41 hours
Hyper-V role detected

CPU: total 12 (initial active 12) (12 cores per cpu, 2 threads per core) family 23 model 104 stepping 1 microcode 0x8608109, cx8, cmov, fxsr, ht, mmx, 3dnowpref, sse, sse2, sse3, ssse3, sse4a, sse4.1, sse4.2, popcnt, lzcnt, tsc, tscinvbit, avx, avx2, aes, clmul, bmi1, bmi2, adx, sha, fma, vzeroupper, clflush, clflushopt, hv, rdtscp, rdpid, f16c
Processor Information for the first 12 processors :
  Max Mhz: 2100, Current Mhz: 1400, Mhz Limit: 2100

Memory: 4k page, system-wide physical 5989M (535M free)
TotalPageFile size 24421M (AvailPageFile size 2M)
current process WorkingSet (physical memory assigned to process): 264M, peak: 264M
current process commit charge ("private bytes"): 369M, peak: 370M

vm_info: OpenJDK 64-Bit Server VM (21.0.9+10-LTS) for windows-amd64 JRE (21.0.9+10-LTS), built on 2025-10-21T00:00:00Z by "admin" with unknown MS VC++:1942

END.
