#
# There is insufficient memory for the Java Runtime Environment to continue.
# Native memory allocation (malloc) failed to allocate 853136 bytes. Error detail: Chunk::new
# Possible reasons:
#   The system is out of physical RAM or swap space
#   This process is running with CompressedOops enabled, and the Java Heap may be blocking the growth of the native heap
# Possible solutions:
#   Reduce memory load on the system
#   Increase physical memory or swap space
#   Check if swap backing store is full
#   Decrease Java heap size (-Xmx/-Xms)
#   Decrease number of Java threads
#   Decrease Java thread stack sizes (-Xss)
#   Set larger code cache with -XX:ReservedCodeCacheSize=
#   JVM is running with Unscaled Compressed Oops mode in which the Java heap is
#     placed in the first 4GB address space. The Java Heap base address is the
#     maximum limit for the native heap growth. Please use -XX:HeapBaseMinAddress
#     to set the Java Heap base and to place the Java Heap above 4GB virtual address.
# This output file may be truncated or incomplete.
#
#  Out of Memory Error (arena.cpp:168), pid=18052, tid=9580
#
# JRE version: OpenJDK Runtime Environment Temurin-21.0.9+10 (21.0.9+10) (build 21.0.9+10-LTS)
# Java VM: OpenJDK 64-Bit Server VM Temurin-21.0.9+10 (21.0.9+10-LTS, mixed mode, sharing, tiered, compressed oops, compressed class ptrs, parallel gc, windows-amd64)
# No core dump will be written. Minidumps are not enabled by default on client versions of Windows
#

---------------  S U M M A R Y ------------

Command Line: --add-modules=ALL-SYSTEM --add-opens=java.base/java.util=ALL-UNNAMED --add-opens=java.base/java.lang=ALL-UNNAMED --add-opens=java.base/sun.nio.fs=ALL-UNNAMED -Declipse.application=org.eclipse.jdt.ls.core.id1 -Dosgi.bundles.defaultStartLevel=4 -Declipse.product=org.eclipse.jdt.ls.core.product -Djava.import.generatesMetadataFilesAtProjectRoot=false -DDetectVMInstallationsJob.disabled=true -Dfile.encoding=utf8 -XX:+UseParallelGC -XX:GCTimeRatio=4 -XX:AdaptiveSizePolicyWeight=90 -Dsun.zip.disableMemoryMapping=true -Xmx2G -Xms100m -Xlog:disable -javaagent:c:\Users\yuvra\.vscode\extensions\redhat.java-1.52.0-win32-x64\lombok\lombok-1.18.39-4050.jar -XX:+HeapDumpOnOutOfMemoryError -XX:HeapDumpPath=c:\Users\yuvra\AppData\Roaming\Code\User\workspaceStorage\0a1f5ded30702ee74c7291de2031bb62\redhat.java -Daether.dependencyCollector.impl=bf c:\Users\yuvra\.vscode\extensions\redhat.java-1.52.0-win32-x64\server\plugins\org.eclipse.equinox.launcher_1.7.100.v20251111-0406.jar -configuration c:\Users\yuvra\AppData\Roaming\Code\User\globalStorage\redhat.java\1.52.0\config_win -data c:\Users\yuvra\AppData\Roaming\Code\User\workspaceStorage\0a1f5ded30702ee74c7291de2031bb62\redhat.java\jdt_ws --pipe=\\.\pipe\lsp-1f14fd32829999c5aca04467aef76890-sock

Host: AMD Ryzen 5 5500U with Radeon Graphics         , 12 cores, 5G,  Windows 11 , 64 bit Build 26100 (10.0.26100.7705)
Time: Thu Feb  5 13:44:38 2026 India Standard Time elapsed time: 122.325752 seconds (0d 0h 2m 2s)

---------------  T H R E A D  ---------------

Current thread (0x0000016176857e10):  JavaThread "C2 CompilerThread0" daemon [_thread_in_native, id=9580, stack(0x0000003666600000,0x0000003666700000) (1024K)]


Current CompileTask:
C2:122396 9708       4       org.eclipse.jdt.internal.core.JarPackageFragmentRoot::initRawPackageInfo (292 bytes)

Stack: [0x0000003666600000,0x0000003666700000]
Native frames: (J=compiled Java code, j=interpreted, Vv=VM code, C=native code)
V  [jvm.dll+0x6d6e29]
V  [jvm.dll+0x8b4b76]
V  [jvm.dll+0x8b712e]
V  [jvm.dll+0x8b7813]
V  [jvm.dll+0x283d86]
V  [jvm.dll+0xc66ed]
V  [jvm.dll+0xc6c31]
V  [jvm.dll+0x3be501]
V  [jvm.dll+0x38ab92]
V  [jvm.dll+0x389fda]
V  [jvm.dll+0x24bfa0]
V  [jvm.dll+0x24b580]
V  [jvm.dll+0x1cb13e]
V  [jvm.dll+0x25b29d]
V  [jvm.dll+0x25982a]
V  [jvm.dll+0x3f7ea6]
V  [jvm.dll+0x85e9ad]
V  [jvm.dll+0x6d565d]
C  [ucrtbase.dll+0x37b0]
C  [KERNEL32.DLL+0x2e8d7]
C  [ntdll.dll+0x8c40c]


---------------  P R O C E S S  ---------------

Threads class SMR info:
_java_thread_list=0x000001617f274920, length=60, elements={
0x000001615df6e380, 0x00000161768344b0, 0x00000161768353c0, 0x000001617683af20,
0x000001617683dd70, 0x000001617683cdb0, 0x0000016176841f30, 0x0000016176857e10,
0x00000161768598b0, 0x0000016176b38f00, 0x0000016176b8f3f0, 0x000001617b9c0f80,
0x000001617b44c520, 0x000001617b43aab0, 0x000001617b43b110, 0x000001617bed26d0,
0x000001617be091a0, 0x000001617ba4e4f0, 0x000001617ba4eb80, 0x000001617ba50c50,
0x000001617ba4ff30, 0x000001617ba4de60, 0x000001617c0c57d0, 0x000001617c0c5e60,
0x000001617c0c5140, 0x000001617c0c3700, 0x000001617c0c64f0, 0x000001617c0c3070,
0x000001617c0c7210, 0x000001617c0c92e0, 0x000001617c0c9970, 0x000001617c0c78a0,
0x000001617c0ca000, 0x000001617c0c7f30, 0x000001617c0c8c50, 0x000001617c0c85c0,
0x000001617c0c6b80, 0x000001617c0ca690, 0x000001617ea1e150, 0x000001617ea215d0,
0x000001617ea20f40, 0x000001617ea1e7e0, 0x000001617ea1f500, 0x000001617fab7a00,
0x000001617fab6ce0, 0x000001617faba160, 0x000001617fab8090, 0x000001617fab8db0,
0x000001617faba7f0, 0x000001617fab9440, 0x000001617fabd5e0, 0x000001617fabc8c0,
0x000001617fabb510, 0x000001617fabdc70, 0x000001617bd8a950, 0x000001617fabe300,
0x000001617fabae80, 0x000001617fabbba0, 0x000001617fabc230, 0x000001617fabcf50
}

Java Threads: ( => current thread )
  0x000001615df6e380 JavaThread "main"                              [_thread_blocked, id=18120, stack(0x0000003665c00000,0x0000003665d00000) (1024K)]
  0x00000161768344b0 JavaThread "Reference Handler"          daemon [_thread_blocked, id=6024, stack(0x0000003666000000,0x0000003666100000) (1024K)]
  0x00000161768353c0 JavaThread "Finalizer"                  daemon [_thread_blocked, id=2092, stack(0x0000003666100000,0x0000003666200000) (1024K)]
  0x000001617683af20 JavaThread "Signal Dispatcher"          daemon [_thread_blocked, id=15792, stack(0x0000003666200000,0x0000003666300000) (1024K)]
  0x000001617683dd70 JavaThread "Attach Listener"            daemon [_thread_blocked, id=21136, stack(0x0000003666300000,0x0000003666400000) (1024K)]
  0x000001617683cdb0 JavaThread "Service Thread"             daemon [_thread_blocked, id=27624, stack(0x0000003666400000,0x0000003666500000) (1024K)]
  0x0000016176841f30 JavaThread "Monitor Deflation Thread"   daemon [_thread_blocked, id=16068, stack(0x0000003666500000,0x0000003666600000) (1024K)]
=>0x0000016176857e10 JavaThread "C2 CompilerThread0"         daemon [_thread_in_native, id=9580, stack(0x0000003666600000,0x0000003666700000) (1024K)]
  0x00000161768598b0 JavaThread "C1 CompilerThread0"         daemon [_thread_in_native, id=23564, stack(0x0000003666700000,0x0000003666800000) (1024K)]
  0x0000016176b38f00 JavaThread "Common-Cleaner"             daemon [_thread_blocked, id=14700, stack(0x0000003666900000,0x0000003666a00000) (1024K)]
  0x0000016176b8f3f0 JavaThread "Notification Thread"        daemon [_thread_blocked, id=30084, stack(0x0000003666a00000,0x0000003666b00000) (1024K)]
  0x000001617b9c0f80 JavaThread "Active Thread: Equinox Container: 95cea305-e449-443c-9051-bc8209fdd3d0"        [_thread_blocked, id=27564, stack(0x0000003667200000,0x0000003667300000) (1024K)]
  0x000001617b44c520 JavaThread "Refresh Thread: Equinox Container: 95cea305-e449-443c-9051-bc8209fdd3d0" daemon [_thread_blocked, id=23444, stack(0x0000003667400000,0x0000003667500000) (1024K)]
  0x000001617b43aab0 JavaThread "Framework Event Dispatcher: Equinox Container: 95cea305-e449-443c-9051-bc8209fdd3d0" daemon [_thread_blocked, id=1340, stack(0x0000003667500000,0x0000003667600000) (1024K)]
  0x000001617b43b110 JavaThread "Start Level: Equinox Container: 95cea305-e449-443c-9051-bc8209fdd3d0" daemon [_thread_blocked, id=20352, stack(0x0000003667600000,0x0000003667700000) (1024K)]
  0x000001617bed26d0 JavaThread "Bundle File Closer"         daemon [_thread_blocked, id=30680, stack(0x0000003667900000,0x0000003667a00000) (1024K)]
  0x000001617be091a0 JavaThread "SCR Component Actor"        daemon [_thread_blocked, id=28988, stack(0x0000003666b00000,0x0000003666c00000) (1024K)]
  0x000001617ba4e4f0 JavaThread "Worker-JM"                         [_thread_blocked, id=20060, stack(0x0000003667a00000,0x0000003667b00000) (1024K)]
  0x000001617ba4eb80 JavaThread "JNA Cleaner"                daemon [_thread_blocked, id=12196, stack(0x0000003666800000,0x0000003666900000) (1024K)]
  0x000001617ba50c50 JavaThread "Worker-0"                          [_thread_blocked, id=17636, stack(0x0000003667b00000,0x0000003667c00000) (1024K)]
  0x000001617ba4ff30 JavaThread "Java indexing"              daemon [_thread_blocked, id=11636, stack(0x0000003667f00000,0x0000003668000000) (1024K)]
  0x000001617ba4de60 JavaThread "Worker-3"                          [_thread_blocked, id=12500, stack(0x0000003668200000,0x0000003668300000) (1024K)]
  0x000001617c0c57d0 JavaThread "Thread-1"                   daemon [_thread_in_native, id=8008, stack(0x0000003668600000,0x0000003668700000) (1024K)]
  0x000001617c0c5e60 JavaThread "Thread-2"                   daemon [_thread_in_native, id=21884, stack(0x0000003668700000,0x0000003668800000) (1024K)]
  0x000001617c0c5140 JavaThread "Thread-3"                   daemon [_thread_in_native, id=25572, stack(0x0000003668800000,0x0000003668900000) (1024K)]
  0x000001617c0c3700 JavaThread "Thread-4"                   daemon [_thread_in_native, id=3632, stack(0x0000003668900000,0x0000003668a00000) (1024K)]
  0x000001617c0c64f0 JavaThread "Thread-5"                   daemon [_thread_in_native, id=31312, stack(0x0000003668a00000,0x0000003668b00000) (1024K)]
  0x000001617c0c3070 JavaThread "Thread-6"                   daemon [_thread_in_native, id=31704, stack(0x0000003668b00000,0x0000003668c00000) (1024K)]
  0x000001617c0c7210 JavaThread "Thread-7"                   daemon [_thread_in_native, id=7524, stack(0x0000003668c00000,0x0000003668d00000) (1024K)]
  0x000001617c0c92e0 JavaThread "Thread-8"                   daemon [_thread_in_native, id=30740, stack(0x0000003668d00000,0x0000003668e00000) (1024K)]
  0x000001617c0c9970 JavaThread "Thread-9"                   daemon [_thread_in_native, id=31176, stack(0x0000003668e00000,0x0000003668f00000) (1024K)]
  0x000001617c0c78a0 JavaThread "Thread-10"                  daemon [_thread_in_native, id=18796, stack(0x0000003668f00000,0x0000003669000000) (1024K)]
  0x000001617c0ca000 JavaThread "Thread-11"                  daemon [_thread_in_native, id=15312, stack(0x0000003669000000,0x0000003669100000) (1024K)]
  0x000001617c0c7f30 JavaThread "Thread-12"                  daemon [_thread_in_native, id=13724, stack(0x0000003669100000,0x0000003669200000) (1024K)]
  0x000001617c0c8c50 JavaThread "Thread-13"                  daemon [_thread_in_native, id=9356, stack(0x0000003669200000,0x0000003669300000) (1024K)]
  0x000001617c0c85c0 JavaThread "pool-2-thread-1"                   [_thread_blocked, id=10152, stack(0x0000003669300000,0x0000003669400000) (1024K)]
  0x000001617c0c6b80 JavaThread "Timer-0"                           [_thread_blocked, id=27404, stack(0x0000003669400000,0x0000003669500000) (1024K)]
  0x000001617c0ca690 JavaThread "Timer-1"                           [_thread_blocked, id=16420, stack(0x0000003669500000,0x0000003669600000) (1024K)]
  0x000001617ea1e150 JavaThread "WorkspaceEventsHandler"            [_thread_in_Java, id=17392, stack(0x0000003669600000,0x0000003669700000) (1024K)]
  0x000001617ea215d0 JavaThread "pool-1-thread-1"                   [_thread_blocked, id=14256, stack(0x0000003669700000,0x0000003669800000) (1024K)]
  0x000001617ea20f40 JavaThread "Timer-2"                           [_thread_blocked, id=11084, stack(0x0000003669a00000,0x0000003669b00000) (1024K)]
  0x000001617ea1e7e0 JavaThread "Timer-3"                           [_thread_blocked, id=20632, stack(0x0000003669800000,0x0000003669900000) (1024K)]
  0x000001617ea1f500 JavaThread "Timer-4"                           [_thread_blocked, id=3848, stack(0x0000003669b00000,0x0000003669c00000) (1024K)]
  0x000001617fab7a00 JavaThread "Timer-5"                           [_thread_blocked, id=28876, stack(0x0000003669c00000,0x0000003669d00000) (1024K)]
  0x000001617fab6ce0 JavaThread "Timer-6"                           [_thread_blocked, id=21596, stack(0x0000003669d00000,0x0000003669e00000) (1024K)]
  0x000001617faba160 JavaThread "Timer-7"                           [_thread_blocked, id=1860, stack(0x0000003669e00000,0x0000003669f00000) (1024K)]
  0x000001617fab8090 JavaThread "Timer-8"                           [_thread_blocked, id=9796, stack(0x0000003669900000,0x0000003669a00000) (1024K)]
  0x000001617fab8db0 JavaThread "Timer-9"                           [_thread_blocked, id=7220, stack(0x0000003669f00000,0x000000366a000000) (1024K)]
  0x000001617faba7f0 JavaThread "ForkJoinPool.commonPool-worker-1" daemon [_thread_blocked, id=28640, stack(0x000000366a100000,0x000000366a200000) (1024K)]
  0x000001617fab9440 JavaThread "Timer-10"                          [_thread_blocked, id=17120, stack(0x000000366a300000,0x000000366a400000) (1024K)]
  0x000001617fabd5e0 JavaThread "Timer-11"                          [_thread_blocked, id=12912, stack(0x000000366a400000,0x000000366a500000) (1024K)]
  0x000001617fabc8c0 JavaThread "Worker-7"                          [_thread_blocked, id=8116, stack(0x0000003665a00000,0x0000003665b00000) (1024K)]
  0x000001617fabb510 JavaThread "Worker-8"                          [_thread_blocked, id=14188, stack(0x0000003665900000,0x0000003665a00000) (1024K)]
  0x000001617fabdc70 JavaThread "LocalFile Deleter"          daemon [_thread_blocked, id=25604, stack(0x0000003665b00000,0x0000003665c00000) (1024K)]
  0x000001617bd8a950 JavaThread "C2 CompilerThread1"         daemon [_thread_in_native, id=30064, stack(0x0000003667c00000,0x0000003667d00000) (1024K)]
  0x000001617fabe300 JavaThread "LocalFile Deleter"          daemon [_thread_blocked, id=17132, stack(0x0000003667d00000,0x0000003667e00000) (1024K)]
  0x000001617fabae80 JavaThread "ForkJoinPool.commonPool-worker-3" daemon [_thread_blocked, id=8988, stack(0x0000003667e00000,0x0000003667f00000) (1024K)]
  0x000001617fabbba0 JavaThread "ForkJoinPool.commonPool-worker-4" daemon [_thread_blocked, id=5144, stack(0x0000003668300000,0x0000003668400000) (1024K)]
  0x000001617fabc230 JavaThread "ForkJoinPool.commonPool-worker-5" daemon [_thread_blocked, id=8708, stack(0x0000003668400000,0x0000003668500000) (1024K)]
  0x000001617fabcf50 JavaThread "ForkJoinPool.commonPool-worker-6" daemon [_thread_blocked, id=18584, stack(0x0000003668500000,0x0000003668600000) (1024K)]
Total: 60

Other Threads:
  0x000001615e02eb30 VMThread "VM Thread"                           [id=25136, stack(0x0000003665f00000,0x0000003666000000) (1024K)]
  0x000001615ddfca00 WatcherThread "VM Periodic Task Thread"        [id=28848, stack(0x0000003665e00000,0x0000003665f00000) (1024K)]
  0x000001615df8daf0 WorkerThread "GC Thread#0"                     [id=20076, stack(0x0000003665d00000,0x0000003665e00000) (1024K)]
  0x0000016176c0a4c0 WorkerThread "GC Thread#1"                     [id=4964, stack(0x0000003666c00000,0x0000003666d00000) (1024K)]
  0x000001617b326be0 WorkerThread "GC Thread#2"                     [id=17324, stack(0x0000003666d00000,0x0000003666e00000) (1024K)]
  0x000001617b06ff70 WorkerThread "GC Thread#3"                     [id=14564, stack(0x0000003666e00000,0x0000003666f00000) (1024K)]
  0x000001617b070310 WorkerThread "GC Thread#4"                     [id=5920, stack(0x0000003666f00000,0x0000003667000000) (1024K)]
  0x000001617b0706b0 WorkerThread "GC Thread#5"                     [id=15296, stack(0x0000003667000000,0x0000003667100000) (1024K)]
  0x000001617b429540 WorkerThread "GC Thread#6"                     [id=20072, stack(0x0000003667100000,0x0000003667200000) (1024K)]
  0x000001617b42a760 WorkerThread "GC Thread#7"                     [id=10620, stack(0x0000003667300000,0x0000003667400000) (1024K)]
  0x000001617b42a3c0 WorkerThread "GC Thread#8"                     [id=30792, stack(0x0000003667700000,0x0000003667800000) (1024K)]
  0x000001617b42aea0 WorkerThread "GC Thread#9"                     [id=1480, stack(0x0000003667800000,0x0000003667900000) (1024K)]
Total: 12

Threads with active compile tasks:
C2 CompilerThread0  123934 9708       4       org.eclipse.jdt.internal.core.JarPackageFragmentRoot::initRawPackageInfo (292 bytes)
C1 CompilerThread0  123934 9820       3       org.eclipse.jdt.internal.core.util.LRUCache::privateAddEntry (87 bytes)
C2 CompilerThread1  123934 9745   !   4       org.eclipse.jdt.internal.core.util.DeduplicationUtil::intern (149 bytes)
Total: 3

VM state: not at safepoint (normal execution)

VM Mutex/Monitor currently owned by a thread: None

Heap address: 0x0000000080000000, size: 2048 MB, Compressed Oops mode: 32-bit

CDS archive(s) mapped at: [0x0000016100000000-0x0000016100ba0000-0x0000016100ba0000), size 12189696, SharedBaseAddress: 0x0000016100000000, ArchiveRelocationMode: 1.
Compressed class space mapped at: 0x0000016101000000-0x0000016141000000, reserved size: 1073741824
Narrow klass base: 0x0000016100000000, Narrow klass shift: 0, Narrow klass range: 0x100000000

GC Precious Log:
 CardTable entry size: 512
 CPUs: 12 total, 12 available
 Memory: 5989M
 Large Page Support: Disabled
 NUMA Support: Disabled
 Compressed Oops: Enabled (32-bit)
 Alignments: Space 512K, Generation 512K, Heap 2M
 Heap Min Capacity: 100M
 Heap Initial Capacity: 100M
 Heap Max Capacity: 2G
 Pre-touch: Disabled
 Parallel Workers: 10

Heap:
 PSYoungGen      total 13312K, used 9190K [0x00000000d5580000, 0x00000000d6400000, 0x0000000100000000)
  eden space 12288K, 68% used [0x00000000d5580000,0x00000000d5db7a58,0x00000000d6180000)
  from space 1024K, 75% used [0x00000000d6300000,0x00000000d63c1fb8,0x00000000d6400000)
  to   space 1024K, 0% used [0x00000000d6200000,0x00000000d6200000,0x00000000d6300000)
 ParOldGen       total 68608K, used 62395K [0x0000000080000000, 0x0000000084300000, 0x00000000d5580000)
  object space 68608K, 90% used [0x0000000080000000,0x0000000083ceef20,0x0000000084300000)
 Metaspace       used 74137K, committed 75712K, reserved 1179648K
  class space    used 9241K, committed 9920K, reserved 1048576K

Card table byte_map: [0x000001615d910000,0x000001615dd20000] _byte_map_base: 0x000001615d510000

Marking Bits: (ParMarkBitMap*) 0x00007ffcfc692460
 Begin Bits: [0x0000016170420000, 0x0000016172420000)
 End Bits:   [0x0000016172420000, 0x0000016174420000)

Polling page: 0x000001615bdf0000

Metaspace:

Usage:
  Non-class:     63.38 MB used.
      Class:      9.02 MB used.
       Both:     72.40 MB used.

Virtual space:
  Non-class space:      128.00 MB reserved,      64.25 MB ( 50%) committed,  2 nodes.
      Class space:        1.00 GB reserved,       9.69 MB ( <1%) committed,  1 nodes.
             Both:        1.12 GB reserved,      73.94 MB (  6%) committed. 

Chunk freelists:
   Non-Class:  15.16 MB
       Class:  6.17 MB
        Both:  21.33 MB

MaxMetaspaceSize: unlimited
CompressedClassSpaceSize: 1.00 GB
Initial GC threshold: 21.00 MB
Current GC threshold: 97.31 MB
CDS: on
 - commit_granule_bytes: 65536.
 - commit_granule_words: 8192.
 - virtual_space_node_default_size: 8388608.
 - enlarge_chunks_in_place: 1.
 - use_allocation_guard: 0.


Internal statistics:

num_allocs_failed_limit: 11.
num_arena_births: 1350.
num_arena_deaths: 24.
num_vsnodes_births: 3.
num_vsnodes_deaths: 0.
num_space_committed: 1183.
num_space_uncommitted: 0.
num_chunks_returned_to_freelist: 39.
num_chunks_taken_from_freelist: 4702.
num_chunk_merges: 15.
num_chunk_splits: 2864.
num_chunks_enlarged: 1562.
num_inconsistent_stats: 0.

CodeHeap 'non-profiled nmethods': size=120000Kb used=6198Kb max_used=6198Kb free=113801Kb
 bounds [0x0000016168c40000, 0x0000016169250000, 0x0000016170170000]
CodeHeap 'profiled nmethods': size=120000Kb used=17674Kb max_used=17674Kb free=102325Kb
 bounds [0x0000016161170000, 0x00000161622c0000, 0x00000161686a0000]
CodeHeap 'non-nmethods': size=5760Kb used=1448Kb max_used=1488Kb free=4311Kb
 bounds [0x00000161686a0000, 0x0000016168910000, 0x0000016168c40000]
CodeCache: size=245760Kb, used=25320Kb, max_used=25360Kb, free=220437Kb
 total_blobs=9695, nmethods=8937, adapters=664, full_count=0
Compilation: enabled, stopped_count=0, restarted_count=0

Compilation events (20 events):
Event: 118.858 Thread 0x00000161768598b0 9755       3       org.eclipse.jdt.internal.compiler.util.Util::isClassFileName (82 bytes)
Event: 118.859 Thread 0x00000161768598b0 nmethod 9755 0x0000016162280b10 code [0x0000016162280d60, 0x0000016162281628]
Event: 118.860 Thread 0x00000161768598b0 9756   !   3       org.eclipse.jdt.internal.compiler.impl.CompilerOptions::versionToJdkLevel (236 bytes)
Event: 118.862 Thread 0x00000161768598b0 nmethod 9756 0x0000016162281a10 code [0x0000016162281e00, 0x0000016162283740]
Event: 118.895 Thread 0x00000161768598b0 9758       3       java.util.TimSort::mergeHi (732 bytes)
Event: 118.896 Thread 0x00000161768598b0 nmethod 9758 0x0000016162283f90 code [0x0000016162284320, 0x00000161622865e0]
Event: 118.896 Thread 0x00000161768598b0 9759       1       org.eclipse.jdt.internal.core.JarPackageFragmentRoot::isArchive (2 bytes)
Event: 118.896 Thread 0x00000161768598b0 nmethod 9759 0x0000016169248d90 code [0x0000016169248f20, 0x0000016169248fe8]
Event: 119.635 Thread 0x00000161768598b0 9760       3       sun.security.provider.AbstractDrbg::engineNextBytes (15 bytes)
Event: 119.635 Thread 0x00000161768598b0 nmethod 9760 0x0000016162286d90 code [0x0000016162286f40, 0x00000161622870e0]
Event: 119.635 Thread 0x00000161768598b0 9761       3       java.security.DrbgParameters::nextBytes (11 bytes)
Event: 119.635 Thread 0x00000161768598b0 nmethod 9761 0x0000016162287190 code [0x0000016162287340, 0x00000161622874d8]
Event: 119.636 Thread 0x00000161768598b0 9762       3       org.eclipse.lsp4j.jsonrpc.util.Preconditions::checkNotNull (26 bytes)
Event: 119.636 Thread 0x00000161768598b0 nmethod 9762 0x0000016162287590 code [0x0000016162287760, 0x0000016162287a00]
Event: 120.987 Thread 0x00000161768598b0 9763       3       java.text.MessageFormat::applyPattern (422 bytes)
Event: 120.988 Thread 0x000001617bd8a950 nmethod 9744 0x0000016169249090 code [0x00000161692492e0, 0x000001616924a6d8]
Event: 120.989 Thread 0x000001617bd8a950 9757       4       org.eclipse.jdt.internal.compiler.util.Util::isClassFileName (82 bytes)
Event: 121.068 Thread 0x00000161768598b0 nmethod 9763 0x0000016162287b10 code [0x0000016162287fa0, 0x000001616228a9f8]
Event: 121.068 Thread 0x00000161768598b0 9764 %     3       org.eclipse.jdt.internal.core.util.WeakHashSet::rehash @ 38 (90 bytes)
Event: 121.069 Thread 0x000001617bd8a950 nmethod 9757 0x000001616924b190 code [0x000001616924b320, 0x000001616924b620]

GC Heap History (20 events):
Event: 118.657 GC heap before
{Heap before GC invocations=80 (full 3):
 PSYoungGen      total 13824K, used 13645K [0x00000000d5580000, 0x00000000d6500000, 0x0000000100000000)
  eden space 12288K, 100% used [0x00000000d5580000,0x00000000d6180000,0x00000000d6180000)
  from space 1536K, 88% used [0x00000000d6380000,0x00000000d64d3510,0x00000000d6500000)
  to   space 1536K, 0% used [0x00000000d6200000,0x00000000d6200000,0x00000000d6380000)
 ParOldGen       total 68608K, used 53956K [0x0000000080000000, 0x0000000084300000, 0x00000000d5580000)
  object space 68608K, 78% used [0x0000000080000000,0x00000000834b1240,0x0000000084300000)
 Metaspace       used 73679K, committed 75200K, reserved 1179648K
  class space    used 9208K, committed 9856K, reserved 1048576K
}
Event: 118.660 GC heap after
{Heap after GC invocations=80 (full 3):
 PSYoungGen      total 13312K, used 813K [0x00000000d5580000, 0x00000000d6480000, 0x0000000100000000)
  eden space 12288K, 0% used [0x00000000d5580000,0x00000000d5580000,0x00000000d6180000)
  from space 1024K, 79% used [0x00000000d6200000,0x00000000d62cb760,0x00000000d6300000)
  to   space 1536K, 0% used [0x00000000d6300000,0x00000000d6300000,0x00000000d6480000)
 ParOldGen       total 68608K, used 56917K [0x0000000080000000, 0x0000000084300000, 0x00000000d5580000)
  object space 68608K, 82% used [0x0000000080000000,0x00000000837954b0,0x0000000084300000)
 Metaspace       used 73679K, committed 75200K, reserved 1179648K
  class space    used 9208K, committed 9856K, reserved 1048576K
}
Event: 118.681 GC heap before
{Heap before GC invocations=81 (full 3):
 PSYoungGen      total 13312K, used 13101K [0x00000000d5580000, 0x00000000d6480000, 0x0000000100000000)
  eden space 12288K, 100% used [0x00000000d5580000,0x00000000d6180000,0x00000000d6180000)
  from space 1024K, 79% used [0x00000000d6200000,0x00000000d62cb760,0x00000000d6300000)
  to   space 1536K, 0% used [0x00000000d6300000,0x00000000d6300000,0x00000000d6480000)
 ParOldGen       total 68608K, used 56917K [0x0000000080000000, 0x0000000084300000, 0x00000000d5580000)
  object space 68608K, 82% used [0x0000000080000000,0x00000000837954b0,0x0000000084300000)
 Metaspace       used 73790K, committed 75264K, reserved 1179648K
  class space    used 9214K, committed 9856K, reserved 1048576K
}
Event: 118.682 GC heap after
{Heap after GC invocations=81 (full 3):
 PSYoungGen      total 13312K, used 576K [0x00000000d5580000, 0x00000000d6400000, 0x0000000100000000)
  eden space 12288K, 0% used [0x00000000d5580000,0x00000000d5580000,0x00000000d6180000)
  from space 1024K, 56% used [0x00000000d6300000,0x00000000d6390000,0x00000000d6400000)
  to   space 1024K, 0% used [0x00000000d6200000,0x00000000d6200000,0x00000000d6300000)
 ParOldGen       total 68608K, used 57545K [0x0000000080000000, 0x0000000084300000, 0x00000000d5580000)
  object space 68608K, 83% used [0x0000000080000000,0x0000000083832490,0x0000000084300000)
 Metaspace       used 73790K, committed 75264K, reserved 1179648K
  class space    used 9214K, committed 9856K, reserved 1048576K
}
Event: 118.704 GC heap before
{Heap before GC invocations=82 (full 3):
 PSYoungGen      total 13312K, used 12864K [0x00000000d5580000, 0x00000000d6400000, 0x0000000100000000)
  eden space 12288K, 100% used [0x00000000d5580000,0x00000000d6180000,0x00000000d6180000)
  from space 1024K, 56% used [0x00000000d6300000,0x00000000d6390000,0x00000000d6400000)
  to   space 1024K, 0% used [0x00000000d6200000,0x00000000d6200000,0x00000000d6300000)
 ParOldGen       total 68608K, used 57545K [0x0000000080000000, 0x0000000084300000, 0x00000000d5580000)
  object space 68608K, 83% used [0x0000000080000000,0x0000000083832490,0x0000000084300000)
 Metaspace       used 73895K, committed 75392K, reserved 1179648K
  class space    used 9224K, committed 9856K, reserved 1048576K
}
Event: 118.705 GC heap after
{Heap after GC invocations=82 (full 3):
 PSYoungGen      total 12800K, used 480K [0x00000000d5580000, 0x00000000d6380000, 0x0000000100000000)
  eden space 12288K, 0% used [0x00000000d5580000,0x00000000d5580000,0x00000000d6180000)
  from space 512K, 93% used [0x00000000d6200000,0x00000000d6278000,0x00000000d6280000)
  to   space 1024K, 0% used [0x00000000d6280000,0x00000000d6280000,0x00000000d6380000)
 ParOldGen       total 68608K, used 57881K [0x0000000080000000, 0x0000000084300000, 0x00000000d5580000)
  object space 68608K, 84% used [0x0000000080000000,0x00000000838864b0,0x0000000084300000)
 Metaspace       used 73895K, committed 75392K, reserved 1179648K
  class space    used 9224K, committed 9856K, reserved 1048576K
}
Event: 118.728 GC heap before
{Heap before GC invocations=83 (full 3):
 PSYoungGen      total 12800K, used 12768K [0x00000000d5580000, 0x00000000d6380000, 0x0000000100000000)
  eden space 12288K, 100% used [0x00000000d5580000,0x00000000d6180000,0x00000000d6180000)
  from space 512K, 93% used [0x00000000d6200000,0x00000000d6278000,0x00000000d6280000)
  to   space 1024K, 0% used [0x00000000d6280000,0x00000000d6280000,0x00000000d6380000)
 ParOldGen       total 68608K, used 57881K [0x0000000080000000, 0x0000000084300000, 0x00000000d5580000)
  object space 68608K, 84% used [0x0000000080000000,0x00000000838864b0,0x0000000084300000)
 Metaspace       used 73908K, committed 75392K, reserved 1179648K
  class space    used 9226K, committed 9856K, reserved 1048576K
}
Event: 118.729 GC heap after
{Heap after GC invocations=83 (full 3):
 PSYoungGen      total 12800K, used 448K [0x00000000d5580000, 0x00000000d6300000, 0x0000000100000000)
  eden space 12288K, 0% used [0x00000000d5580000,0x00000000d5580000,0x00000000d6180000)
  from space 512K, 87% used [0x00000000d6280000,0x00000000d62f0000,0x00000000d6300000)
  to   space 512K, 0% used [0x00000000d6200000,0x00000000d6200000,0x00000000d6280000)
 ParOldGen       total 68608K, used 58241K [0x0000000080000000, 0x0000000084300000, 0x00000000d5580000)
  object space 68608K, 84% used [0x0000000080000000,0x00000000838e04b0,0x0000000084300000)
 Metaspace       used 73908K, committed 75392K, reserved 1179648K
  class space    used 9226K, committed 9856K, reserved 1048576K
}
Event: 118.750 GC heap before
{Heap before GC invocations=84 (full 3):
 PSYoungGen      total 12800K, used 12736K [0x00000000d5580000, 0x00000000d6300000, 0x0000000100000000)
  eden space 12288K, 100% used [0x00000000d5580000,0x00000000d6180000,0x00000000d6180000)
  from space 512K, 87% used [0x00000000d6280000,0x00000000d62f0000,0x00000000d6300000)
  to   space 512K, 0% used [0x00000000d6200000,0x00000000d6200000,0x00000000d6280000)
 ParOldGen       total 68608K, used 58241K [0x0000000080000000, 0x0000000084300000, 0x00000000d5580000)
  object space 68608K, 84% used [0x0000000080000000,0x00000000838e04b0,0x0000000084300000)
 Metaspace       used 73908K, committed 75392K, reserved 1179648K
  class space    used 9226K, committed 9856K, reserved 1048576K
}
Event: 118.751 GC heap after
{Heap after GC invocations=84 (full 3):
 PSYoungGen      total 12800K, used 512K [0x00000000d5580000, 0x00000000d6380000, 0x0000000100000000)
  eden space 12288K, 0% used [0x00000000d5580000,0x00000000d5580000,0x00000000d6180000)
  from space 512K, 100% used [0x00000000d6200000,0x00000000d6280000,0x00000000d6280000)
  to   space 1024K, 0% used [0x00000000d6280000,0x00000000d6280000,0x00000000d6380000)
 ParOldGen       total 68608K, used 58593K [0x0000000080000000, 0x0000000084300000, 0x00000000d5580000)
  object space 68608K, 85% used [0x0000000080000000,0x00000000839384d0,0x0000000084300000)
 Metaspace       used 73908K, committed 75392K, reserved 1179648K
  class space    used 9226K, committed 9856K, reserved 1048576K
}
Event: 118.769 GC heap before
{Heap before GC invocations=85 (full 3):
 PSYoungGen      total 12800K, used 12800K [0x00000000d5580000, 0x00000000d6380000, 0x0000000100000000)
  eden space 12288K, 100% used [0x00000000d5580000,0x00000000d6180000,0x00000000d6180000)
  from space 512K, 100% used [0x00000000d6200000,0x00000000d6280000,0x00000000d6280000)
  to   space 1024K, 0% used [0x00000000d6280000,0x00000000d6280000,0x00000000d6380000)
 ParOldGen       total 68608K, used 58593K [0x0000000080000000, 0x0000000084300000, 0x00000000d5580000)
  object space 68608K, 85% used [0x0000000080000000,0x00000000839384d0,0x0000000084300000)
 Metaspace       used 73908K, committed 75392K, reserved 1179648K
  class space    used 9226K, committed 9856K, reserved 1048576K
}
Event: 118.770 GC heap after
{Heap after GC invocations=85 (full 3):
 PSYoungGen      total 13312K, used 544K [0x00000000d5580000, 0x00000000d6380000, 0x0000000100000000)
  eden space 12288K, 0% used [0x00000000d5580000,0x00000000d5580000,0x00000000d6180000)
  from space 1024K, 53% used [0x00000000d6280000,0x00000000d6308000,0x00000000d6380000)
  to   space 1024K, 0% used [0x00000000d6180000,0x00000000d6180000,0x00000000d6280000)
 ParOldGen       total 68608K, used 58921K [0x0000000080000000, 0x0000000084300000, 0x00000000d5580000)
  object space 68608K, 85% used [0x0000000080000000,0x000000008398a4e0,0x0000000084300000)
 Metaspace       used 73908K, committed 75392K, reserved 1179648K
  class space    used 9226K, committed 9856K, reserved 1048576K
}
Event: 118.812 GC heap before
{Heap before GC invocations=86 (full 3):
 PSYoungGen      total 13312K, used 12832K [0x00000000d5580000, 0x00000000d6380000, 0x0000000100000000)
  eden space 12288K, 100% used [0x00000000d5580000,0x00000000d6180000,0x00000000d6180000)
  from space 1024K, 53% used [0x00000000d6280000,0x00000000d6308000,0x00000000d6380000)
  to   space 1024K, 0% used [0x00000000d6180000,0x00000000d6180000,0x00000000d6280000)
 ParOldGen       total 68608K, used 58921K [0x0000000080000000, 0x0000000084300000, 0x00000000d5580000)
  object space 68608K, 85% used [0x0000000080000000,0x000000008398a4e0,0x0000000084300000)
 Metaspace       used 73921K, committed 75392K, reserved 1179648K
  class space    used 9226K, committed 9856K, reserved 1048576K
}
Event: 118.815 GC heap after
{Heap after GC invocations=86 (full 3):
 PSYoungGen      total 13312K, used 1005K [0x00000000d5580000, 0x00000000d6580000, 0x0000000100000000)
  eden space 12288K, 0% used [0x00000000d5580000,0x00000000d5580000,0x00000000d6180000)
  from space 1024K, 98% used [0x00000000d6180000,0x00000000d627b528,0x00000000d6280000)
  to   space 2048K, 0% used [0x00000000d6380000,0x00000000d6380000,0x00000000d6580000)
 ParOldGen       total 68608K, used 59681K [0x0000000080000000, 0x0000000084300000, 0x00000000d5580000)
  object space 68608K, 86% used [0x0000000080000000,0x0000000083a484e0,0x0000000084300000)
 Metaspace       used 73921K, committed 75392K, reserved 1179648K
  class space    used 9226K, committed 9856K, reserved 1048576K
}
Event: 118.864 GC heap before
{Heap before GC invocations=87 (full 3):
 PSYoungGen      total 13312K, used 13293K [0x00000000d5580000, 0x00000000d6580000, 0x0000000100000000)
  eden space 12288K, 100% used [0x00000000d5580000,0x00000000d6180000,0x00000000d6180000)
  from space 1024K, 98% used [0x00000000d6180000,0x00000000d627b528,0x00000000d6280000)
  to   space 2048K, 0% used [0x00000000d6380000,0x00000000d6380000,0x00000000d6580000)
 ParOldGen       total 68608K, used 59681K [0x0000000080000000, 0x0000000084300000, 0x00000000d5580000)
  object space 68608K, 86% used [0x0000000080000000,0x0000000083a484e0,0x0000000084300000)
 Metaspace       used 73995K, committed 75520K, reserved 1179648K
  class space    used 9228K, committed 9856K, reserved 1048576K
}
Event: 118.866 GC heap after
{Heap after GC invocations=87 (full 3):
 PSYoungGen      total 13824K, used 1275K [0x00000000d5580000, 0x00000000d6500000, 0x0000000100000000)
  eden space 12288K, 0% used [0x00000000d5580000,0x00000000d5580000,0x00000000d6180000)
  from space 1536K, 83% used [0x00000000d6380000,0x00000000d64bee90,0x00000000d6500000)
  to   space 1536K, 0% used [0x00000000d6200000,0x00000000d6200000,0x00000000d6380000)
 ParOldGen       total 68608K, used 60661K [0x0000000080000000, 0x0000000084300000, 0x00000000d5580000)
  object space 68608K, 88% used [0x0000000080000000,0x0000000083b3d520,0x0000000084300000)
 Metaspace       used 73995K, committed 75520K, reserved 1179648K
  class space    used 9228K, committed 9856K, reserved 1048576K
}
Event: 118.880 GC heap before
{Heap before GC invocations=88 (full 3):
 PSYoungGen      total 13824K, used 13563K [0x00000000d5580000, 0x00000000d6500000, 0x0000000100000000)
  eden space 12288K, 100% used [0x00000000d5580000,0x00000000d6180000,0x00000000d6180000)
  from space 1536K, 83% used [0x00000000d6380000,0x00000000d64bee90,0x00000000d6500000)
  to   space 1536K, 0% used [0x00000000d6200000,0x00000000d6200000,0x00000000d6380000)
 ParOldGen       total 68608K, used 60661K [0x0000000080000000, 0x0000000084300000, 0x00000000d5580000)
  object space 68608K, 88% used [0x0000000080000000,0x0000000083b3d520,0x0000000084300000)
 Metaspace       used 73995K, committed 75520K, reserved 1179648K
  class space    used 9228K, committed 9856K, reserved 1048576K
}
Event: 118.881 GC heap after
{Heap after GC invocations=88 (full 3):
 PSYoungGen      total 12800K, used 352K [0x00000000d5580000, 0x00000000d6400000, 0x0000000100000000)
  eden space 12288K, 0% used [0x00000000d5580000,0x00000000d5580000,0x00000000d6180000)
  from space 512K, 68% used [0x00000000d6200000,0x00000000d6258000,0x00000000d6280000)
  to   space 1024K, 0% used [0x00000000d6300000,0x00000000d6300000,0x00000000d6400000)
 ParOldGen       total 68608K, used 61803K [0x0000000080000000, 0x0000000084300000, 0x00000000d5580000)
  object space 68608K, 90% used [0x0000000080000000,0x0000000083c5ad48,0x0000000084300000)
 Metaspace       used 73995K, committed 75520K, reserved 1179648K
  class space    used 9228K, committed 9856K, reserved 1048576K
}
Event: 120.868 GC heap before
{Heap before GC invocations=89 (full 3):
 PSYoungGen      total 12800K, used 12640K [0x00000000d5580000, 0x00000000d6400000, 0x0000000100000000)
  eden space 12288K, 100% used [0x00000000d5580000,0x00000000d6180000,0x00000000d6180000)
  from space 512K, 68% used [0x00000000d6200000,0x00000000d6258000,0x00000000d6280000)
  to   space 1024K, 0% used [0x00000000d6300000,0x00000000d6300000,0x00000000d6400000)
 ParOldGen       total 68608K, used 62131K [0x0000000080000000, 0x0000000084300000, 0x00000000d5580000)
  object space 68608K, 90% used [0x0000000080000000,0x0000000083cacf20,0x0000000084300000)
 Metaspace       used 74002K, committed 75520K, reserved 1179648K
  class space    used 9228K, committed 9856K, reserved 1048576K
}
Event: 120.970 GC heap after
{Heap after GC invocations=89 (full 3):
 PSYoungGen      total 13312K, used 775K [0x00000000d5580000, 0x00000000d6400000, 0x0000000100000000)
  eden space 12288K, 0% used [0x00000000d5580000,0x00000000d5580000,0x00000000d6180000)
  from space 1024K, 75% used [0x00000000d6300000,0x00000000d63c1fb8,0x00000000d6400000)
  to   space 1024K, 0% used [0x00000000d6200000,0x00000000d6200000,0x00000000d6300000)
 ParOldGen       total 68608K, used 62395K [0x0000000080000000, 0x0000000084300000, 0x00000000d5580000)
  object space 68608K, 90% used [0x0000000080000000,0x0000000083ceef20,0x0000000084300000)
 Metaspace       used 74002K, committed 75520K, reserved 1179648K
  class space    used 9228K, committed 9856K, reserved 1048576K
}

Dll operation events (15 events):
Event: 0.013 Loaded shared library c:\Users\yuvra\.vscode\extensions\redhat.java-1.52.0-win32-x64\jre\21.0.9-win32-x86_64\bin\java.dll
Event: 0.103 Loaded shared library c:\Users\yuvra\.vscode\extensions\redhat.java-1.52.0-win32-x64\jre\21.0.9-win32-x86_64\bin\zip.dll
Event: 0.128 Loaded shared library C:\Users\yuvra\.vscode\extensions\redhat.java-1.52.0-win32-x64\jre\21.0.9-win32-x86_64\bin\instrument.dll
Event: 0.134 Loaded shared library C:\Users\yuvra\.vscode\extensions\redhat.java-1.52.0-win32-x64\jre\21.0.9-win32-x86_64\bin\net.dll
Event: 0.137 Loaded shared library C:\Users\yuvra\.vscode\extensions\redhat.java-1.52.0-win32-x64\jre\21.0.9-win32-x86_64\bin\nio.dll
Event: 0.141 Loaded shared library C:\Users\yuvra\.vscode\extensions\redhat.java-1.52.0-win32-x64\jre\21.0.9-win32-x86_64\bin\zip.dll
Event: 0.166 Loaded shared library C:\Users\yuvra\.vscode\extensions\redhat.java-1.52.0-win32-x64\jre\21.0.9-win32-x86_64\bin\jimage.dll
Event: 0.262 Loaded shared library c:\Users\yuvra\.vscode\extensions\redhat.java-1.52.0-win32-x64\jre\21.0.9-win32-x86_64\bin\verify.dll
Event: 1.839 Loaded shared library C:\Users\yuvra\AppData\Roaming\Code\User\globalStorage\redhat.java\1.52.0\config_win\org.eclipse.equinox.launcher\org.eclipse.equinox.launcher.win32.win32.x86_64_1.2.1500.v20260121-1430\eclipse_11919.dll
Event: 4.257 Loaded shared library C:\Users\yuvra\AppData\Local\Temp\jna-115348617\jna17314548001190575473.dll
Event: 7.080 Loaded shared library C:\Users\yuvra\.gradle\native\1def1411415f61bf3af743bc5b6707747c0891f09f0c88961ee8f79bc544acac\windows-amd64\native-platform.dll
Event: 8.824 Loaded shared library C:\Users\yuvra\.vscode\extensions\redhat.java-1.52.0-win32-x64\jre\21.0.9-win32-x86_64\bin\management.dll
Event: 8.828 Loaded shared library C:\Users\yuvra\.vscode\extensions\redhat.java-1.52.0-win32-x64\jre\21.0.9-win32-x86_64\bin\management_ext.dll
Event: 11.855 Loaded shared library C:\Users\yuvra\.vscode\extensions\redhat.java-1.52.0-win32-x64\jre\21.0.9-win32-x86_64\bin\extnet.dll
Event: 12.125 Loaded shared library C:\Users\yuvra\.vscode\extensions\redhat.java-1.52.0-win32-x64\jre\21.0.9-win32-x86_64\bin\sunmscapi.dll

Deoptimization events (20 events):
Event: 118.898 Thread 0x000001617ea1e150 DEOPT PACKING pc=0x000001616227b558 sp=0x00000036696feb30
Event: 118.898 Thread 0x000001617ea1e150 DEOPT UNPACKING pc=0x00000161686f4242 sp=0x00000036696fe018 mode 0
Event: 118.899 Thread 0x000001617ea1e150 DEOPT PACKING pc=0x000001616227b558 sp=0x00000036696feb30
Event: 118.899 Thread 0x000001617ea1e150 DEOPT UNPACKING pc=0x00000161686f4242 sp=0x00000036696fe018 mode 0
Event: 118.900 Thread 0x000001617ea1e150 DEOPT PACKING pc=0x000001616227b558 sp=0x00000036696feb30
Event: 118.900 Thread 0x000001617ea1e150 DEOPT UNPACKING pc=0x00000161686f4242 sp=0x00000036696fe018 mode 0
Event: 120.974 Thread 0x000001617ea1e150 DEOPT PACKING pc=0x000001616227b3d4 sp=0x00000036696feb30
Event: 120.974 Thread 0x000001617ea1e150 DEOPT UNPACKING pc=0x00000161686f4242 sp=0x00000036696fe018 mode 0
Event: 120.976 Thread 0x000001617ea1e150 DEOPT PACKING pc=0x000001616227b3d4 sp=0x00000036696feb30
Event: 120.976 Thread 0x000001617ea1e150 DEOPT UNPACKING pc=0x00000161686f4242 sp=0x00000036696fe018 mode 0
Event: 120.979 Thread 0x000001617ea1e150 DEOPT PACKING pc=0x000001616227b558 sp=0x00000036696feb30
Event: 120.979 Thread 0x000001617ea1e150 DEOPT UNPACKING pc=0x00000161686f4242 sp=0x00000036696fe018 mode 0
Event: 120.981 Thread 0x000001617ea1e150 DEOPT PACKING pc=0x000001616227b3d4 sp=0x00000036696feb30
Event: 120.981 Thread 0x000001617ea1e150 DEOPT UNPACKING pc=0x00000161686f4242 sp=0x00000036696fe018 mode 0
Event: 120.982 Thread 0x000001617ea1e150 DEOPT PACKING pc=0x000001616227b558 sp=0x00000036696feb30
Event: 120.982 Thread 0x000001617ea1e150 DEOPT UNPACKING pc=0x00000161686f4242 sp=0x00000036696fe018 mode 0
Event: 120.984 Thread 0x000001617ea1e150 DEOPT PACKING pc=0x000001616227b3d4 sp=0x00000036696feb30
Event: 120.984 Thread 0x000001617ea1e150 DEOPT UNPACKING pc=0x00000161686f4242 sp=0x00000036696fe018 mode 0
Event: 120.985 Thread 0x000001617ea1e150 DEOPT PACKING pc=0x000001616227b3d4 sp=0x00000036696feb30
Event: 120.985 Thread 0x000001617ea1e150 DEOPT UNPACKING pc=0x00000161686f4242 sp=0x00000036696fe018 mode 0

Classes loaded (20 events):
Event: 118.284 Loading class com/sun/org/apache/xerces/internal/impl/msg/XMLSerializerMessages_en
Event: 118.284 Loading class com/sun/org/apache/xerces/internal/impl/msg/XMLSerializerMessages_en done
Event: 118.284 Loading class com/sun/org/apache/xerces/internal/impl/msg/XMLSerializerMessages_en_US
Event: 118.284 Loading class com/sun/org/apache/xerces/internal/impl/msg/XMLSerializerMessages_en_US done
Event: 118.284 Loading class com/sun/org/apache/xerces/internal/impl/msg/XMLSerializerMessages_en_US
Event: 118.284 Loading class com/sun/org/apache/xerces/internal/impl/msg/XMLSerializerMessages_en_US done
Event: 118.284 Loading class com/sun/org/apache/xerces/internal/impl/msg/XMLMessages
Event: 118.284 Loading class com/sun/org/apache/xerces/internal/impl/msg/XMLMessages done
Event: 118.284 Loading class com/sun/org/apache/xerces/internal/impl/msg/XMLMessages
Event: 118.284 Loading class com/sun/org/apache/xerces/internal/impl/msg/XMLMessages done
Event: 118.285 Loading class com/sun/org/apache/xerces/internal/impl/msg/XMLMessages_en
Event: 118.285 Loading class com/sun/org/apache/xerces/internal/impl/msg/XMLMessages_en done
Event: 118.285 Loading class com/sun/org/apache/xerces/internal/impl/msg/XMLMessages_en
Event: 118.285 Loading class com/sun/org/apache/xerces/internal/impl/msg/XMLMessages_en done
Event: 118.285 Loading class com/sun/org/apache/xerces/internal/impl/msg/XMLMessages_en_US
Event: 118.285 Loading class com/sun/org/apache/xerces/internal/impl/msg/XMLMessages_en_US done
Event: 118.285 Loading class com/sun/org/apache/xerces/internal/impl/msg/XMLMessages_en_US
Event: 118.285 Loading class com/sun/org/apache/xerces/internal/impl/msg/XMLMessages_en_US done
Event: 118.330 Loading class sun/nio/fs/WindowsFileCopy
Event: 118.334 Loading class sun/nio/fs/WindowsFileCopy done

Classes unloaded (12 events):
Event: 5.049 Thread 0x000001615e02eb30 Unloading class 0x00000161011aa800 'java/lang/invoke/LambdaForm$MH+0x00000161011aa800'
Event: 5.049 Thread 0x000001615e02eb30 Unloading class 0x00000161011aa400 'java/lang/invoke/LambdaForm$MH+0x00000161011aa400'
Event: 5.049 Thread 0x000001615e02eb30 Unloading class 0x00000161011aa000 'java/lang/invoke/LambdaForm$MH+0x00000161011aa000'
Event: 5.049 Thread 0x000001615e02eb30 Unloading class 0x00000161011a9c00 'java/lang/invoke/LambdaForm$MH+0x00000161011a9c00'
Event: 5.049 Thread 0x000001615e02eb30 Unloading class 0x00000161011a9800 'java/lang/invoke/LambdaForm$BMH+0x00000161011a9800'
Event: 5.049 Thread 0x000001615e02eb30 Unloading class 0x00000161011a9400 'java/lang/invoke/LambdaForm$DMH+0x00000161011a9400'
Event: 5.049 Thread 0x000001615e02eb30 Unloading class 0x00000161011a8000 'java/lang/invoke/LambdaForm$DMH+0x00000161011a8000'
Event: 6.408 Thread 0x000001615e02eb30 Unloading class 0x0000016101368400 'java/lang/invoke/LambdaForm$MH+0x0000016101368400'
Event: 6.408 Thread 0x000001615e02eb30 Unloading class 0x0000016101367800 'java/lang/invoke/LambdaForm$MH+0x0000016101367800'
Event: 6.408 Thread 0x000001615e02eb30 Unloading class 0x0000016101367000 'java/lang/invoke/LambdaForm$MH+0x0000016101367000'
Event: 6.408 Thread 0x000001615e02eb30 Unloading class 0x0000016101366800 'java/lang/invoke/LambdaForm$DMH+0x0000016101366800'
Event: 6.408 Thread 0x000001615e02eb30 Unloading class 0x0000016101365c00 'java/lang/invoke/LambdaForm$MH+0x0000016101365c00'

Classes redefined (0 events):
No events

Internal exceptions (20 events):
Event: 118.640 Thread 0x000001617faba7f0 Implicit null exception at 0x0000016168d6ae8d to 0x0000016168d6b1e0
Event: 118.640 Thread 0x000001617fabae80 Implicit null exception at 0x0000016168d6ae8d to 0x0000016168d6b1e0
Event: 118.696 Thread 0x000001617fabae80 Exception <a 'sun/nio/fs/WindowsException'{0x00000000d5c7b130}> (0x00000000d5c7b130) 
thrown [s\src\hotspot\share\prims\jni.cpp, line 520]
Event: 118.696 Thread 0x000001617fabae80 Exception <a 'sun/nio/fs/WindowsException'{0x00000000d5c7ba50}> (0x00000000d5c7ba50) 
thrown [s\src\hotspot\share\prims\jni.cpp, line 520]
Event: 118.697 Thread 0x000001617fabae80 Exception <a 'sun/nio/fs/WindowsException'{0x00000000d5c7ca28}> (0x00000000d5c7ca28) 
thrown [s\src\hotspot\share\prims\jni.cpp, line 520]
Event: 118.697 Thread 0x000001617fabae80 Exception <a 'sun/nio/fs/WindowsException'{0x00000000d5d6a740}> (0x00000000d5d6a740) 
thrown [s\src\hotspot\share\prims\jni.cpp, line 520]
Event: 118.704 Thread 0x000001617fabae80 Exception <a 'sun/nio/fs/WindowsException'{0x00000000d606c5c0}> (0x00000000d606c5c0) 
thrown [s\src\hotspot\share\prims\jni.cpp, line 520]
Event: 118.704 Thread 0x000001617fabae80 Exception <a 'sun/nio/fs/WindowsException'{0x00000000d606cec0}> (0x00000000d606cec0) 
thrown [s\src\hotspot\share\prims\jni.cpp, line 520]
Event: 118.706 Thread 0x000001617fabae80 Exception <a 'sun/nio/fs/WindowsException'{0x00000000d55b37f8}> (0x00000000d55b37f8) 
thrown [s\src\hotspot\share\prims\jni.cpp, line 520]
Event: 118.706 Thread 0x000001617fabae80 Exception <a 'sun/nio/fs/WindowsException'{0x00000000d55b3e48}> (0x00000000d55b3e48) 
thrown [s\src\hotspot\share\prims\jni.cpp, line 520]
Event: 118.712 Thread 0x000001617fabae80 Exception <a 'java/io/FileNotFoundException'{0x00000000d578f1f0}> (0x00000000d578f1f0) 
thrown [s\src\hotspot\share\prims\jni.cpp, line 520]
Event: 118.712 Thread 0x000001617fabae80 Exception <a 'java/io/FileNotFoundException'{0x00000000d592a828}> (0x00000000d592a828) 
thrown [s\src\hotspot\share\prims\jni.cpp, line 520]
Event: 118.717 Thread 0x000001617faba7f0 Exception <a 'sun/nio/fs/WindowsException'{0x00000000d5b0e538}> (0x00000000d5b0e538) 
thrown [s\src\hotspot\share\prims\jni.cpp, line 520]
Event: 118.717 Thread 0x000001617faba7f0 Exception <a 'sun/nio/fs/WindowsException'{0x00000000d5b0ee58}> (0x00000000d5b0ee58) 
thrown [s\src\hotspot\share\prims\jni.cpp, line 520]
Event: 118.718 Thread 0x000001617faba7f0 Exception <a 'sun/nio/fs/WindowsException'{0x00000000d5b79748}> (0x00000000d5b79748) 
thrown [s\src\hotspot\share\prims\jni.cpp, line 520]
Event: 118.718 Thread 0x000001617faba7f0 Exception <a 'sun/nio/fs/WindowsException'{0x00000000d5b7a048}> (0x00000000d5b7a048) 
thrown [s\src\hotspot\share\prims\jni.cpp, line 520]
Event: 118.718 Thread 0x000001617faba7f0 Exception <a 'sun/nio/fs/WindowsException'{0x00000000d5be1d08}> (0x00000000d5be1d08) 
thrown [s\src\hotspot\share\prims\jni.cpp, line 520]
Event: 118.718 Thread 0x000001617faba7f0 Exception <a 'sun/nio/fs/WindowsException'{0x00000000d5be2608}> (0x00000000d5be2608) 
thrown [s\src\hotspot\share\prims\jni.cpp, line 520]
Event: 118.719 Thread 0x000001617faba7f0 Exception <a 'sun/nio/fs/WindowsException'{0x00000000d5c4a120}> (0x00000000d5c4a120) 
thrown [s\src\hotspot\share\prims\jni.cpp, line 520]
Event: 118.719 Thread 0x000001617faba7f0 Exception <a 'sun/nio/fs/WindowsException'{0x00000000d5c4a770}> (0x00000000d5c4a770) 
thrown [s\src\hotspot\share\prims\jni.cpp, line 520]

ZGC Phase Switch (0 events):
No events

VM Operations (20 events):
Event: 118.728 Executing VM operation: ParallelGCFailedAllocation (Allocation Failure)
Event: 118.729 Executing VM operation: ParallelGCFailedAllocation (Allocation Failure) done
Event: 118.750 Executing VM operation: ParallelGCFailedAllocation (Allocation Failure)
Event: 118.751 Executing VM operation: ParallelGCFailedAllocation (Allocation Failure) done
Event: 118.769 Executing VM operation: ParallelGCFailedAllocation (Allocation Failure)
Event: 118.770 Executing VM operation: ParallelGCFailedAllocation (Allocation Failure) done
Event: 118.812 Executing VM operation: ParallelGCFailedAllocation (Allocation Failure)
Event: 118.815 Executing VM operation: ParallelGCFailedAllocation (Allocation Failure) done
Event: 118.864 Executing VM operation: ParallelGCFailedAllocation (Allocation Failure)
Event: 118.866 Executing VM operation: ParallelGCFailedAllocation (Allocation Failure) done
Event: 118.880 Executing VM operation: ParallelGCFailedAllocation (Allocation Failure)
Event: 118.881 Executing VM operation: ParallelGCFailedAllocation (Allocation Failure) done
Event: 119.631 Executing VM operation: ParallelGCFailedAllocation (Allocation Failure)
Event: 119.634 Executing VM operation: ParallelGCFailedAllocation (Allocation Failure) done
Event: 120.335 Executing VM operation: HandshakeAllThreads (HandshakeForDeflation)
Event: 120.335 Executing VM operation: HandshakeAllThreads (HandshakeForDeflation) done
Event: 120.341 Executing VM operation: RendezvousGCThreads
Event: 120.341 Executing VM operation: RendezvousGCThreads done
Event: 120.868 Executing VM operation: ParallelGCSystemGC (GCLocker Initiated GC)
Event: 120.971 Executing VM operation: ParallelGCSystemGC (GCLocker Initiated GC) done

Memory protections (0 events):
No events

Nmethod flushes (20 events):
Event: 10.674 Thread 0x000001615e02eb30 flushing  nmethod 0x0000016161b3cb90
Event: 10.674 Thread 0x000001615e02eb30 flushing  nmethod 0x0000016161b40f90
Event: 10.674 Thread 0x000001615e02eb30 flushing  nmethod 0x0000016161b69f10
Event: 10.674 Thread 0x000001615e02eb30 flushing  nmethod 0x0000016161b6b310
Event: 10.674 Thread 0x000001615e02eb30 flushing  nmethod 0x0000016161b6b910
Event: 10.674 Thread 0x000001615e02eb30 flushing  nmethod 0x0000016161b6c190
Event: 10.674 Thread 0x000001615e02eb30 flushing  nmethod 0x0000016161b6fa10
Event: 10.674 Thread 0x000001615e02eb30 flushing  nmethod 0x0000016161b70110
Event: 10.674 Thread 0x000001615e02eb30 flushing  nmethod 0x0000016161b72390
Event: 10.674 Thread 0x000001615e02eb30 flushing  nmethod 0x0000016161b7ae90
Event: 10.674 Thread 0x000001615e02eb30 flushing  nmethod 0x0000016161b7f310
Event: 10.674 Thread 0x000001615e02eb30 flushing  nmethod 0x0000016161b87690
Event: 10.674 Thread 0x000001615e02eb30 flushing  nmethod 0x0000016161b8c990
Event: 10.674 Thread 0x000001615e02eb30 flushing  nmethod 0x0000016161b92a10
Event: 10.674 Thread 0x000001615e02eb30 flushing  nmethod 0x0000016161ba3290
Event: 10.674 Thread 0x000001615e02eb30 flushing  nmethod 0x0000016161bb3590
Event: 10.674 Thread 0x000001615e02eb30 flushing  nmethod 0x0000016161bc2890
Event: 10.674 Thread 0x000001615e02eb30 flushing  nmethod 0x0000016161bee010
Event: 10.674 Thread 0x000001615e02eb30 flushing  nmethod 0x0000016161befb10
Event: 10.674 Thread 0x000001615e02eb30 flushing  nmethod 0x0000016161bfb410

Events (20 events):
Event: 74.596 Thread 0x000001617c0c4420 Thread exited: 0x000001617c0c4420
Event: 75.477 Thread 0x000001617ba505c0 Thread exited: 0x000001617ba505c0
Event: 75.477 Thread 0x000001617ba4f210 Thread exited: 0x000001617ba4f210
Event: 75.486 Thread 0x000001617c0c3d90 Thread exited: 0x000001617c0c3d90
Event: 76.248 Thread 0x000001617c0c4ab0 Thread exited: 0x000001617c0c4ab0
Event: 112.031 Thread 0x000001617ba4de60 Thread added: 0x000001617fabdc70
Event: 112.112 Thread 0x000001617fabdc70 Thread exited: 0x000001617fabdc70
Event: 112.213 Thread 0x000001617ba4de60 Thread added: 0x000001617fabae80
Event: 112.220 Thread 0x000001617fabae80 Thread exited: 0x000001617fabae80
Event: 113.272 Thread 0x0000016176857e10 Thread added: 0x000001617bd8a950
Event: 113.311 Thread 0x000001617ba50c50 Thread added: 0x000001617fabc8c0
Event: 113.590 Thread 0x000001617bd8a950 Thread exited: 0x000001617bd8a950
Event: 113.765 Thread 0x000001617fabc8c0 Thread added: 0x000001617fabb510
Event: 114.310 Thread 0x000001617ba4de60 Thread added: 0x000001617fabdc70
Event: 118.612 Thread 0x00000161768598b0 Thread added: 0x000001617bd8a950
Event: 118.623 Thread 0x000001617fabdc70 Thread added: 0x000001617fabe300
Event: 118.632 Thread 0x000001617ea215d0 Thread added: 0x000001617fabae80
Event: 118.633 Thread 0x000001617fabae80 Thread added: 0x000001617fabbba0
Event: 118.634 Thread 0x000001617fabbba0 Thread added: 0x000001617fabc230
Event: 118.634 Thread 0x000001617fabc230 Thread added: 0x000001617fabcf50


Dynamic libraries:
0x00007ff701b10000 - 0x00007ff701b1e000 	c:\Users\yuvra\.vscode\extensions\redhat.java-1.52.0-win32-x64\jre\21.0.9-win32-x86_64\bin\java.exe
0x00007ffd6b320000 - 0x00007ffd6b588000 	C:\WINDOWS\SYSTEM32\ntdll.dll
0x00007ffd690c0000 - 0x00007ffd69189000 	C:\WINDOWS\System32\KERNEL32.DLL
0x00007ffd68c10000 - 0x00007ffd69001000 	C:\WINDOWS\System32\KERNELBASE.dll
0x00007ffd686d0000 - 0x00007ffd6881b000 	C:\WINDOWS\System32\ucrtbase.dll
0x00007ffd594e0000 - 0x00007ffd594f8000 	c:\Users\yuvra\.vscode\extensions\redhat.java-1.52.0-win32-x64\jre\21.0.9-win32-x86_64\bin\jli.dll
0x00007ffd5ad90000 - 0x00007ffd5adae000 	c:\Users\yuvra\.vscode\extensions\redhat.java-1.52.0-win32-x64\jre\21.0.9-win32-x86_64\bin\VCRUNTIME140.dll
0x00007ffd69fa0000 - 0x00007ffd6a166000 	C:\WINDOWS\System32\USER32.dll
0x00007ffd4d440000 - 0x00007ffd4d6d3000 	C:\WINDOWS\WinSxS\amd64_microsoft.windows.common-controls_6595b64144ccf1df_6.0.26100.7705_none_3e06597ae3363b04\COMCTL32.dll
0x00007ffd6a170000 - 0x00007ffd6a219000 	C:\WINDOWS\System32\msvcrt.dll
0x00007ffd6a2b0000 - 0x00007ffd6a2db000 	C:\WINDOWS\System32\GDI32.dll
0x00007ffd686a0000 - 0x00007ffd686c7000 	C:\WINDOWS\System32\win32u.dll
0x00007ffd68a50000 - 0x00007ffd68b7b000 	C:\WINDOWS\System32\gdi32full.dll
0x00007ffd67d80000 - 0x00007ffd67e23000 	C:\WINDOWS\System32\msvcp_win.dll
0x00007ffd69900000 - 0x00007ffd69931000 	C:\WINDOWS\System32\IMM32.DLL
0x00007ffd61f60000 - 0x00007ffd61f6c000 	c:\Users\yuvra\.vscode\extensions\redhat.java-1.52.0-win32-x64\jre\21.0.9-win32-x86_64\bin\vcruntime140_1.dll
0x00007ffd126a0000 - 0x00007ffd1272d000 	c:\Users\yuvra\.vscode\extensions\redhat.java-1.52.0-win32-x64\jre\21.0.9-win32-x86_64\bin\msvcp140.dll
0x00007ffcfb9d0000 - 0x00007ffcfc770000 	c:\Users\yuvra\.vscode\extensions\redhat.java-1.52.0-win32-x64\jre\21.0.9-win32-x86_64\bin\server\jvm.dll
0x00007ffd69840000 - 0x00007ffd698f4000 	C:\WINDOWS\System32\ADVAPI32.dll
0x00007ffd69650000 - 0x00007ffd696f6000 	C:\WINDOWS\System32\sechost.dll
0x00007ffd69720000 - 0x00007ffd69838000 	C:\WINDOWS\System32\RPCRT4.dll
0x00007ffd6a2e0000 - 0x00007ffd6a354000 	C:\WINDOWS\System32\WS2_32.dll
0x00007ffd60100000 - 0x00007ffd60135000 	C:\WINDOWS\SYSTEM32\WINMM.dll
0x00007ffd67a60000 - 0x00007ffd67abe000 	C:\WINDOWS\SYSTEM32\POWRPROF.dll
0x00007ffd60140000 - 0x00007ffd6014b000 	C:\WINDOWS\SYSTEM32\VERSION.dll
0x00007ffd67a40000 - 0x00007ffd67a54000 	C:\WINDOWS\SYSTEM32\UMPDC.dll
0x00007ffd669b0000 - 0x00007ffd669cb000 	C:\WINDOWS\SYSTEM32\kernel.appcore.dll
0x00007ffd5da50000 - 0x00007ffd5da5a000 	c:\Users\yuvra\.vscode\extensions\redhat.java-1.52.0-win32-x64\jre\21.0.9-win32-x86_64\bin\jimage.dll
0x00007ffd65c70000 - 0x00007ffd65eb2000 	C:\WINDOWS\SYSTEM32\DBGHELP.DLL
0x00007ffd69c10000 - 0x00007ffd69f96000 	C:\WINDOWS\System32\combase.dll
0x00007ffd69a10000 - 0x00007ffd69ae7000 	C:\WINDOWS\System32\OLEAUT32.dll
0x00007ffd4bce0000 - 0x00007ffd4bd1b000 	C:\WINDOWS\SYSTEM32\dbgcore.DLL
0x00007ffd69010000 - 0x00007ffd690b5000 	C:\WINDOWS\System32\bcryptPrimitives.dll
0x00007ffd5f680000 - 0x00007ffd5f68f000 	c:\Users\yuvra\.vscode\extensions\redhat.java-1.52.0-win32-x64\jre\21.0.9-win32-x86_64\bin\instrument.dll
0x00007ffd57e00000 - 0x00007ffd57e20000 	c:\Users\yuvra\.vscode\extensions\redhat.java-1.52.0-win32-x64\jre\21.0.9-win32-x86_64\bin\java.dll
0x00007ffd6a870000 - 0x00007ffd6afc1000 	C:\WINDOWS\System32\SHELL32.dll
0x00007ffd688e0000 - 0x00007ffd68a4a000 	C:\WINDOWS\System32\wintypes.dll
0x00007ffd67e30000 - 0x00007ffd68692000 	C:\WINDOWS\System32\windows.storage.dll
0x00007ffd69af0000 - 0x00007ffd69be6000 	C:\WINDOWS\System32\SHCORE.dll
0x00007ffd6b270000 - 0x00007ffd6b2d7000 	C:\WINDOWS\System32\shlwapi.dll
0x00007ffd67b20000 - 0x00007ffd67b49000 	C:\WINDOWS\SYSTEM32\profapi.dll
0x00007ffd57090000 - 0x00007ffd570a8000 	c:\Users\yuvra\.vscode\extensions\redhat.java-1.52.0-win32-x64\jre\21.0.9-win32-x86_64\bin\zip.dll
0x00007ffd5b870000 - 0x00007ffd5b880000 	C:\Users\yuvra\.vscode\extensions\redhat.java-1.52.0-win32-x64\jre\21.0.9-win32-x86_64\bin\net.dll
0x00007ffd61450000 - 0x00007ffd61577000 	C:\WINDOWS\SYSTEM32\WINHTTP.dll
0x00007ffd66f20000 - 0x00007ffd66f8b000 	C:\WINDOWS\system32\mswsock.dll
0x00007ffd3a280000 - 0x00007ffd3a296000 	C:\Users\yuvra\.vscode\extensions\redhat.java-1.52.0-win32-x64\jre\21.0.9-win32-x86_64\bin\nio.dll
0x00007ffd5f670000 - 0x00007ffd5f680000 	c:\Users\yuvra\.vscode\extensions\redhat.java-1.52.0-win32-x64\jre\21.0.9-win32-x86_64\bin\verify.dll
0x00007ffd5ac20000 - 0x00007ffd5ac65000 	C:\Users\yuvra\AppData\Roaming\Code\User\globalStorage\redhat.java\1.52.0\config_win\org.eclipse.equinox.launcher\org.eclipse.equinox.launcher.win32.win32.x86_64_1.2.1500.v20260121-1430\eclipse_11919.dll
0x00007ffd694b0000 - 0x00007ffd69647000 	C:\WINDOWS\System32\ole32.dll
0x00007ffd671e0000 - 0x00007ffd671fb000 	C:\WINDOWS\SYSTEM32\CRYPTSP.dll
0x00007ffd66910000 - 0x00007ffd66949000 	C:\WINDOWS\system32\rsaenh.dll
0x00007ffd66fd0000 - 0x00007ffd66ffb000 	C:\WINDOWS\SYSTEM32\USERENV.dll
0x00007ffd67af0000 - 0x00007ffd67b1a000 	C:\WINDOWS\SYSTEM32\bcrypt.dll
0x00007ffd67200000 - 0x00007ffd6720c000 	C:\WINDOWS\SYSTEM32\CRYPTBASE.dll
0x00007ffd66390000 - 0x00007ffd663c4000 	C:\WINDOWS\SYSTEM32\IPHLPAPI.DLL
0x00007ffd69bf0000 - 0x00007ffd69bfa000 	C:\WINDOWS\System32\NSI.dll
0x00007ffd57300000 - 0x00007ffd57349000 	C:\Users\yuvra\AppData\Local\Temp\jna-115348617\jna17314548001190575473.dll
0x00007ffd69c00000 - 0x00007ffd69c08000 	C:\WINDOWS\System32\PSAPI.DLL
0x00007ffd61420000 - 0x00007ffd6143e000 	C:\WINDOWS\SYSTEM32\dhcpcsvc6.DLL
0x00007ffd613f0000 - 0x00007ffd61413000 	C:\WINDOWS\SYSTEM32\dhcpcsvc.DLL
0x00007ffd5baf0000 - 0x00007ffd5bb17000 	C:\Users\yuvra\.gradle\native\1def1411415f61bf3af743bc5b6707747c0891f09f0c88961ee8f79bc544acac\windows-amd64\native-platform.dll
0x00007ffd5ab50000 - 0x00007ffd5ab5a000 	C:\Users\yuvra\.vscode\extensions\redhat.java-1.52.0-win32-x64\jre\21.0.9-win32-x86_64\bin\management.dll
0x00007ffd5a810000 - 0x00007ffd5a81c000 	C:\Users\yuvra\.vscode\extensions\redhat.java-1.52.0-win32-x64\jre\21.0.9-win32-x86_64\bin\management_ext.dll
0x00007ffd5a2b0000 - 0x00007ffd5a2b9000 	C:\Users\yuvra\.vscode\extensions\redhat.java-1.52.0-win32-x64\jre\21.0.9-win32-x86_64\bin\extnet.dll
0x00007ffd5a4c0000 - 0x00007ffd5a4ce000 	C:\Users\yuvra\.vscode\extensions\redhat.java-1.52.0-win32-x64\jre\21.0.9-win32-x86_64\bin\sunmscapi.dll
0x00007ffd67c00000 - 0x00007ffd67d77000 	C:\WINDOWS\System32\CRYPT32.dll
0x00007ffd67400000 - 0x00007ffd67430000 	C:\WINDOWS\SYSTEM32\ncrypt.dll
0x00007ffd673b0000 - 0x00007ffd673ef000 	C:\WINDOWS\SYSTEM32\NTASN1.dll
0x00007ffd00ad0000 - 0x00007ffd00ad8000 	C:\WINDOWS\system32\wshunix.dll
0x00007ffd66420000 - 0x00007ffd6654c000 	C:\WINDOWS\SYSTEM32\DNSAPI.dll
0x00007ffd50690000 - 0x00007ffd5069b000 	C:\Windows\System32\rasadhlp.dll
0x00007ffd56e00000 - 0x00007ffd56e86000 	C:\WINDOWS\System32\fwpuclnt.dll

JVMTI agents:
c:\Users\yuvra\.vscode\extensions\redhat.java-1.52.0-win32-x64\lombok\lombok-1.18.39-4050.jar path:c:\Users\yuvra\.vscode\extensions\redhat.java-1.52.0-win32-x64\jre\21.0.9-win32-x86_64\bin\instrument.dll, loaded, initialized, instrumentlib options:none

dbghelp: loaded successfully - version: 4.0.5 - missing functions: none
symbol engine: initialized successfully - sym options: 0x614 - pdb path: .;c:\Users\yuvra\.vscode\extensions\redhat.java-1.52.0-win32-x64\jre\21.0.9-win32-x86_64\bin;C:\WINDOWS\SYSTEM32;C:\WINDOWS\WinSxS\amd64_microsoft.windows.common-controls_6595b64144ccf1df_6.0.26100.7705_none_3e06597ae3363b04;c:\Users\yuvra\.vscode\extensions\redhat.java-1.52.0-win32-x64\jre\21.0.9-win32-x86_64\bin\server;C:\Users\yuvra\AppData\Roaming\Code\User\globalStorage\redhat.java\1.52.0\config_win\org.eclipse.equinox.launcher\org.eclipse.equinox.launcher.win32.win32.x86_64_1.2.1500.v20260121-1430;C:\Users\yuvra\AppData\Local\Temp\jna-115348617;C:\Users\yuvra\.gradle\native\1def1411415f61bf3af743bc5b6707747c0891f09f0c88961ee8f79bc544acac\windows-amd64

VM Arguments:
jvm_args: --add-modules=ALL-SYSTEM --add-opens=java.base/java.util=ALL-UNNAMED --add-opens=java.base/java.lang=ALL-UNNAMED --add-opens=java.base/sun.nio.fs=ALL-UNNAMED -Declipse.application=org.eclipse.jdt.ls.core.id1 -Dosgi.bundles.defaultStartLevel=4 -Declipse.product=org.eclipse.jdt.ls.core.product -Djava.import.generatesMetadataFilesAtProjectRoot=false -DDetectVMInstallationsJob.disabled=true -Dfile.encoding=utf8 -XX:+UseParallelGC -XX:GCTimeRatio=4 -XX:AdaptiveSizePolicyWeight=90 -Dsun.zip.disableMemoryMapping=true -Xmx2G -Xms100m -Xlog:disable -javaagent:c:\Users\yuvra\.vscode\extensions\redhat.java-1.52.0-win32-x64\lombok\lombok-1.18.39-4050.jar -XX:+HeapDumpOnOutOfMemoryError -XX:HeapDumpPath=c:\Users\yuvra\AppData\Roaming\Code\User\workspaceStorage\0a1f5ded30702ee74c7291de2031bb62\redhat.java -Daether.dependencyCollector.impl=bf 
java_command: c:\Users\yuvra\.vscode\extensions\redhat.java-1.52.0-win32-x64\server\plugins\org.eclipse.equinox.launcher_1.7.100.v20251111-0406.jar -configuration c:\Users\yuvra\AppData\Roaming\Code\User\globalStorage\redhat.java\1.52.0\config_win -data c:\Users\yuvra\AppData\Roaming\Code\User\workspaceStorage\0a1f5ded30702ee74c7291de2031bb62\redhat.java\jdt_ws --pipe=\\.\pipe\lsp-1f14fd32829999c5aca04467aef76890-sock
java_class_path (initial): c:\Users\yuvra\.vscode\extensions\redhat.java-1.52.0-win32-x64\server\plugins\org.eclipse.equinox.launcher_1.7.100.v20251111-0406.jar
Launcher Type: SUN_STANDARD

[Global flags]
    uintx AdaptiveSizePolicyWeight                 = 90                                        {product} {command line}
     intx CICompilerCount                          = 4                                         {product} {ergonomic}
    uintx GCTimeRatio                              = 4                                         {product} {command line}
     bool HeapDumpOnOutOfMemoryError               = true                                   {manageable} {command line}
    ccstr HeapDumpPath                             = c:\Users\yuvra\AppData\Roaming\Code\User\workspaceStorage\0a1f5ded30702ee74c7291de2031bb62\redhat.java         {manageable} {command line}
   size_t InitialHeapSize                          = 104857600                                 {product} {command line}
   size_t MaxHeapSize                              = 2147483648                                {product} {command line}
   size_t MaxNewSize                               = 715653120                                 {product} {ergonomic}
   size_t MinHeapDeltaBytes                        = 524288                                    {product} {ergonomic}
   size_t MinHeapSize                              = 104857600                                 {product} {command line}
   size_t NewSize                                  = 34603008                                  {product} {ergonomic}
    uintx NonNMethodCodeHeapSize                   = 5839372                                {pd product} {ergonomic}
    uintx NonProfiledCodeHeapSize                  = 122909434                              {pd product} {ergonomic}
   size_t OldSize                                  = 70254592                                  {product} {ergonomic}
    uintx ProfiledCodeHeapSize                     = 122909434                              {pd product} {ergonomic}
    uintx ReservedCodeCacheSize                    = 251658240                              {pd product} {ergonomic}
     bool SegmentedCodeCache                       = true                                      {product} {ergonomic}
   size_t SoftMaxHeapSize                          = 2147483648                             {manageable} {ergonomic}
     bool UseCompressedOops                        = true                           {product lp64_product} {ergonomic}
     bool UseLargePagesIndividualAllocation        = false                                  {pd product} {ergonomic}
     bool UseParallelGC                            = true                                      {product} {command line}

Logging:
Log output configuration:
 #0: stdout all=off uptime,level,tags foldmultilines=false
 #1: stderr all=off uptime,level,tags foldmultilines=false

Release file:
JAVA_VERSION="21.0.9" 
MODULES="java.base java.compiler java.datatransfer java.xml java.prefs java.desktop java.instrument java.logging java.management java.security.sasl java.naming java.rmi java.management.rmi java.net.http java.scripting java.security.jgss java.transaction.xa java.sql java.sql.rowset java.xml.crypto java.se java.smartcardio jdk.accessibility jdk.internal.jvmstat jdk.attach jdk.charsets jdk.internal.opt jdk.zipfs jdk.compiler jdk.crypto.ec jdk.crypto.cryptoki jdk.crypto.mscapi jdk.dynalink jdk.internal.ed jdk.editpad jdk.hotspot.agent jdk.httpserver jdk.internal.le jdk.internal.vm.ci jdk.internal.vm.compiler jdk.internal.vm.compiler.management jdk.jartool jdk.javadoc jdk.jcmd jdk.management jdk.management.agent jdk.jconsole jdk.jdeps jdk.jdwp.agent jdk.jdi jdk.jfr jdk.jshell jdk.jsobject jdk.jstatd jdk.localedata jdk.management.jfr jdk.naming.dns jdk.naming.rmi jdk.net jdk.nio.mapmode jdk.random jdk.sctp jdk.security.auth jdk.security.jgss jdk.unsupported jdk.unsupported.desktop jdk.xml.dom" 

Environment Variables:
PATH=C:\Python313\Scripts\;C:\Python313\;C:\ProgramData\Oracle\Java\javapath;C:\Program Files\Microsoft MPI\Bin\;C:\WINDOWS\system32;C:\WINDOWS;C:\WINDOWS\System32\Wbem;C:\WINDOWS\System32\WindowsPowerShell\v1.0\;C:\WINDOWS\System32\OpenSSH\;C:\MinGW\bin;C:\Program Files (x86)\Microsoft SQL Server\160\Tools\Binn\;C:\Program Files\Microsoft SQL Server\160\Tools\Binn\;C:\Program Files\Microsoft SQL Server\Client SDK\ODBC\170\Tools\Binn\;C:\Program Files\Microsoft SQL Server\160\DTS\Binn\;C:\Program Files (x86)\Microsoft SQL Server\160\DTS\Binn\;C:\Program Files\Azure Data Studio\bin;C:\Program Files\Java\jdk1.8.0_77\bin;C:\ProgramData\ComposerSetup\bin;C:\wamp64\bin\php\php8.0.26;C:\ProgramData\chocolatey\bin;C:\Program Files\nodejs\;C:\Program Files\Git\cmd;C:\Users\yuvra\AppData\Local\Programs\Python\Launcher\;C:\Users\yuvra\AppData\Local\Microsoft\WindowsApps;C:\Users\yuvra\AppData\Local\Programs\Microsoft VS Code\bin;C:\Program Files\Azure Data Studio\bin;C:\ProgramData\ComposerSetup\bin;C:\Users\yuvra\AppData\Roaming\Composer\vendor\bin;C:\Users\yuvra\AppData\Roaming\npm
USERNAME=yuvra
OS=Windows_NT
PROCESSOR_IDENTIFIER=AMD64 Family 23 Model 104 Stepping 1, AuthenticAMD
TMP=C:\Users\yuvra\AppData\Local\Temp
TEMP=C:\Users\yuvra\AppData\Local\Temp




Periodic native trim disabled

---------------  S Y S T E M  ---------------

OS:
 Windows 11 , 64 bit Build 26100 (10.0.26100.7705)
OS uptime: 2 days 22:44 hours
Hyper-V role detected

CPU: total 12 (initial active 12) (12 cores per cpu, 2 threads per core) family 23 model 104 stepping 1 microcode 0x8608109, cx8, cmov, fxsr, ht, mmx, 3dnowpref, sse, sse2, sse3, ssse3, sse4a, sse4.1, sse4.2, popcnt, lzcnt, tsc, tscinvbit, avx, avx2, aes, clmul, bmi1, bmi2, adx, sha, fma, vzeroupper, clflush, clflushopt, hv, rdtscp, rdpid, f16c
Processor Information for the first 12 processors :
  Max Mhz: 2100, Current Mhz: 1400, Mhz Limit: 2100

Memory: 4k page, system-wide physical 5989M (420M free)
TotalPageFile size 24421M (AvailPageFile size 0M)
current process WorkingSet (physical memory assigned to process): 172M, peak: 304M
current process commit charge ("private bytes"): 390M, peak: 401M

vm_info: OpenJDK 64-Bit Server VM (21.0.9+10-LTS) for windows-amd64 JRE (21.0.9+10-LTS), built on 2025-10-21T00:00:00Z by "admin" with unknown MS VC++:1942

END.
