#
# There is insufficient memory for the Java Runtime Environment to continue.
# Native memory allocation (malloc) failed to allocate 2075408 bytes. Error detail: Chunk::new
# Possible reasons:
#   The system is out of physical RAM or swap space
#   This process is running with CompressedOops enabled, and the Java Heap may be blocking the growth of the native heap
# Possible solutions:
#   Reduce memory load on the system
#   Increase physical memory or swap space
#   Check if swap backing store is full
#   Decrease Java heap size (-Xmx/-Xms)
#   Decrease number of Java threads
#   Decrease Java thread stack sizes (-Xss)
#   Set larger code cache with -XX:ReservedCodeCacheSize=
#   JVM is running with Unscaled Compressed Oops mode in which the Java heap is
#     placed in the first 4GB address space. The Java Heap base address is the
#     maximum limit for the native heap growth. Please use -XX:HeapBaseMinAddress
#     to set the Java Heap base and to place the Java Heap above 4GB virtual address.
# This output file may be truncated or incomplete.
#
#  Out of Memory Error (arena.cpp:168), pid=29240, tid=6060
#
# JRE version: OpenJDK Runtime Environment Temurin-21.0.9+10 (21.0.9+10) (build 21.0.9+10-LTS)
# Java VM: OpenJDK 64-Bit Server VM Temurin-21.0.9+10 (21.0.9+10-LTS, mixed mode, sharing, tiered, compressed oops, compressed class ptrs, parallel gc, windows-amd64)
# No core dump will be written. Minidumps are not enabled by default on client versions of Windows
#

---------------  S U M M A R Y ------------

Command Line: --add-modules=ALL-SYSTEM --add-opens=java.base/java.util=ALL-UNNAMED --add-opens=java.base/java.lang=ALL-UNNAMED --add-opens=java.base/sun.nio.fs=ALL-UNNAMED -Declipse.application=org.eclipse.jdt.ls.core.id1 -Dosgi.bundles.defaultStartLevel=4 -Declipse.product=org.eclipse.jdt.ls.core.product -Djava.import.generatesMetadataFilesAtProjectRoot=false -DDetectVMInstallationsJob.disabled=true -Dfile.encoding=utf8 -XX:+UseParallelGC -XX:GCTimeRatio=4 -XX:AdaptiveSizePolicyWeight=90 -Dsun.zip.disableMemoryMapping=true -Xmx2G -Xms100m -Xlog:disable -javaagent:c:\Users\yuvra\.vscode\extensions\redhat.java-1.52.0-win32-x64\lombok\lombok-1.18.39-4050.jar c:\Users\yuvra\.vscode\extensions\redhat.java-1.52.0-win32-x64\server\plugins\org.eclipse.equinox.launcher_1.7.100.v20251111-0406.jar -configuration c:\Users\yuvra\AppData\Roaming\Code\User\globalStorage\redhat.java\1.52.0\config_ss_win -data c:\Users\yuvra\AppData\Roaming\Code\User\workspaceStorage\0a1f5ded30702ee74c7291de2031bb62\redhat.java\ss_ws --pipe=\\.\pipe\lsp-70c5aeb5ef26f7f5ed29a767b98daebc-sock

Host: AMD Ryzen 5 5500U with Radeon Graphics         , 12 cores, 5G,  Windows 11 , 64 bit Build 26100 (10.0.26100.7705)
Time: Sat Feb  7 21:27:20 2026 India Standard Time elapsed time: 9.131454 seconds (0d 0h 0m 9s)

---------------  T H R E A D  ---------------

Current thread (0x000001f7f4030530):  JavaThread "C2 CompilerThread0" daemon [_thread_in_native, id=6060, stack(0x0000002c52800000,0x0000002c52900000) (1024K)]


Current CompileTask:
C2:9131 2609       4       org.lombokweb.asm.ClassReader::readMethod (1070 bytes)

Stack: [0x0000002c52800000,0x0000002c52900000]
Native frames: (J=compiled Java code, j=interpreted, Vv=VM code, C=native code)
V  [jvm.dll+0x6d6e29]
V  [jvm.dll+0x8b4b76]
V  [jvm.dll+0x8b712e]
V  [jvm.dll+0x8b7813]
V  [jvm.dll+0x283d86]
V  [jvm.dll+0xc66ed]
V  [jvm.dll+0xc6c31]
V  [jvm.dll+0x3be53b]
V  [jvm.dll+0x1e3b52]
V  [jvm.dll+0x24c0f3]
V  [jvm.dll+0x24b580]
V  [jvm.dll+0x1cb13e]
V  [jvm.dll+0x25b29d]
V  [jvm.dll+0x25982a]
V  [jvm.dll+0x3f7ea6]
V  [jvm.dll+0x85e9ad]
V  [jvm.dll+0x6d565d]
C  [ucrtbase.dll+0x37b0]
C  [KERNEL32.DLL+0x2e8d7]
C  [ntdll.dll+0x8c40c]


---------------  P R O C E S S  ---------------

Threads class SMR info:
_java_thread_list=0x000001f7f4e61810, length=19, elements={
0x000001f7d74dbe60, 0x000001f7f40054c0, 0x000001f7d748bb80, 0x000001f7f4006f20,
0x000001f7f4007970, 0x000001f7f402bff0, 0x000001f7f402eaf0, 0x000001f7f4030530,
0x000001f7f4032800, 0x000001f7f42a4d50, 0x000001f7f42a46c0, 0x000001f7f42a3310,
0x000001f7f42a2c80, 0x000001f7f42a39a0, 0x000001f7f42a4030, 0x000001f7f42a1f60,
0x000001f7f4e72270, 0x000001f7f42a25f0, 0x000001f7f4f76750
}

Java Threads: ( => current thread )
  0x000001f7d74dbe60 JavaThread "main"                              [_thread_blocked, id=29560, stack(0x0000002c51d00000,0x0000002c51e00000) (1024K)]
  0x000001f7f40054c0 JavaThread "Reference Handler"          daemon [_thread_blocked, id=15036, stack(0x0000002c52200000,0x0000002c52300000) (1024K)]
  0x000001f7d748bb80 JavaThread "Finalizer"                  daemon [_thread_blocked, id=26184, stack(0x0000002c52300000,0x0000002c52400000) (1024K)]
  0x000001f7f4006f20 JavaThread "Signal Dispatcher"          daemon [_thread_blocked, id=25936, stack(0x0000002c52400000,0x0000002c52500000) (1024K)]
  0x000001f7f4007970 JavaThread "Attach Listener"            daemon [_thread_blocked, id=10012, stack(0x0000002c52500000,0x0000002c52600000) (1024K)]
  0x000001f7f402bff0 JavaThread "Service Thread"             daemon [_thread_blocked, id=21992, stack(0x0000002c52600000,0x0000002c52700000) (1024K)]
  0x000001f7f402eaf0 JavaThread "Monitor Deflation Thread"   daemon [_thread_blocked, id=22876, stack(0x0000002c52700000,0x0000002c52800000) (1024K)]
=>0x000001f7f4030530 JavaThread "C2 CompilerThread0"         daemon [_thread_in_native, id=6060, stack(0x0000002c52800000,0x0000002c52900000) (1024K)]
  0x000001f7f4032800 JavaThread "C1 CompilerThread0"         daemon [_thread_in_vm, id=6732, stack(0x0000002c52900000,0x0000002c52a00000) (1024K)]
  0x000001f7f42a4d50 JavaThread "Common-Cleaner"             daemon [_thread_blocked, id=25004, stack(0x0000002c52b00000,0x0000002c52c00000) (1024K)]
  0x000001f7f42a46c0 JavaThread "Notification Thread"        daemon [_thread_blocked, id=10196, stack(0x0000002c52c00000,0x0000002c52d00000) (1024K)]
  0x000001f7f42a3310 JavaThread "Active Thread: Equinox Container: 8009b309-be1a-4bed-8e4d-b9125612c948"        [_thread_blocked, id=14184, stack(0x0000002c53300000,0x0000002c53400000) (1024K)]
  0x000001f7f42a2c80 JavaThread "Framework Event Dispatcher: Equinox Container: 8009b309-be1a-4bed-8e4d-b9125612c948" daemon [_thread_blocked, id=20380, stack(0x0000002c53400000,0x0000002c53500000) (1024K)]
  0x000001f7f42a39a0 JavaThread "Start Level: Equinox Container: 8009b309-be1a-4bed-8e4d-b9125612c948" daemon [_thread_in_native, id=11572, stack(0x0000002c53500000,0x0000002c53600000) (1024K)]
  0x000001f7f42a4030 JavaThread "SCR Component Actor"        daemon [_thread_blocked, id=29236, stack(0x0000002c52a00000,0x0000002c52b00000) (1024K)]
  0x000001f7f42a1f60 JavaThread "Worker-JM"                         [_thread_blocked, id=20740, stack(0x0000002c53700000,0x0000002c53800000) (1024K)]
  0x000001f7f4e72270 JavaThread "C2 CompilerThread1"         daemon [_thread_blocked, id=7056, stack(0x0000002c53a00000,0x0000002c53b00000) (1024K)]
  0x000001f7f42a25f0 JavaThread "Worker-0"                          [_thread_blocked, id=8364, stack(0x0000002c53b00000,0x0000002c53c00000) (1024K)]
  0x000001f7f4f76750 JavaThread "Worker-1"                          [_thread_blocked, id=27112, stack(0x0000002c53c00000,0x0000002c53d00000) (1024K)]
Total: 19

Other Threads:
  0x000001f7d759e510 VMThread "VM Thread"                           [id=10560, stack(0x0000002c52100000,0x0000002c52200000) (1024K)]
  0x000001f7d736ca00 WatcherThread "VM Periodic Task Thread"        [id=28908, stack(0x0000002c52000000,0x0000002c52100000) (1024K)]
  0x000001f7d74fa0b0 WorkerThread "GC Thread#0"                     [id=22472, stack(0x0000002c51f00000,0x0000002c52000000) (1024K)]
  0x000001f7f475b560 WorkerThread "GC Thread#1"                     [id=9604, stack(0x0000002c52d00000,0x0000002c52e00000) (1024K)]
  0x000001f7f475bd00 WorkerThread "GC Thread#2"                     [id=21852, stack(0x0000002c52e00000,0x0000002c52f00000) (1024K)]
  0x000001f7f4a7eb90 WorkerThread "GC Thread#3"                     [id=18604, stack(0x0000002c52f00000,0x0000002c53000000) (1024K)]
  0x000001f7f4a7ef30 WorkerThread "GC Thread#4"                     [id=26488, stack(0x0000002c53000000,0x0000002c53100000) (1024K)]
  0x000001f7f46c6d50 WorkerThread "GC Thread#5"                     [id=16588, stack(0x0000002c53100000,0x0000002c53200000) (1024K)]
  0x000001f7f483f820 WorkerThread "GC Thread#6"                     [id=4064, stack(0x0000002c53200000,0x0000002c53300000) (1024K)]
  0x000001f7f4840300 WorkerThread "GC Thread#7"                     [id=10972, stack(0x0000002c53600000,0x0000002c53700000) (1024K)]
  0x000001f7f483f0e0 WorkerThread "GC Thread#8"                     [id=1528, stack(0x0000002c53800000,0x0000002c53900000) (1024K)]
  0x000001f7f48406a0 WorkerThread "GC Thread#9"                     [id=5432, stack(0x0000002c53900000,0x0000002c53a00000) (1024K)]
Total: 12

Threads with active compile tasks:
C2 CompilerThread0  9177 2609       4       org.lombokweb.asm.ClassReader::readMethod (1070 bytes)
Total: 1

VM state: not at safepoint (normal execution)

VM Mutex/Monitor currently owned by a thread: None

Heap address: 0x0000000080000000, size: 2048 MB, Compressed Oops mode: 32-bit

CDS archive(s) mapped at: [0x000001f780000000-0x000001f780ba0000-0x000001f780ba0000), size 12189696, SharedBaseAddress: 0x000001f780000000, ArchiveRelocationMode: 1.
Compressed class space mapped at: 0x000001f781000000-0x000001f7c1000000, reserved size: 1073741824
Narrow klass base: 0x000001f780000000, Narrow klass shift: 0, Narrow klass range: 0x100000000

GC Precious Log:
 CardTable entry size: 512
 CPUs: 12 total, 12 available
 Memory: 5989M
 Large Page Support: Disabled
 NUMA Support: Disabled
 Compressed Oops: Enabled (32-bit)
 Alignments: Space 512K, Generation 512K, Heap 2M
 Heap Min Capacity: 100M
 Heap Initial Capacity: 100M
 Heap Max Capacity: 2G
 Pre-touch: Disabled
 Parallel Workers: 10

Heap:
 PSYoungGen      total 30720K, used 5484K [0x00000000d5580000, 0x00000000d7900000, 0x0000000100000000)
  eden space 25088K, 21% used [0x00000000d5580000,0x00000000d5adb338,0x00000000d6e00000)
  from space 5632K, 0% used [0x00000000d7380000,0x00000000d7380000,0x00000000d7900000)
  to   space 5632K, 0% used [0x00000000d6e00000,0x00000000d6e00000,0x00000000d7380000)
 ParOldGen       total 68608K, used 10098K [0x0000000080000000, 0x0000000084300000, 0x00000000d5580000)
  object space 68608K, 14% used [0x0000000080000000,0x00000000809dc9c8,0x0000000084300000)
 Metaspace       used 21697K, committed 22336K, reserved 1114112K
  class space    used 2077K, committed 2368K, reserved 1048576K

Card table byte_map: [0x000001f7d6e80000,0x000001f7d7290000] _byte_map_base: 0x000001f7d6a80000

Marking Bits: (ParMarkBitMap*) 0x00007ffc8d8e2460
 Begin Bits: [0x000001f7e9990000, 0x000001f7eb990000)
 End Bits:   [0x000001f7eb990000, 0x000001f7ed990000)

Polling page: 0x000001f7d5690000

Metaspace:

Usage:
  Non-class:     19.16 MB used.
      Class:      2.03 MB used.
       Both:     21.19 MB used.

Virtual space:
  Non-class space:       64.00 MB reserved,      19.50 MB ( 30%) committed,  1 nodes.
      Class space:        1.00 GB reserved,       2.31 MB ( <1%) committed,  1 nodes.
             Both:        1.06 GB reserved,      21.81 MB (  2%) committed. 

Chunk freelists:
   Non-Class:  12.15 MB
       Class:  13.51 MB
        Both:  25.66 MB

MaxMetaspaceSize: unlimited
CompressedClassSpaceSize: 1.00 GB
Initial GC threshold: 21.00 MB
Current GC threshold: 35.00 MB
CDS: on
 - commit_granule_bytes: 65536.
 - commit_granule_words: 8192.
 - virtual_space_node_default_size: 8388608.
 - enlarge_chunks_in_place: 1.
 - use_allocation_guard: 0.


Internal statistics:

num_allocs_failed_limit: 3.
num_arena_births: 496.
num_arena_deaths: 14.
num_vsnodes_births: 2.
num_vsnodes_deaths: 0.
num_space_committed: 349.
num_space_uncommitted: 0.
num_chunks_returned_to_freelist: 17.
num_chunks_taken_from_freelist: 1305.
num_chunk_merges: 6.
num_chunk_splits: 860.
num_chunks_enlarged: 555.
num_inconsistent_stats: 0.

CodeHeap 'non-profiled nmethods': size=120000Kb used=1241Kb max_used=1241Kb free=118758Kb
 bounds [0x000001f7e21b0000, 0x000001f7e2420000, 0x000001f7e96e0000]
CodeHeap 'profiled nmethods': size=120000Kb used=5641Kb max_used=5641Kb free=114358Kb
 bounds [0x000001f7da6e0000, 0x000001f7dac70000, 0x000001f7e1c10000]
CodeHeap 'non-nmethods': size=5760Kb used=1307Kb max_used=1327Kb free=4452Kb
 bounds [0x000001f7e1c10000, 0x000001f7e1e80000, 0x000001f7e21b0000]
CodeCache: size=245760Kb, used=8189Kb, max_used=8209Kb, free=237568Kb
 total_blobs=3436, nmethods=2845, adapters=497, full_count=0
Compilation: enabled, stopped_count=0, restarted_count=0

Compilation events (20 events):
Event: 7.822 Thread 0x000001f7f4032800 2829       3       java.lang.CharacterDataLatin1::toUpperCase (67 bytes)
Event: 7.822 Thread 0x000001f7f4032800 nmethod 2829 0x000001f7dac5a690 code [0x000001f7dac5a860, 0x000001f7dac5ab88]
Event: 7.822 Thread 0x000001f7f4032800 2827       3       java.lang.Character::toUpperCase (6 bytes)
Event: 7.822 Thread 0x000001f7f4032800 nmethod 2827 0x000001f7dac5ac10 code [0x000001f7dac5ade0, 0x000001f7dac5b038]
Event: 7.822 Thread 0x000001f7f4032800 2828       3       java.lang.Character::toUpperCase (9 bytes)
Event: 7.822 Thread 0x000001f7f4032800 nmethod 2828 0x000001f7dac5b110 code [0x000001f7dac5b2c0, 0x000001f7dac5b4b8]
Event: 7.822 Thread 0x000001f7f4032800 2793       1       java.util.concurrent.atomic.AtomicReference::set (6 bytes)
Event: 7.823 Thread 0x000001f7f4032800 nmethod 2793 0x000001f7e22e2090 code [0x000001f7e22e2220, 0x000001f7e22e2308]
Event: 7.844 Thread 0x000001f7f4e72270 2830       4       java.lang.Class::getName (18 bytes)
Event: 7.844 Thread 0x000001f7f4032800 2831       3       java.lang.String::<init> (99 bytes)
Event: 7.845 Thread 0x000001f7f4e72270 nmethod 2830 0x000001f7e22e2390 code [0x000001f7e22e2520, 0x000001f7e22e25e0]
Event: 7.846 Thread 0x000001f7f4032800 nmethod 2831 0x000001f7dac5b590 code [0x000001f7dac5b980, 0x000001f7dac5d3a0]
Event: 7.847 Thread 0x000001f7f4e72270 2832       4       java.util.ImmutableCollections$SetN::probe (56 bytes)
Event: 7.847 Thread 0x000001f7f4032800 2833       3       java.lang.Enum::hashCode (21 bytes)
Event: 7.848 Thread 0x000001f7f4032800 nmethod 2833 0x000001f7dac5dc90 code [0x000001f7dac5de40, 0x000001f7dac5dfc8]
Event: 7.851 Thread 0x000001f7f4e72270 nmethod 2832 0x000001f7e22e2690 code [0x000001f7e22e2840, 0x000001f7e22e2ab8]
Event: 7.861 Thread 0x000001f7f4e72270 2834       4       java.util.HashMap::putVal (300 bytes)
Event: 7.872 Thread 0x000001f7f4e72270 nmethod 2834 0x000001f7e22e2c90 code [0x000001f7e22e2ee0, 0x000001f7e22e37e8]
Event: 7.877 Thread 0x000001f7f4032800 2835       1       sun.nio.fs.WindowsFileSystem::provider (5 bytes)
Event: 7.877 Thread 0x000001f7f4032800 nmethod 2835 0x000001f7e22e3f90 code [0x000001f7e22e4120, 0x000001f7e22e41e8]

GC Heap History (14 events):
Event: 1.277 GC heap before
{Heap before GC invocations=1 (full 0):
 PSYoungGen      total 29696K, used 25600K [0x00000000d5580000, 0x00000000d7680000, 0x0000000100000000)
  eden space 25600K, 100% used [0x00000000d5580000,0x00000000d6e80000,0x00000000d6e80000)
  from space 4096K, 0% used [0x00000000d7280000,0x00000000d7280000,0x00000000d7680000)
  to   space 4096K, 0% used [0x00000000d6e80000,0x00000000d6e80000,0x00000000d7280000)
 ParOldGen       total 68608K, used 0K [0x0000000080000000, 0x0000000084300000, 0x00000000d5580000)
  object space 68608K, 0% used [0x0000000080000000,0x0000000080000000,0x0000000084300000)
 Metaspace       used 4329K, committed 4544K, reserved 1114112K
  class space    used 472K, committed 576K, reserved 1048576K
}
Event: 1.294 GC heap after
{Heap after GC invocations=1 (full 0):
 PSYoungGen      total 29696K, used 3303K [0x00000000d5580000, 0x00000000d7680000, 0x0000000100000000)
  eden space 25600K, 0% used [0x00000000d5580000,0x00000000d5580000,0x00000000d6e80000)
  from space 4096K, 80% used [0x00000000d6e80000,0x00000000d71b9e98,0x00000000d7280000)
  to   space 4096K, 0% used [0x00000000d7280000,0x00000000d7280000,0x00000000d7680000)
 ParOldGen       total 68608K, used 8K [0x0000000080000000, 0x0000000084300000, 0x00000000d5580000)
  object space 68608K, 0% used [0x0000000080000000,0x0000000080002000,0x0000000084300000)
 Metaspace       used 4329K, committed 4544K, reserved 1114112K
  class space    used 472K, committed 576K, reserved 1048576K
}
Event: 2.587 GC heap before
{Heap before GC invocations=2 (full 0):
 PSYoungGen      total 29696K, used 28903K [0x00000000d5580000, 0x00000000d7680000, 0x0000000100000000)
  eden space 25600K, 100% used [0x00000000d5580000,0x00000000d6e80000,0x00000000d6e80000)
  from space 4096K, 80% used [0x00000000d6e80000,0x00000000d71b9e98,0x00000000d7280000)
  to   space 4096K, 0% used [0x00000000d7280000,0x00000000d7280000,0x00000000d7680000)
 ParOldGen       total 68608K, used 8K [0x0000000080000000, 0x0000000084300000, 0x00000000d5580000)
  object space 68608K, 0% used [0x0000000080000000,0x0000000080002000,0x0000000084300000)
 Metaspace       used 8133K, committed 8384K, reserved 1114112K
  class space    used 866K, committed 960K, reserved 1048576K
}
Event: 2.597 GC heap after
{Heap after GC invocations=2 (full 0):
 PSYoungGen      total 29696K, used 4093K [0x00000000d5580000, 0x00000000d7680000, 0x0000000100000000)
  eden space 25600K, 0% used [0x00000000d5580000,0x00000000d5580000,0x00000000d6e80000)
  from space 4096K, 99% used [0x00000000d7280000,0x00000000d767f680,0x00000000d7680000)
  to   space 4096K, 0% used [0x00000000d6e80000,0x00000000d6e80000,0x00000000d7280000)
 ParOldGen       total 68608K, used 1094K [0x0000000080000000, 0x0000000084300000, 0x00000000d5580000)
  object space 68608K, 1% used [0x0000000080000000,0x0000000080111830,0x0000000084300000)
 Metaspace       used 8133K, committed 8384K, reserved 1114112K
  class space    used 866K, committed 960K, reserved 1048576K
}
Event: 4.123 GC heap before
{Heap before GC invocations=3 (full 0):
 PSYoungGen      total 29696K, used 29693K [0x00000000d5580000, 0x00000000d7680000, 0x0000000100000000)
  eden space 25600K, 100% used [0x00000000d5580000,0x00000000d6e80000,0x00000000d6e80000)
  from space 4096K, 99% used [0x00000000d7280000,0x00000000d767f680,0x00000000d7680000)
  to   space 4096K, 0% used [0x00000000d6e80000,0x00000000d6e80000,0x00000000d7280000)
 ParOldGen       total 68608K, used 1094K [0x0000000080000000, 0x0000000084300000, 0x00000000d5580000)
  object space 68608K, 1% used [0x0000000080000000,0x0000000080111830,0x0000000084300000)
 Metaspace       used 12967K, committed 13440K, reserved 1114112K
  class space    used 1377K, committed 1600K, reserved 1048576K
}
Event: 4.130 GC heap after
{Heap after GC invocations=3 (full 0):
 PSYoungGen      total 29696K, used 4064K [0x00000000d5580000, 0x00000000d7680000, 0x0000000100000000)
  eden space 25600K, 0% used [0x00000000d5580000,0x00000000d5580000,0x00000000d6e80000)
  from space 4096K, 99% used [0x00000000d6e80000,0x00000000d7278020,0x00000000d7280000)
  to   space 4096K, 0% used [0x00000000d7280000,0x00000000d7280000,0x00000000d7680000)
 ParOldGen       total 68608K, used 2953K [0x0000000080000000, 0x0000000084300000, 0x00000000d5580000)
  object space 68608K, 4% used [0x0000000080000000,0x00000000802e24f0,0x0000000084300000)
 Metaspace       used 12967K, committed 13440K, reserved 1114112K
  class space    used 1377K, committed 1600K, reserved 1048576K
}
Event: 4.804 GC heap before
{Heap before GC invocations=4 (full 0):
 PSYoungGen      total 29696K, used 29664K [0x00000000d5580000, 0x00000000d7680000, 0x0000000100000000)
  eden space 25600K, 100% used [0x00000000d5580000,0x00000000d6e80000,0x00000000d6e80000)
  from space 4096K, 99% used [0x00000000d6e80000,0x00000000d7278020,0x00000000d7280000)
  to   space 4096K, 0% used [0x00000000d7280000,0x00000000d7280000,0x00000000d7680000)
 ParOldGen       total 68608K, used 2953K [0x0000000080000000, 0x0000000084300000, 0x00000000d5580000)
  object space 68608K, 4% used [0x0000000080000000,0x00000000802e24f0,0x0000000084300000)
 Metaspace       used 15927K, committed 16576K, reserved 1114112K
  class space    used 1656K, committed 1920K, reserved 1048576K
}
Event: 4.809 GC heap after
{Heap after GC invocations=4 (full 0):
 PSYoungGen      total 29696K, used 4085K [0x00000000d5580000, 0x00000000d7680000, 0x0000000100000000)
  eden space 25600K, 0% used [0x00000000d5580000,0x00000000d5580000,0x00000000d6e80000)
  from space 4096K, 99% used [0x00000000d7280000,0x00000000d767d5c0,0x00000000d7680000)
  to   space 4096K, 0% used [0x00000000d6e80000,0x00000000d6e80000,0x00000000d7280000)
 ParOldGen       total 68608K, used 5438K [0x0000000080000000, 0x0000000084300000, 0x00000000d5580000)
  object space 68608K, 7% used [0x0000000080000000,0x000000008054f838,0x0000000084300000)
 Metaspace       used 15927K, committed 16576K, reserved 1114112K
  class space    used 1656K, committed 1920K, reserved 1048576K
}
Event: 5.256 GC heap before
{Heap before GC invocations=5 (full 0):
 PSYoungGen      total 29696K, used 29502K [0x00000000d5580000, 0x00000000d7680000, 0x0000000100000000)
  eden space 25600K, 99% used [0x00000000d5580000,0x00000000d6e52508,0x00000000d6e80000)
  from space 4096K, 99% used [0x00000000d7280000,0x00000000d767d5c0,0x00000000d7680000)
  to   space 4096K, 0% used [0x00000000d6e80000,0x00000000d6e80000,0x00000000d7280000)
 ParOldGen       total 68608K, used 5438K [0x0000000080000000, 0x0000000084300000, 0x00000000d5580000)
  object space 68608K, 7% used [0x0000000080000000,0x000000008054f838,0x0000000084300000)
 Metaspace       used 20133K, committed 20800K, reserved 1114112K
  class space    used 1963K, committed 2240K, reserved 1048576K
}
Event: 5.262 GC heap after
{Heap after GC invocations=5 (full 0):
 PSYoungGen      total 29184K, used 4082K [0x00000000d5580000, 0x00000000d7900000, 0x0000000100000000)
  eden space 25088K, 0% used [0x00000000d5580000,0x00000000d5580000,0x00000000d6e00000)
  from space 4096K, 99% used [0x00000000d6e80000,0x00000000d727cb90,0x00000000d7280000)
  to   space 5632K, 0% used [0x00000000d7380000,0x00000000d7380000,0x00000000d7900000)
 ParOldGen       total 68608K, used 6043K [0x0000000080000000, 0x0000000084300000, 0x00000000d5580000)
  object space 68608K, 8% used [0x0000000080000000,0x00000000805e6f28,0x0000000084300000)
 Metaspace       used 20133K, committed 20800K, reserved 1114112K
  class space    used 1963K, committed 2240K, reserved 1048576K
}
Event: 5.613 GC heap before
{Heap before GC invocations=6 (full 0):
 PSYoungGen      total 29184K, used 23227K [0x00000000d5580000, 0x00000000d7900000, 0x0000000100000000)
  eden space 25088K, 76% used [0x00000000d5580000,0x00000000d68321d8,0x00000000d6e00000)
  from space 4096K, 99% used [0x00000000d6e80000,0x00000000d727cb90,0x00000000d7280000)
  to   space 5632K, 0% used [0x00000000d7380000,0x00000000d7380000,0x00000000d7900000)
 ParOldGen       total 68608K, used 6043K [0x0000000080000000, 0x0000000084300000, 0x00000000d5580000)
  object space 68608K, 8% used [0x0000000080000000,0x00000000805e6f28,0x0000000084300000)
 Metaspace       used 20863K, committed 21504K, reserved 1114112K
  class space    used 2004K, committed 2304K, reserved 1048576K
}
Event: 5.619 GC heap after
{Heap after GC invocations=6 (full 0):
 PSYoungGen      total 30720K, used 5376K [0x00000000d5580000, 0x00000000d7900000, 0x0000000100000000)
  eden space 25088K, 0% used [0x00000000d5580000,0x00000000d5580000,0x00000000d6e00000)
  from space 5632K, 95% used [0x00000000d7380000,0x00000000d78c00a0,0x00000000d7900000)
  to   space 5632K, 0% used [0x00000000d6e00000,0x00000000d6e00000,0x00000000d7380000)
 ParOldGen       total 68608K, used 6833K [0x0000000080000000, 0x0000000084300000, 0x00000000d5580000)
  object space 68608K, 9% used [0x0000000080000000,0x00000000806ac438,0x0000000084300000)
 Metaspace       used 20863K, committed 21504K, reserved 1114112K
  class space    used 2004K, committed 2304K, reserved 1048576K
}
Event: 5.619 GC heap before
{Heap before GC invocations=7 (full 1):
 PSYoungGen      total 30720K, used 5376K [0x00000000d5580000, 0x00000000d7900000, 0x0000000100000000)
  eden space 25088K, 0% used [0x00000000d5580000,0x00000000d5580000,0x00000000d6e00000)
  from space 5632K, 95% used [0x00000000d7380000,0x00000000d78c00a0,0x00000000d7900000)
  to   space 5632K, 0% used [0x00000000d6e00000,0x00000000d6e00000,0x00000000d7380000)
 ParOldGen       total 68608K, used 6833K [0x0000000080000000, 0x0000000084300000, 0x00000000d5580000)
  object space 68608K, 9% used [0x0000000080000000,0x00000000806ac438,0x0000000084300000)
 Metaspace       used 20863K, committed 21504K, reserved 1114112K
  class space    used 2004K, committed 2304K, reserved 1048576K
}
Event: 5.663 GC heap after
{Heap after GC invocations=7 (full 1):
 PSYoungGen      total 30720K, used 0K [0x00000000d5580000, 0x00000000d7900000, 0x0000000100000000)
  eden space 25088K, 0% used [0x00000000d5580000,0x00000000d5580000,0x00000000d6e00000)
  from space 5632K, 0% used [0x00000000d7380000,0x00000000d7380000,0x00000000d7900000)
  to   space 5632K, 0% used [0x00000000d6e00000,0x00000000d6e00000,0x00000000d7380000)
 ParOldGen       total 68608K, used 10098K [0x0000000080000000, 0x0000000084300000, 0x00000000d5580000)
  object space 68608K, 14% used [0x0000000080000000,0x00000000809dc9c8,0x0000000084300000)
 Metaspace       used 20850K, committed 21504K, reserved 1114112K
  class space    used 2000K, committed 2304K, reserved 1048576K
}

Dll operation events (9 events):
Event: 0.035 Loaded shared library c:\Users\yuvra\.vscode\extensions\redhat.java-1.52.0-win32-x64\jre\21.0.9-win32-x86_64\bin\java.dll
Event: 0.131 Loaded shared library c:\Users\yuvra\.vscode\extensions\redhat.java-1.52.0-win32-x64\jre\21.0.9-win32-x86_64\bin\zip.dll
Event: 0.155 Loaded shared library C:\Users\yuvra\.vscode\extensions\redhat.java-1.52.0-win32-x64\jre\21.0.9-win32-x86_64\bin\instrument.dll
Event: 0.164 Loaded shared library C:\Users\yuvra\.vscode\extensions\redhat.java-1.52.0-win32-x64\jre\21.0.9-win32-x86_64\bin\net.dll
Event: 0.167 Loaded shared library C:\Users\yuvra\.vscode\extensions\redhat.java-1.52.0-win32-x64\jre\21.0.9-win32-x86_64\bin\nio.dll
Event: 0.171 Loaded shared library C:\Users\yuvra\.vscode\extensions\redhat.java-1.52.0-win32-x64\jre\21.0.9-win32-x86_64\bin\zip.dll
Event: 0.197 Loaded shared library C:\Users\yuvra\.vscode\extensions\redhat.java-1.52.0-win32-x64\jre\21.0.9-win32-x86_64\bin\jimage.dll
Event: 0.320 Loaded shared library c:\Users\yuvra\.vscode\extensions\redhat.java-1.52.0-win32-x64\jre\21.0.9-win32-x86_64\bin\verify.dll
Event: 2.551 Loaded shared library C:\Users\yuvra\AppData\Roaming\Code\User\globalStorage\redhat.java\1.52.0\config_ss_win\org.eclipse.equinox.launcher\org.eclipse.equinox.launcher.win32.win32.x86_64_1.2.1500.v20260121-1430\eclipse_11919.dll

Deoptimization events (20 events):
Event: 7.820 Thread 0x000001f7f42a39a0 Uncommon trap: trap_request=0xffffffc6 fr.pc=0x000001f7e22ad410 relative=0x0000000000000910
Event: 7.820 Thread 0x000001f7f42a39a0 Uncommon trap: reason=bimorphic_or_optimized_type_check action=maybe_recompile pc=0x000001f7e22ad410 method=java.util.HashMap.putVal(ILjava/lang/Object;Ljava/lang/Object;ZZ)Ljava/lang/Object; @ 56 c2
Event: 7.820 Thread 0x000001f7f42a39a0 DEOPT PACKING pc=0x000001f7e22ad410 sp=0x0000002c535fdfa0
Event: 7.820 Thread 0x000001f7f42a39a0 DEOPT UNPACKING pc=0x000001f7e1c63aa2 sp=0x0000002c535fdef8 mode 2
Event: 7.820 Thread 0x000001f7f42a39a0 Uncommon trap: trap_request=0xffffffc6 fr.pc=0x000001f7e22ad410 relative=0x0000000000000910
Event: 7.820 Thread 0x000001f7f42a39a0 Uncommon trap: reason=bimorphic_or_optimized_type_check action=maybe_recompile pc=0x000001f7e22ad410 method=java.util.HashMap.putVal(ILjava/lang/Object;Ljava/lang/Object;ZZ)Ljava/lang/Object; @ 56 c2
Event: 7.820 Thread 0x000001f7f42a39a0 DEOPT PACKING pc=0x000001f7e22ad410 sp=0x0000002c535fdfa0
Event: 7.820 Thread 0x000001f7f42a39a0 DEOPT UNPACKING pc=0x000001f7e1c63aa2 sp=0x0000002c535fdef8 mode 2
Event: 7.820 Thread 0x000001f7f42a39a0 Uncommon trap: trap_request=0xffffffc6 fr.pc=0x000001f7e22ad4d0 relative=0x00000000000009d0
Event: 7.820 Thread 0x000001f7f42a39a0 Uncommon trap: reason=bimorphic_or_optimized_type_check action=maybe_recompile pc=0x000001f7e22ad4d0 method=java.util.HashMap.putVal(ILjava/lang/Object;Ljava/lang/Object;ZZ)Ljava/lang/Object; @ 152 c2
Event: 7.820 Thread 0x000001f7f42a39a0 DEOPT PACKING pc=0x000001f7e22ad4d0 sp=0x0000002c535fdfa0
Event: 7.820 Thread 0x000001f7f42a39a0 DEOPT UNPACKING pc=0x000001f7e1c63aa2 sp=0x0000002c535fdf00 mode 2
Event: 7.820 Thread 0x000001f7f42a39a0 Uncommon trap: trap_request=0xffffffc6 fr.pc=0x000001f7e22ad410 relative=0x0000000000000910
Event: 7.820 Thread 0x000001f7f42a39a0 Uncommon trap: reason=bimorphic_or_optimized_type_check action=maybe_recompile pc=0x000001f7e22ad410 method=java.util.HashMap.putVal(ILjava/lang/Object;Ljava/lang/Object;ZZ)Ljava/lang/Object; @ 56 c2
Event: 7.820 Thread 0x000001f7f42a39a0 DEOPT PACKING pc=0x000001f7e22ad410 sp=0x0000002c535fdfa0
Event: 7.820 Thread 0x000001f7f42a39a0 DEOPT UNPACKING pc=0x000001f7e1c63aa2 sp=0x0000002c535fdef8 mode 2
Event: 7.851 Thread 0x000001f7f42a39a0 Uncommon trap: trap_request=0xffffff45 fr.pc=0x000001f7e22d44e0 relative=0x00000000000009e0
Event: 7.851 Thread 0x000001f7f42a39a0 Uncommon trap: reason=unstable_if action=reinterpret pc=0x000001f7e22d44e0 method=java.util.regex.Pattern$BmpCharPropertyGreedy.match(Ljava/util/regex/Matcher;ILjava/lang/CharSequence;)Z @ 12 c2
Event: 7.851 Thread 0x000001f7f42a39a0 DEOPT PACKING pc=0x000001f7e22d44e0 sp=0x0000002c535fdb80
Event: 7.851 Thread 0x000001f7f42a39a0 DEOPT UNPACKING pc=0x000001f7e1c63aa2 sp=0x0000002c535fda48 mode 2

Classes loaded (20 events):
Event: 7.882 Loading class java/nio/channels/SelectableChannel done
Event: 7.882 Loading class java/nio/channels/spi/AbstractSelectableChannel done
Event: 7.882 Loading class java/nio/channels/SocketChannel done
Event: 7.882 Loading class sun/nio/ch/SocketChannelImpl done
Event: 7.882 Loading class sun/nio/ch/ChannelOutputStream
Event: 7.882 Loading class sun/nio/ch/ChannelOutputStream done
Event: 7.882 Loading class sun/nio/ch/Util
Event: 7.883 Loading class sun/nio/ch/Util done
Event: 7.883 Loading class sun/nio/ch/Util$1
Event: 7.883 Loading class sun/nio/ch/Util$1 done
Event: 7.883 Loading class sun/nio/ch/Util$BufferCache
Event: 7.883 Loading class sun/nio/ch/Util$BufferCache done
Event: 7.883 Loading class java/nio/DirectByteBuffer$Deallocator
Event: 7.883 Loading class java/nio/DirectByteBuffer$Deallocator done
Event: 7.884 Loading class sun/nio/ch/IOStatus
Event: 7.884 Loading class sun/nio/ch/IOStatus done
Event: 7.884 Loading class java/nio/file/StandardCopyOption
Event: 7.885 Loading class java/nio/file/StandardCopyOption done
Event: 7.885 Loading class sun/nio/fs/WindowsFileCopy
Event: 7.885 Loading class sun/nio/fs/WindowsFileCopy done

Classes unloaded (7 events):
Event: 5.625 Thread 0x000001f7d759e510 Unloading class 0x000001f781191400 'java/lang/invoke/LambdaForm$MH+0x000001f781191400'
Event: 5.625 Thread 0x000001f7d759e510 Unloading class 0x000001f781191000 'java/lang/invoke/LambdaForm$MH+0x000001f781191000'
Event: 5.625 Thread 0x000001f7d759e510 Unloading class 0x000001f781190c00 'java/lang/invoke/LambdaForm$MH+0x000001f781190c00'
Event: 5.625 Thread 0x000001f7d759e510 Unloading class 0x000001f781190800 'java/lang/invoke/LambdaForm$MH+0x000001f781190800'
Event: 5.625 Thread 0x000001f7d759e510 Unloading class 0x000001f781190400 'java/lang/invoke/LambdaForm$BMH+0x000001f781190400'
Event: 5.625 Thread 0x000001f7d759e510 Unloading class 0x000001f781190000 'java/lang/invoke/LambdaForm$DMH+0x000001f781190000'
Event: 5.625 Thread 0x000001f7d759e510 Unloading class 0x000001f78118ec00 'java/lang/invoke/LambdaForm$DMH+0x000001f78118ec00'

Classes redefined (0 events):
No events

Internal exceptions (20 events):
Event: 4.440 Thread 0x000001f7f42a39a0 Exception <a 'java/lang/NoSuchMethodError'{0x00000000d5d0f668}: 'java.lang.Object java.lang.invoke.DirectMethodHandle$Holder.newInvokeSpecial(java.lang.Object, java.lang.Object, java.lang.Object, java.lang.Object, java.lang.Object)'> (0x00000000d5d0f668) 
thrown [s\src\hotspot\share\interpreter\linkResolver.cpp, line 773]
Event: 4.462 Thread 0x000001f7f42a39a0 Exception <a 'java/lang/NoSuchMethodError'{0x00000000d5dee748}: 'java.lang.Object java.lang.invoke.DirectMethodHandle$Holder.invokeSpecial(java.lang.Object, java.lang.Object, java.lang.Object, long, java.lang.Object)'> (0x00000000d5dee748) 
thrown [s\src\hotspot\share\interpreter\linkResolver.cpp, line 773]
Event: 4.463 Thread 0x000001f7f42a39a0 Exception <a 'java/lang/NoSuchMethodError'{0x00000000d5df5f90}: 'java.lang.Object java.lang.invoke.DirectMethodHandle$Holder.newInvokeSpecial(java.lang.Object, java.lang.Object, java.lang.Object, long)'> (0x00000000d5df5f90) 
thrown [s\src\hotspot\share\interpreter\linkResolver.cpp, line 773]
Event: 4.465 Thread 0x000001f7f42a39a0 Exception <a 'java/lang/NoSuchMethodError'{0x00000000d5dfa340}: 'java.lang.Object java.lang.invoke.DirectMethodHandle$Holder.invokeSpecial(java.lang.Object, java.lang.Object, java.lang.Object, java.lang.Object, long)'> (0x00000000d5dfa340) 
thrown [s\src\hotspot\share\interpreter\linkResolver.cpp, line 773]
Event: 4.465 Thread 0x000001f7f42a39a0 Exception <a 'java/lang/NoSuchMethodError'{0x00000000d5dfdf60}: 'java.lang.Object java.lang.invoke.Invokers$Holder.linkToTargetMethod(java.lang.Object, java.lang.Object, long, java.lang.Object)'> (0x00000000d5dfdf60) 
thrown [s\src\hotspot\share\interpreter\linkResolver.cpp, line 773]
Event: 4.485 Thread 0x000001f7f42a39a0 Exception <a 'java/lang/NoSuchMethodError'{0x00000000d5e701b8}: 'int java.lang.invoke.DirectMethodHandle$Holder.invokeStaticInit(java.lang.Object, java.lang.Object, java.lang.Object)'> (0x00000000d5e701b8) 
thrown [s\src\hotspot\share\interpreter\linkResolver.cpp, line 773]
Event: 4.507 Thread 0x000001f7f42a39a0 Exception <a 'java/lang/IncompatibleClassChangeError'{0x00000000d5f0c490}: Found class java.lang.Object, but interface was expected> (0x00000000d5f0c490) 
thrown [s\src\hotspot\share\interpreter\linkResolver.cpp, line 840]
Event: 4.508 Thread 0x000001f7f42a39a0 Exception <a 'java/lang/NoSuchMethodError'{0x00000000d5f1e098}: 'java.lang.Object java.lang.invoke.DirectMethodHandle$Holder.invokeSpecial(java.lang.Object, java.lang.Object, java.lang.Object, int, java.lang.Object, java.lang.Object)'> (0x00000000d5f1e098) 
thrown [s\src\hotspot\share\interpreter\linkResolver.cpp, line 773]
Event: 4.509 Thread 0x000001f7f42a39a0 Exception <a 'java/lang/NoSuchMethodError'{0x00000000d5f25b70}: 'java.lang.Object java.lang.invoke.DirectMethodHandle$Holder.newInvokeSpecial(java.lang.Object, java.lang.Object, java.lang.Object, int, java.lang.Object)'> (0x00000000d5f25b70) 
thrown [s\src\hotspot\share\interpreter\linkResolver.cpp, line 773]
Event: 4.510 Thread 0x000001f7f42a39a0 Exception <a 'java/lang/NoSuchMethodError'{0x00000000d5f29af0}: 'java.lang.Object java.lang.invoke.DirectMethodHandle$Holder.invokeSpecial(java.lang.Object, java.lang.Object, java.lang.Object, java.lang.Object, int, java.lang.Object)'> (0x00000000d5f29af0) 
thrown [s\src\hotspot\share\interpreter\linkResolver.cpp, line 773]
Event: 4.511 Thread 0x000001f7f42a39a0 Exception <a 'java/lang/NoSuchMethodError'{0x00000000d5f2d630}: 'java.lang.Object java.lang.invoke.Invokers$Holder.linkToTargetMethod(java.lang.Object, java.lang.Object, int, java.lang.Object, java.lang.Object)'> (0x00000000d5f2d630) 
thrown [s\src\hotspot\share\interpreter\linkResolver.cpp, line 773]
Event: 4.512 Thread 0x000001f7f42a25f0 Exception <a 'java/lang/NoSuchMethodError'{0x00000000d5e47418}: 'java.lang.Object java.lang.invoke.DirectMethodHandle$Holder.invokeSpecial(java.lang.Object, java.lang.Object, int, java.lang.Object, java.lang.Object)'> (0x00000000d5e47418) 
thrown [s\src\hotspot\share\interpreter\linkResolver.cpp, line 773]
Event: 4.513 Thread 0x000001f7f42a25f0 Exception <a 'java/lang/NoSuchMethodError'{0x00000000d5e4e150}: 'java.lang.Object java.lang.invoke.DirectMethodHandle$Holder.newInvokeSpecial(java.lang.Object, java.lang.Object, int, java.lang.Object)'> (0x00000000d5e4e150) 
thrown [s\src\hotspot\share\interpreter\linkResolver.cpp, line 773]
Event: 4.514 Thread 0x000001f7f42a25f0 Exception <a 'java/lang/NoSuchMethodError'{0x00000000d5e51a30}: 'java.lang.Object java.lang.invoke.DirectMethodHandle$Holder.invokeSpecial(java.lang.Object, java.lang.Object, java.lang.Object, int, java.lang.Object)'> (0x00000000d5e51a30) 
thrown [s\src\hotspot\share\interpreter\linkResolver.cpp, line 773]
Event: 4.565 Thread 0x000001f7f42a39a0 Exception <a 'java/lang/NoSuchMethodError'{0x00000000d6069c98}: 'void java.lang.invoke.DirectMethodHandle$Holder.invokeSpecial(java.lang.Object, java.lang.Object, java.lang.Object, java.lang.Object, java.lang.Object)'> (0x00000000d6069c98) 
thrown [s\src\hotspot\share\interpreter\linkResolver.cpp, line 773]
Event: 4.632 Thread 0x000001f7f42a39a0 Exception <a 'java/lang/NoSuchMethodError'{0x00000000d6257a10}: 'double java.lang.invoke.DirectMethodHandle$Holder.invokeStatic(java.lang.Object, java.lang.Object)'> (0x00000000d6257a10) 
thrown [s\src\hotspot\share\interpreter\linkResolver.cpp, line 773]
Event: 4.633 Thread 0x000001f7f42a39a0 Exception <a 'java/lang/NoSuchMethodError'{0x00000000d625b0d0}: 'double java.lang.invoke.DirectMethodHandle$Holder.invokeStaticInit(java.lang.Object, java.lang.Object)'> (0x00000000d625b0d0) 
thrown [s\src\hotspot\share\interpreter\linkResolver.cpp, line 773]
Event: 5.134 Thread 0x000001f7f42a39a0 Implicit null exception at 0x000001f7e22c2df5 to 0x000001f7e22c2ed0
Event: 5.718 Thread 0x000001f7f42a39a0 Exception <a 'java/lang/NoSuchMethodError'{0x00000000d56ce858}: 'java.lang.Object java.lang.invoke.DirectMethodHandle$Holder.newInvokeSpecial(java.lang.Object, int, java.lang.Object, java.lang.Object)'> (0x00000000d56ce858) 
thrown [s\src\hotspot\share\interpreter\linkResolver.cpp, line 773]
Event: 7.838 Thread 0x000001f7f42a39a0 Exception <a 'sun/nio/fs/WindowsException'{0x00000000d58c34c0}> (0x00000000d58c34c0) 
thrown [s\src\hotspot\share\prims\jni.cpp, line 520]

ZGC Phase Switch (0 events):
No events

VM Operations (20 events):
Event: 4.123 Executing VM operation: ParallelGCFailedAllocation (Allocation Failure)
Event: 4.130 Executing VM operation: ParallelGCFailedAllocation (Allocation Failure) done
Event: 4.255 Executing VM operation: HandshakeAllThreads (Deoptimize)
Event: 4.255 Executing VM operation: HandshakeAllThreads (Deoptimize) done
Event: 4.265 Executing VM operation: HandshakeAllThreads (Deoptimize)
Event: 4.265 Executing VM operation: HandshakeAllThreads (Deoptimize) done
Event: 4.283 Executing VM operation: HandshakeAllThreads (Deoptimize)
Event: 4.283 Executing VM operation: HandshakeAllThreads (Deoptimize) done
Event: 4.804 Executing VM operation: ParallelGCFailedAllocation (Allocation Failure)
Event: 4.809 Executing VM operation: ParallelGCFailedAllocation (Allocation Failure) done
Event: 5.256 Executing VM operation: ParallelGCFailedAllocation (Allocation Failure)
Event: 5.262 Executing VM operation: ParallelGCFailedAllocation (Allocation Failure) done
Event: 5.613 Executing VM operation: CollectForMetadataAllocation (Metadata GC Threshold)
Event: 5.663 Executing VM operation: CollectForMetadataAllocation (Metadata GC Threshold) done
Event: 6.676 Executing VM operation: Cleanup
Event: 7.777 Executing VM operation: Cleanup done
Event: 7.819 Executing VM operation: HandshakeAllThreads (Deoptimize)
Event: 7.819 Executing VM operation: HandshakeAllThreads (Deoptimize) done
Event: 8.827 Executing VM operation: Cleanup
Event: 8.827 Executing VM operation: Cleanup done

Memory protections (0 events):
No events

Nmethod flushes (0 events):
No events

Events (20 events):
Event: 0.084 Thread 0x000001f7d74dbe60 Thread added: 0x000001f7f4006f20
Event: 0.084 Thread 0x000001f7d74dbe60 Thread added: 0x000001f7f4007970
Event: 0.084 Thread 0x000001f7d74dbe60 Thread added: 0x000001f7f402bff0
Event: 0.084 Thread 0x000001f7d74dbe60 Thread added: 0x000001f7f402eaf0
Event: 0.084 Thread 0x000001f7d74dbe60 Thread added: 0x000001f7f4030530
Event: 0.084 Thread 0x000001f7d74dbe60 Thread added: 0x000001f7f4032800
Event: 0.141 Thread 0x000001f7f4032800 Thread added: 0x000001f7f423c720
Event: 0.159 Thread 0x000001f7d74dbe60 Thread added: 0x000001f7f42a4d50
Event: 0.426 Thread 0x000001f7d74dbe60 Thread added: 0x000001f7f42a46c0
Event: 2.162 Thread 0x000001f7d74dbe60 Thread added: 0x000001f7f42a3310
Event: 2.526 Thread 0x000001f7d74dbe60 Thread added: 0x000001f7f42a2c80
Event: 2.535 Thread 0x000001f7d74dbe60 Thread added: 0x000001f7f42a39a0
Event: 2.668 Thread 0x000001f7f423c720 Thread exited: 0x000001f7f423c720
Event: 2.878 Thread 0x000001f7f42a39a0 Thread added: 0x000001f7f42a4030
Event: 3.853 Thread 0x000001f7f42a39a0 Thread added: 0x000001f7f42a1f60
Event: 4.308 Thread 0x000001f7f4032800 Thread added: 0x000001f7f4e72270
Event: 4.474 Thread 0x000001f7f42a39a0 Thread added: 0x000001f7f42a25f0
Event: 4.513 Thread 0x000001f7f42a39a0 Thread added: 0x000001f7f4f76750
Event: 5.607 Thread 0x000001f7f42a39a0 Thread added: 0x000001f7f4f78820
Event: 8.403 Thread 0x000001f7f4f78820 Thread exited: 0x000001f7f4f78820


Dynamic libraries:
0x00007ff785bc0000 - 0x00007ff785bce000 	c:\Users\yuvra\.vscode\extensions\redhat.java-1.52.0-win32-x64\jre\21.0.9-win32-x86_64\bin\java.exe
0x00007ffd77c40000 - 0x00007ffd77ea8000 	C:\WINDOWS\SYSTEM32\ntdll.dll
0x00007ffd75f70000 - 0x00007ffd76039000 	C:\WINDOWS\System32\KERNEL32.DLL
0x00007ffd75300000 - 0x00007ffd756f1000 	C:\WINDOWS\System32\KERNELBASE.dll
0x00007ffd75080000 - 0x00007ffd751cb000 	C:\WINDOWS\System32\ucrtbase.dll
0x00007ffd34070000 - 0x00007ffd3408e000 	c:\Users\yuvra\.vscode\extensions\redhat.java-1.52.0-win32-x64\jre\21.0.9-win32-x86_64\bin\VCRUNTIME140.dll
0x00007ffd1eeb0000 - 0x00007ffd1eec8000 	c:\Users\yuvra\.vscode\extensions\redhat.java-1.52.0-win32-x64\jre\21.0.9-win32-x86_64\bin\jli.dll
0x00007ffd759e0000 - 0x00007ffd75ba6000 	C:\WINDOWS\System32\USER32.dll
0x00007ffd759b0000 - 0x00007ffd759d7000 	C:\WINDOWS\System32\win32u.dll
0x00007ffd75bc0000 - 0x00007ffd75beb000 	C:\WINDOWS\System32\GDI32.dll
0x00007ffd751d0000 - 0x00007ffd752fb000 	C:\WINDOWS\System32\gdi32full.dll
0x00007ffd75870000 - 0x00007ffd75913000 	C:\WINDOWS\System32\msvcp_win.dll
0x00007ffd59c70000 - 0x00007ffd59f03000 	C:\WINDOWS\WinSxS\amd64_microsoft.windows.common-controls_6595b64144ccf1df_6.0.26100.7705_none_3e06597ae3363b04\COMCTL32.dll
0x00007ffd75e80000 - 0x00007ffd75f29000 	C:\WINDOWS\System32\msvcrt.dll
0x00007ffd75f30000 - 0x00007ffd75f61000 	C:\WINDOWS\System32\IMM32.DLL
0x00007ffd4de10000 - 0x00007ffd4de1c000 	c:\Users\yuvra\.vscode\extensions\redhat.java-1.52.0-win32-x64\jre\21.0.9-win32-x86_64\bin\vcruntime140_1.dll
0x00007ffd1a210000 - 0x00007ffd1a29d000 	c:\Users\yuvra\.vscode\extensions\redhat.java-1.52.0-win32-x64\jre\21.0.9-win32-x86_64\bin\msvcp140.dll
0x00007ffc8cc20000 - 0x00007ffc8d9c0000 	c:\Users\yuvra\.vscode\extensions\redhat.java-1.52.0-win32-x64\jre\21.0.9-win32-x86_64\bin\server\jvm.dll
0x00007ffd77600000 - 0x00007ffd776b4000 	C:\WINDOWS\System32\ADVAPI32.dll
0x00007ffd776c0000 - 0x00007ffd77766000 	C:\WINDOWS\System32\sechost.dll
0x00007ffd75bf0000 - 0x00007ffd75d08000 	C:\WINDOWS\System32\RPCRT4.dll
0x00007ffd76500000 - 0x00007ffd76574000 	C:\WINDOWS\System32\WS2_32.dll
0x00007ffd74380000 - 0x00007ffd743de000 	C:\WINDOWS\SYSTEM32\POWRPROF.dll
0x00007ffd6cd20000 - 0x00007ffd6cd55000 	C:\WINDOWS\SYSTEM32\WINMM.dll
0x00007ffd6e680000 - 0x00007ffd6e68b000 	C:\WINDOWS\SYSTEM32\VERSION.dll
0x00007ffd74360000 - 0x00007ffd74374000 	C:\WINDOWS\SYSTEM32\UMPDC.dll
0x00007ffd732d0000 - 0x00007ffd732eb000 	C:\WINDOWS\SYSTEM32\kernel.appcore.dll
0x00007ffd3a0e0000 - 0x00007ffd3a0ea000 	c:\Users\yuvra\.vscode\extensions\redhat.java-1.52.0-win32-x64\jre\21.0.9-win32-x86_64\bin\jimage.dll
0x00007ffd72590000 - 0x00007ffd727d2000 	C:\WINDOWS\SYSTEM32\DBGHELP.DLL
0x00007ffd76580000 - 0x00007ffd76906000 	C:\WINDOWS\System32\combase.dll
0x00007ffd761c0000 - 0x00007ffd76297000 	C:\WINDOWS\System32\OLEAUT32.dll
0x00007ffd58220000 - 0x00007ffd5825b000 	C:\WINDOWS\SYSTEM32\dbgcore.DLL
0x00007ffd74fd0000 - 0x00007ffd75075000 	C:\WINDOWS\System32\bcryptPrimitives.dll
0x00007ffd3a010000 - 0x00007ffd3a01f000 	c:\Users\yuvra\.vscode\extensions\redhat.java-1.52.0-win32-x64\jre\21.0.9-win32-x86_64\bin\instrument.dll
0x00007ffd1e6b0000 - 0x00007ffd1e6d0000 	c:\Users\yuvra\.vscode\extensions\redhat.java-1.52.0-win32-x64\jre\21.0.9-win32-x86_64\bin\java.dll
0x00007ffd76a90000 - 0x00007ffd771e1000 	C:\WINDOWS\System32\SHELL32.dll
0x00007ffd75700000 - 0x00007ffd7586a000 	C:\WINDOWS\System32\wintypes.dll
0x00007ffd74520000 - 0x00007ffd74d82000 	C:\WINDOWS\System32\windows.storage.dll
0x00007ffd771f0000 - 0x00007ffd772e6000 	C:\WINDOWS\System32\SHCORE.dll
0x00007ffd76150000 - 0x00007ffd761b7000 	C:\WINDOWS\System32\shlwapi.dll
0x00007ffd74440000 - 0x00007ffd74469000 	C:\WINDOWS\SYSTEM32\profapi.dll
0x00007ffd1e250000 - 0x00007ffd1e268000 	c:\Users\yuvra\.vscode\extensions\redhat.java-1.52.0-win32-x64\jre\21.0.9-win32-x86_64\bin\zip.dll
0x00007ffd3a0a0000 - 0x00007ffd3a0b0000 	C:\Users\yuvra\.vscode\extensions\redhat.java-1.52.0-win32-x64\jre\21.0.9-win32-x86_64\bin\net.dll
0x00007ffd6d800000 - 0x00007ffd6d927000 	C:\WINDOWS\SYSTEM32\WINHTTP.dll
0x00007ffd73840000 - 0x00007ffd738ab000 	C:\WINDOWS\system32\mswsock.dll
0x00007ffd1c790000 - 0x00007ffd1c7a6000 	C:\Users\yuvra\.vscode\extensions\redhat.java-1.52.0-win32-x64\jre\21.0.9-win32-x86_64\bin\nio.dll
0x00007ffd1eea0000 - 0x00007ffd1eeb0000 	c:\Users\yuvra\.vscode\extensions\redhat.java-1.52.0-win32-x64\jre\21.0.9-win32-x86_64\bin\verify.dll
0x00007ffd1e0a0000 - 0x00007ffd1e0e5000 	C:\Users\yuvra\AppData\Roaming\Code\User\globalStorage\redhat.java\1.52.0\config_ss_win\org.eclipse.equinox.launcher\org.eclipse.equinox.launcher.win32.win32.x86_64_1.2.1500.v20260121-1430\eclipse_11919.dll
0x00007ffd773e0000 - 0x00007ffd77577000 	C:\WINDOWS\System32\ole32.dll
0x00007ffd73b00000 - 0x00007ffd73b1b000 	C:\WINDOWS\SYSTEM32\CRYPTSP.dll
0x00007ffd73230000 - 0x00007ffd73269000 	C:\WINDOWS\system32\rsaenh.dll
0x00007ffd738f0000 - 0x00007ffd7391b000 	C:\WINDOWS\SYSTEM32\USERENV.dll
0x00007ffd74410000 - 0x00007ffd7443a000 	C:\WINDOWS\SYSTEM32\bcrypt.dll
0x00007ffd73b20000 - 0x00007ffd73b2c000 	C:\WINDOWS\SYSTEM32\CRYPTBASE.dll

JVMTI agents:
c:\Users\yuvra\.vscode\extensions\redhat.java-1.52.0-win32-x64\lombok\lombok-1.18.39-4050.jar path:c:\Users\yuvra\.vscode\extensions\redhat.java-1.52.0-win32-x64\jre\21.0.9-win32-x86_64\bin\instrument.dll, loaded, initialized, instrumentlib options:none

dbghelp: loaded successfully - version: 4.0.5 - missing functions: none
symbol engine: initialized successfully - sym options: 0x614 - pdb path: .;c:\Users\yuvra\.vscode\extensions\redhat.java-1.52.0-win32-x64\jre\21.0.9-win32-x86_64\bin;C:\WINDOWS\SYSTEM32;C:\WINDOWS\WinSxS\amd64_microsoft.windows.common-controls_6595b64144ccf1df_6.0.26100.7705_none_3e06597ae3363b04;c:\Users\yuvra\.vscode\extensions\redhat.java-1.52.0-win32-x64\jre\21.0.9-win32-x86_64\bin\server;C:\Users\yuvra\AppData\Roaming\Code\User\globalStorage\redhat.java\1.52.0\config_ss_win\org.eclipse.equinox.launcher\org.eclipse.equinox.launcher.win32.win32.x86_64_1.2.1500.v20260121-1430

VM Arguments:
jvm_args: --add-modules=ALL-SYSTEM --add-opens=java.base/java.util=ALL-UNNAMED --add-opens=java.base/java.lang=ALL-UNNAMED --add-opens=java.base/sun.nio.fs=ALL-UNNAMED -Declipse.application=org.eclipse.jdt.ls.core.id1 -Dosgi.bundles.defaultStartLevel=4 -Declipse.product=org.eclipse.jdt.ls.core.product -Djava.import.generatesMetadataFilesAtProjectRoot=false -DDetectVMInstallationsJob.disabled=true -Dfile.encoding=utf8 -XX:+UseParallelGC -XX:GCTimeRatio=4 -XX:AdaptiveSizePolicyWeight=90 -Dsun.zip.disableMemoryMapping=true -Xmx2G -Xms100m -Xlog:disable -javaagent:c:\Users\yuvra\.vscode\extensions\redhat.java-1.52.0-win32-x64\lombok\lombok-1.18.39-4050.jar 
java_command: c:\Users\yuvra\.vscode\extensions\redhat.java-1.52.0-win32-x64\server\plugins\org.eclipse.equinox.launcher_1.7.100.v20251111-0406.jar -configuration c:\Users\yuvra\AppData\Roaming\Code\User\globalStorage\redhat.java\1.52.0\config_ss_win -data c:\Users\yuvra\AppData\Roaming\Code\User\workspaceStorage\0a1f5ded30702ee74c7291de2031bb62\redhat.java\ss_ws --pipe=\\.\pipe\lsp-70c5aeb5ef26f7f5ed29a767b98daebc-sock
java_class_path (initial): c:\Users\yuvra\.vscode\extensions\redhat.java-1.52.0-win32-x64\server\plugins\org.eclipse.equinox.launcher_1.7.100.v20251111-0406.jar
Launcher Type: SUN_STANDARD

[Global flags]
    uintx AdaptiveSizePolicyWeight                 = 90                                        {product} {command line}
     intx CICompilerCount                          = 4                                         {product} {ergonomic}
    uintx GCTimeRatio                              = 4                                         {product} {command line}
   size_t InitialHeapSize                          = 104857600                                 {product} {command line}
   size_t MaxHeapSize                              = 2147483648                                {product} {command line}
   size_t MaxNewSize                               = 715653120                                 {product} {ergonomic}
   size_t MinHeapDeltaBytes                        = 524288                                    {product} {ergonomic}
   size_t MinHeapSize                              = 104857600                                 {product} {command line}
   size_t NewSize                                  = 34603008                                  {product} {ergonomic}
    uintx NonNMethodCodeHeapSize                   = 5839372                                {pd product} {ergonomic}
    uintx NonProfiledCodeHeapSize                  = 122909434                              {pd product} {ergonomic}
   size_t OldSize                                  = 70254592                                  {product} {ergonomic}
    uintx ProfiledCodeHeapSize                     = 122909434                              {pd product} {ergonomic}
    uintx ReservedCodeCacheSize                    = 251658240                              {pd product} {ergonomic}
     bool SegmentedCodeCache                       = true                                      {product} {ergonomic}
   size_t SoftMaxHeapSize                          = 2147483648                             {manageable} {ergonomic}
     bool UseCompressedOops                        = true                           {product lp64_product} {ergonomic}
     bool UseLargePagesIndividualAllocation        = false                                  {pd product} {ergonomic}
     bool UseParallelGC                            = true                                      {product} {command line}

Logging:
Log output configuration:
 #0: stdout all=off uptime,level,tags foldmultilines=false
 #1: stderr all=off uptime,level,tags foldmultilines=false

Release file:
JAVA_VERSION="21.0.9" 
MODULES="java.base java.compiler java.datatransfer java.xml java.prefs java.desktop java.instrument java.logging java.management java.security.sasl java.naming java.rmi java.management.rmi java.net.http java.scripting java.security.jgss java.transaction.xa java.sql java.sql.rowset java.xml.crypto java.se java.smartcardio jdk.accessibility jdk.internal.jvmstat jdk.attach jdk.charsets jdk.internal.opt jdk.zipfs jdk.compiler jdk.crypto.ec jdk.crypto.cryptoki jdk.crypto.mscapi jdk.dynalink jdk.internal.ed jdk.editpad jdk.hotspot.agent jdk.httpserver jdk.internal.le jdk.internal.vm.ci jdk.internal.vm.compiler jdk.internal.vm.compiler.management jdk.jartool jdk.javadoc jdk.jcmd jdk.management jdk.management.agent jdk.jconsole jdk.jdeps jdk.jdwp.agent jdk.jdi jdk.jfr jdk.jshell jdk.jsobject jdk.jstatd jdk.localedata jdk.management.jfr jdk.naming.dns jdk.naming.rmi jdk.net jdk.nio.mapmode jdk.random jdk.sctp jdk.security.auth jdk.security.jgss jdk.unsupported jdk.unsupported.desktop jdk.xml.dom" 

Environment Variables:
PATH=C:\Python313\Scripts\;C:\Python313\;C:\ProgramData\Oracle\Java\javapath;C:\Program Files\Microsoft MPI\Bin\;C:\WINDOWS\system32;C:\WINDOWS;C:\WINDOWS\System32\Wbem;C:\WINDOWS\System32\WindowsPowerShell\v1.0\;C:\WINDOWS\System32\OpenSSH\;C:\MinGW\bin;C:\Program Files (x86)\Microsoft SQL Server\160\Tools\Binn\;C:\Program Files\Microsoft SQL Server\160\Tools\Binn\;C:\Program Files\Microsoft SQL Server\Client SDK\ODBC\170\Tools\Binn\;C:\Program Files\Microsoft SQL Server\160\DTS\Binn\;C:\Program Files (x86)\Microsoft SQL Server\160\DTS\Binn\;C:\Program Files\Azure Data Studio\bin;C:\Program Files\Java\jdk1.8.0_77\bin;C:\ProgramData\ComposerSetup\bin;C:\wamp64\bin\php\php8.0.26;C:\ProgramData\chocolatey\bin;C:\Program Files\nodejs\;C:\Program Files\Git\cmd;C:\Users\yuvra\AppData\Local\Programs\Python\Launcher\;C:\Users\yuvra\AppData\Local\Microsoft\WindowsApps;C:\Users\yuvra\AppData\Local\Programs\Microsoft VS Code\bin;C:\Program Files\Azure Data Studio\bin;C:\ProgramData\ComposerSetup\bin;C:\Users\yuvra\AppData\Roaming\Composer\vendor\bin;C:\Users\yuvra\AppData\Roaming\npm;C:\Users\yuvra\AppData\Local\Programs\Antigravity\bin
USERNAME=yuvra
OS=Windows_NT
PROCESSOR_IDENTIFIER=AMD64 Family 23 Model 104 Stepping 1, AuthenticAMD
TMP=C:\Users\yuvra\AppData\Local\Temp
TEMP=C:\Users\yuvra\AppData\Local\Temp




Periodic native trim disabled

---------------  S Y S T E M  ---------------

OS:
 Windows 11 , 64 bit Build 26100 (10.0.26100.7705)
OS uptime: 2 days 1:51 hours
Hyper-V role detected

CPU: total 12 (initial active 12) (12 cores per cpu, 2 threads per core) family 23 model 104 stepping 1 microcode 0x8608109, cx8, cmov, fxsr, ht, mmx, 3dnowpref, sse, sse2, sse3, ssse3, sse4a, sse4.1, sse4.2, popcnt, lzcnt, tsc, tscinvbit, avx, avx2, aes, clmul, bmi1, bmi2, adx, sha, fma, vzeroupper, clflush, clflushopt, hv, rdtscp, rdpid, f16c
Processor Information for processor 0
  Max Mhz: 2100, Current Mhz: 2100, Mhz Limit: 2100
Processor Information for processor 1
  Max Mhz: 2100, Current Mhz: 2100, Mhz Limit: 2100
Processor Information for processor 2
  Max Mhz: 2100, Current Mhz: 2100, Mhz Limit: 2100
Processor Information for processor 3
  Max Mhz: 2100, Current Mhz: 1700, Mhz Limit: 2100
Processor Information for processor 4
  Max Mhz: 2100, Current Mhz: 2100, Mhz Limit: 2100
Processor Information for processor 5
  Max Mhz: 2100, Current Mhz: 2100, Mhz Limit: 2100
Processor Information for processor 6
  Max Mhz: 2100, Current Mhz: 1700, Mhz Limit: 2100
Processor Information for processor 7
  Max Mhz: 2100, Current Mhz: 2100, Mhz Limit: 2100
Processor Information for processor 8
  Max Mhz: 2100, Current Mhz: 2100, Mhz Limit: 2100
Processor Information for processor 9
  Max Mhz: 2100, Current Mhz: 2100, Mhz Limit: 2100
Processor Information for processor 10
  Max Mhz: 2100, Current Mhz: 2100, Mhz Limit: 2100
Processor Information for processor 11
  Max Mhz: 2100, Current Mhz: 2100, Mhz Limit: 2100

Memory: 4k page, system-wide physical 5989M (574M free)
TotalPageFile size 24421M (AvailPageFile size 25M)
current process WorkingSet (physical memory assigned to process): 151M, peak: 154M
current process commit charge ("private bytes"): 291M, peak: 293M

vm_info: OpenJDK 64-Bit Server VM (21.0.9+10-LTS) for windows-amd64 JRE (21.0.9+10-LTS), built on 2025-10-21T00:00:00Z by "admin" with unknown MS VC++:1942

END.
